Archive member included to satisfy reference by file (symbol)

/Users/Nima/.pico-sdk/toolchain/14_2_Rel1/bin/../lib/gcc/arm-none-eabi/14.2.1/../../../../arm-none-eabi/lib/thumb/v8-m.main+fp/softfp/libm.a(libm_a-wf_sqrt.o)
                              CMakeFiles/blink.dir/Users/Nima/.pico-sdk/sdk/2.2.0/src/rp2_common/pico_float/float_math.c.o (sqrtf)
/Users/Nima/.pico-sdk/toolchain/14_2_Rel1/bin/../lib/gcc/arm-none-eabi/14.2.1/../../../../arm-none-eabi/lib/thumb/v8-m.main+fp/softfp/libm.a(libm_a-ef_sqrt.o)
                              /Users/Nima/.pico-sdk/toolchain/14_2_Rel1/bin/../lib/gcc/arm-none-eabi/14.2.1/../../../../arm-none-eabi/lib/thumb/v8-m.main+fp/softfp/libm.a(libm_a-wf_sqrt.o) (__ieee754_sqrtf)
/Users/Nima/.pico-sdk/toolchain/14_2_Rel1/bin/../lib/gcc/arm-none-eabi/14.2.1/thumb/v8-m.main+fp/softfp/libgcc.a(_arm_addsubdf3.o)
                              CMakeFiles/blink.dir/Users/Nima/.pico-sdk/sdk/2.2.0/src/rp2_common/pico_float/float_math.c.o (__aeabi_f2d)
/Users/Nima/.pico-sdk/toolchain/14_2_Rel1/bin/../lib/gcc/arm-none-eabi/14.2.1/thumb/v8-m.main+fp/softfp/libgcc.a(_aeabi_ldivmod.o)
                              CMakeFiles/blink.dir/Users/Nima/.pico-sdk/sdk/2.2.0/src/common/pico_time/time.c.o (__aeabi_ldivmod)
/Users/Nima/.pico-sdk/toolchain/14_2_Rel1/bin/../lib/gcc/arm-none-eabi/14.2.1/thumb/v8-m.main+fp/softfp/libgcc.a(_aeabi_uldivmod.o)
                              CMakeFiles/blink.dir/Users/Nima/.pico-sdk/sdk/2.2.0/src/rp2_common/hardware_clocks/clocks.c.o (__aeabi_uldivmod)
/Users/Nima/.pico-sdk/toolchain/14_2_Rel1/bin/../lib/gcc/arm-none-eabi/14.2.1/thumb/v8-m.main+fp/softfp/libgcc.a(_udivmoddi4.o)
                              /Users/Nima/.pico-sdk/toolchain/14_2_Rel1/bin/../lib/gcc/arm-none-eabi/14.2.1/thumb/v8-m.main+fp/softfp/libgcc.a(_aeabi_ldivmod.o) (__udivmoddi4)
/Users/Nima/.pico-sdk/toolchain/14_2_Rel1/bin/../lib/gcc/arm-none-eabi/14.2.1/thumb/v8-m.main+fp/softfp/libgcc.a(_dvmd_tls.o)
                              /Users/Nima/.pico-sdk/toolchain/14_2_Rel1/bin/../lib/gcc/arm-none-eabi/14.2.1/thumb/v8-m.main+fp/softfp/libgcc.a(_aeabi_ldivmod.o) (__aeabi_ldiv0)
/Users/Nima/.pico-sdk/toolchain/14_2_Rel1/bin/../lib/gcc/arm-none-eabi/14.2.1/../../../../arm-none-eabi/lib/thumb/v8-m.main+fp/softfp/libg.a(libc_a-calloc.o)
                              CMakeFiles/blink.dir/Users/Nima/.pico-sdk/sdk/2.2.0/src/rp2_common/pico_malloc/malloc.c.o (calloc)
/Users/Nima/.pico-sdk/toolchain/14_2_Rel1/bin/../lib/gcc/arm-none-eabi/14.2.1/../../../../arm-none-eabi/lib/thumb/v8-m.main+fp/softfp/libg.a(libc_a-callocr.o)
                              /Users/Nima/.pico-sdk/toolchain/14_2_Rel1/bin/../lib/gcc/arm-none-eabi/14.2.1/../../../../arm-none-eabi/lib/thumb/v8-m.main+fp/softfp/libg.a(libc_a-calloc.o) (_calloc_r)
/Users/Nima/.pico-sdk/toolchain/14_2_Rel1/bin/../lib/gcc/arm-none-eabi/14.2.1/../../../../arm-none-eabi/lib/thumb/v8-m.main+fp/softfp/libg.a(libc_a-malloc.o)
                              CMakeFiles/blink.dir/Users/Nima/.pico-sdk/sdk/2.2.0/src/rp2_common/pico_malloc/malloc.c.o (malloc)
/Users/Nima/.pico-sdk/toolchain/14_2_Rel1/bin/../lib/gcc/arm-none-eabi/14.2.1/../../../../arm-none-eabi/lib/thumb/v8-m.main+fp/softfp/libg.a(libc_a-mallocr.o)
                              /Users/Nima/.pico-sdk/toolchain/14_2_Rel1/bin/../lib/gcc/arm-none-eabi/14.2.1/../../../../arm-none-eabi/lib/thumb/v8-m.main+fp/softfp/libg.a(libc_a-callocr.o) (_malloc_r)
/Users/Nima/.pico-sdk/toolchain/14_2_Rel1/bin/../lib/gcc/arm-none-eabi/14.2.1/../../../../arm-none-eabi/lib/thumb/v8-m.main+fp/softfp/libg.a(libc_a-mlock.o)
                              /Users/Nima/.pico-sdk/toolchain/14_2_Rel1/bin/../lib/gcc/arm-none-eabi/14.2.1/../../../../arm-none-eabi/lib/thumb/v8-m.main+fp/softfp/libg.a(libc_a-mallocr.o) (__malloc_lock)
/Users/Nima/.pico-sdk/toolchain/14_2_Rel1/bin/../lib/gcc/arm-none-eabi/14.2.1/../../../../arm-none-eabi/lib/thumb/v8-m.main+fp/softfp/libg.a(libc_a-realloc.o)
                              CMakeFiles/blink.dir/Users/Nima/.pico-sdk/sdk/2.2.0/src/rp2_common/pico_malloc/malloc.c.o (realloc)
/Users/Nima/.pico-sdk/toolchain/14_2_Rel1/bin/../lib/gcc/arm-none-eabi/14.2.1/../../../../arm-none-eabi/lib/thumb/v8-m.main+fp/softfp/libg.a(libc_a-reallocr.o)
                              /Users/Nima/.pico-sdk/toolchain/14_2_Rel1/bin/../lib/gcc/arm-none-eabi/14.2.1/../../../../arm-none-eabi/lib/thumb/v8-m.main+fp/softfp/libg.a(libc_a-realloc.o) (_realloc_r)
/Users/Nima/.pico-sdk/toolchain/14_2_Rel1/bin/../lib/gcc/arm-none-eabi/14.2.1/../../../../arm-none-eabi/lib/thumb/v8-m.main+fp/softfp/libg.a(libc_a-memcmp.o)
                              CMakeFiles/blink.dir/Users/Nima/.pico-sdk/sdk/2.2.0/src/rp2_common/pico_atomic/atomic.c.o (memcmp)
/Users/Nima/.pico-sdk/toolchain/14_2_Rel1/bin/../lib/gcc/arm-none-eabi/14.2.1/../../../../arm-none-eabi/lib/thumb/v8-m.main+fp/softfp/libg.a(libc_a-memmove.o)
[...]
Memory Configuration

Name             Origin             Length             Attributes
FLASH            0x10000000         0x00400000         xr
RAM              0x20000000         0x00080000         xrw
SCRATCH_X        0x20080000         0x00001000         xrw
SCRATCH_Y        0x20081000         0x00001000         xrw
*default*        0x00000000         0xffffffff

Linker script and memory map

LOAD /Users/Nima/.pico-sdk/toolchain/14_2_Rel1/bin/../lib/gcc/arm-none-eabi/14.2.1/thumb/v8-m.main+fp/softfp/crti.o
LOAD /Users/Nima/.pico-sdk/toolchain/14_2_Rel1/bin/../lib/gcc/arm-none-eabi/14.2.1/thumb/v8-m.main+fp/softfp/crtbegin.o
LOAD /Users/Nima/.pico-sdk/toolchain/14_2_Rel1/bin/../lib/gcc/arm-none-eabi/14.2.1/../../../../arm-none-eabi/lib/thumb/v8-m.main+fp/softfp/crt0.o

.flash_begin    0x10000000        0x0
                0x10000000                        __flash_binary_start = .

.text           0x10000000     0x6110
                0x10000000                        __logical_binary_start = .
 *(.vectors)
 .vectors       0x10000000      0x124 CMakeFiles/blink.dir/Users/Nima/.pico-sdk/sdk/2.2.0/src/rp2_common/pico_crt0/crt0.S.o
                0x10000000                __VECTOR_TABLE
                0x10000000                __vectors
                0x10000110                __unhandled_user_irq
                0x10000110                isr_irq49
                0x10000110                isr_irq13
                0x10000110                isr_irq43
                0x10000110                isr_irq45
                0x10000110                isr_irq27
                0x10000110                isr_irq32
                0x10000110                isr_irq31
                0x10000110                isr_irq5
                0x10000110                isr_irq11
                0x10000110                isr_irq23
                0x10000110                isr_usagefault
                0x10000110                isr_irq48
                0x10000110                isr_irq35
                0x10000110                isr_irq18
                0x10000110                isr_irq50
                0x10000110                isr_irq9
                0x10000110                isr_irq30
                0x10000110                isr_irq16
                0x10000110                isr_irq44
                0x10000110                isr_irq29
                0x10000110                isr_irq26
                0x10000110                isr_irq33
                0x10000110                isr_irq3
                0x10000110                isr_irq12
                0x10000110                isr_securefault
                0x10000110                isr_irq40
                0x10000110                isr_irq28
                0x10000110                isr_irq19
                0x10000110                isr_irq36
                0x10000110                isr_irq41
                0x10000110                isr_irq0
                0x10000110                isr_irq6
                0x10000110                isr_memmanage
                0x10000110                isr_irq37
                0x10000110                isr_irq42
                0x10000110                isr_irq22
                0x10000110                isr_irq17
                0x10000110                isr_irq38
                0x10000110                isr_irq14
                0x10000110                __vectors_end
                0x10000110                __default_isrs_start
                0x10000110                isr_irq2
                0x10000110                isr_irq10
                0x10000110                isr_irq8
                0x10000110                isr_debugmonitor
                0x10000110                isr_irq24
                0x10000110                isr_irq46
                0x10000110                isr_irq1
                0x10000110                isr_irq47
                0x10000110                isr_irq51
                0x10000110                isr_irq7
                0x10000110                isr_irq21
                0x10000110                isr_irq39
                0x10000110                isr_irq20
                0x10000110                isr_irq15
                0x10000110                isr_irq25
                0x10000110                isr_irq34
                0x10000110                isr_irq4
                0x10000110                isr_busfault
                0x10000116                unhandled_user_irq_num_in_r0
                0x10000118                isr_invalid
                0x1000011a                isr_nmi
                0x1000011c                isr_hardfault
                0x1000011e                isr_svcall
                0x10000120                isr_pendsv
                0x10000122                isr_systick
                0x10000124                __default_isrs_end
 *(.binary_info_header)
 .binary_info_header
                0x10000124       0x14 CMakeFiles/blink.dir/Users/Nima/.pico-sdk/sdk/2.2.0/src/rp2_common/pico_crt0/crt0.S.o
                0x10000138                        __binary_info_header_end = .
 *(.embedded_block)
 .embedded_block
                0x10000138       0x14 CMakeFiles/blink.dir/Users/Nima/.pico-sdk/sdk/2.2.0/src/rp2_common/pico_crt0/crt0.S.o
                0x1000014c                        __embedded_block_end = .
 *(.reset)
 .reset         0x1000014c       0x98 CMakeFiles/blink.dir/Users/Nima/.pico-sdk/sdk/2.2.0/src/rp2_common/pico_crt0/crt0.S.o
                0x1000014c                _entry_point
 *(.init)
 .init          0x100001e4        0x4 /Users/Nima/.pico-sdk/toolchain/14_2_Rel1/bin/../lib/gcc/arm-none-eabi/14.2.1/thumb/v8-m.main+fp/softfp/crti.o
                0x100001e4                _init
 SORT_BY_NAME(REVERSE(*libgcc.a:cmse_nonsecure_call.o))()
 *(EXCLUDE_FILE(*libm.a: *libc.a:*lib_a-mem*.o *libgcc.a:) .text*)
 .text.register_tm_clones
                0x100001e8       0x28 /Users/Nima/.pico-sdk/toolchain/14_2_Rel1/bin/../lib/gcc/arm-none-eabi/14.2.1/thumb/v8-m.main+fp/softfp/crtbegin.o
 .text.frame_dummy
                0x10000210       0x24 /Users/Nima/.pico-sdk/toolchain/14_2_Rel1/bin/../lib/gcc/arm-none-eabi/14.2.1/thumb/v8-m.main+fp/softfp/crtbegin.o
 .text.main     0x10000234       0x40 CMakeFiles/blink.dir/blink.cpp.o
                0x10000234                main
 .text.panic    0x10000274       0x30 CMakeFiles/blink.dir/Users/Nima/.pico-sdk/sdk/2.2.0/src/rp2_common/pico_platform_panic/panic.c.o
                0x10000274                panic
 .text.hw_claim_lock
                0x100002a4       0x24 CMakeFiles/blink.dir/Users/Nima/.pico-sdk/sdk/2.2.0/src/common/hardware_claim/claim.c.o
                0x100002a4                hw_claim_lock
 .text.hw_claim_unlock
                0x100002c8       0x14 CMakeFiles/blink.dir/Users/Nima/.pico-sdk/sdk/2.2.0/src/common/hardware_claim/claim.c.o
                0x100002c8                hw_claim_unlock
 .text.hw_claim_or_assert
                0x100002dc       0x32 CMakeFiles/blink.dir/Users/Nima/.pico-sdk/sdk/2.2.0/src/common/hardware_claim/claim.c.o
                0x100002dc                hw_claim_or_assert
 .text.hw_claim_unused_from_range
                0x1000030e       0x4e CMakeFiles/blink.dir/Users/Nima/.pico-sdk/sdk/2.2.0/src/common/hardware_claim/claim.c.o
                0x1000030e                hw_claim_unused_from_range
 .text.next_striped_spin_lock_num
                0x1000035c       0x1c CMakeFiles/blink.dir/Users/Nima/.pico-sdk/sdk/2.2.0/src/rp2_common/hardware_sync/sync.c.o
                0x1000035c                next_striped_spin_lock_num
 .text.spin_lock_claim_unused
                0x10000378       0x24 CMakeFiles/blink.dir/Users/Nima/.pico-sdk/sdk/2.2.0/src/rp2_common/hardware_sync/sync.c.o
                0x10000378                spin_lock_claim_unused
 .text.spinlock_set_extexclall
                0x1000039c        0xe CMakeFiles/blink.dir/Users/Nima/.pico-sdk/sdk/2.2.0/src/rp2_common/hardware_sync_spin_lock/sync_spin_lock.c.o
 *fill*         0x100003aa        0x2 
 .text.spin_locks_reset
                0x100003ac       0x1c CMakeFiles/blink.dir/Users/Nima/.pico-sdk/sdk/2.2.0/src/rp2_common/hardware_sync_spin_lock/sync_spin_lock.c.o
                0x100003ac                spin_locks_reset
 .text.set_raw_irq_handler_and_unlock
                0x100003c8       0x24 CMakeFiles/blink.dir/Users/Nima/.pico-sdk/sdk/2.2.0/src/rp2_common/hardware_irq/irq.c.o
 .text.nvic_ipr0
                0x100003ec        0x8 CMakeFiles/blink.dir/Users/Nima/.pico-sdk/sdk/2.2.0/src/rp2_common/hardware_irq/irq.c.o
 .text.runtime_init_per_core_irq_priorities
                0x100003f4       0x1c CMakeFiles/blink.dir/Users/Nima/.pico-sdk/sdk/2.2.0/src/rp2_common/hardware_irq/irq.c.o
                0x100003f4                runtime_init_per_core_irq_priorities
 .text.resolve_j_16
                0x10000410       0x40 CMakeFiles/blink.dir/Users/Nima/.pico-sdk/sdk/2.2.0/src/rp2_common/hardware_irq/irq.c.o
 .text.make_j_16
                0x10000450       0x3c CMakeFiles/blink.dir/Users/Nima/.pico-sdk/sdk/2.2.0/src/rp2_common/hardware_irq/irq.c.o
 .text.irq_is_enabled
                0x1000048c       0x20 CMakeFiles/blink.dir/Users/Nima/.pico-sdk/sdk/2.2.0/src/rp2_common/hardware_irq/irq.c.o
                0x1000048c                irq_is_enabled
 .text.irq_set_mask_n_enabled
                0x100004ac       0x20 CMakeFiles/blink.dir/Users/Nima/.pico-sdk/sdk/2.2.0/src/rp2_common/hardware_irq/irq.c.o
                0x100004ac                irq_set_mask_n_enabled
 .text.irq_set_enabled
                0x100004cc       0x14 CMakeFiles/blink.dir/Users/Nima/.pico-sdk/sdk/2.2.0/src/rp2_common/hardware_irq/irq.c.o
                0x100004cc                irq_set_enabled
 .text.irq_set_pending
                0x100004e0       0x18 CMakeFiles/blink.dir/Users/Nima/.pico-sdk/sdk/2.2.0/src/rp2_common/hardware_irq/irq.c.o
                0x100004e0                irq_set_pending
 .text.irq_get_vtable_handler
                0x100004f8       0x10 CMakeFiles/blink.dir/Users/Nima/.pico-sdk/sdk/2.2.0/src/rp2_common/hardware_irq/irq.c.o
                0x100004f8                irq_get_vtable_handler
 .text.irq_has_shared_handler
                0x10000508       0x18 CMakeFiles/blink.dir/Users/Nima/.pico-sdk/sdk/2.2.0/src/rp2_common/hardware_irq/irq.c.o
                0x10000508                irq_has_shared_handler
 .text.irq_set_exclusive_handler
                0x10000520       0x60 CMakeFiles/blink.dir/Users/Nima/.pico-sdk/sdk/2.2.0/src/rp2_common/hardware_irq/irq.c.o
                0x10000520                irq_set_exclusive_handler
 .text.irq_add_shared_handler
                0x10000580      0x234 CMakeFiles/blink.dir/Users/Nima/.pico-sdk/sdk/2.2.0/src/rp2_common/hardware_irq/irq.c.o
                0x10000580                irq_add_shared_handler
 .text.irq_add_tail_to_free_list
                0x100007b4       0xf8 CMakeFiles/blink.dir/Users/Nima/.pico-sdk/sdk/2.2.0/src/rp2_common/hardware_irq/irq.c.o
                0x100007b4                irq_add_tail_to_free_list
 .text.user_irq_claim_unused
                0x100008ac       0x2c CMakeFiles/blink.dir/Users/Nima/.pico-sdk/sdk/2.2.0/src/rp2_common/hardware_irq/irq.c.o
                0x100008ac                user_irq_claim_unused
 .text.lock_init
                0x100008d8        0xc CMakeFiles/blink.dir/Users/Nima/.pico-sdk/sdk/2.2.0/src/common/pico_sync/lock_core.c.o
                0x100008d8                lock_init
 .text.mutex_init
                0x100008e4       0x1a CMakeFiles/blink.dir/Users/Nima/.pico-sdk/sdk/2.2.0/src/common/pico_sync/mutex.c.o
                0x100008e4                mutex_init
 .text.recursive_mutex_init
                0x100008fe       0x1e CMakeFiles/blink.dir/Users/Nima/.pico-sdk/sdk/2.2.0/src/common/pico_sync/mutex.c.o
                0x100008fe                recursive_mutex_init
 .text.runtime_init_mutex
                0x1000091c       0x4c CMakeFiles/blink.dir/Users/Nima/.pico-sdk/sdk/2.2.0/src/common/pico_sync/mutex.c.o
                0x1000091c                runtime_init_mutex
 .text.critical_section_init_with_lock_num
                0x10000968       0x10 CMakeFiles/blink.dir/Users/Nima/.pico-sdk/sdk/2.2.0/src/common/pico_sync/critical_section.c.o
                0x10000968                critical_section_init_with_lock_num
 .text.critical_section_init
                0x10000978       0x14 CMakeFiles/blink.dir/Users/Nima/.pico-sdk/sdk/2.2.0/src/common/pico_sync/critical_section.c.o
                0x10000978                critical_section_init
 .text.ta_from_current_irq
                0x1000098c       0x24 CMakeFiles/blink.dir/Users/Nima/.pico-sdk/sdk/2.2.0/src/common/pico_time/time.c.o
 .text.ta_set_timeout
                0x100009b0       0x2a CMakeFiles/blink.dir/Users/Nima/.pico-sdk/sdk/2.2.0/src/common/pico_time/time.c.o
 .text.make_alarm_id
                0x100009da        0x6 CMakeFiles/blink.dir/Users/Nima/.pico-sdk/sdk/2.2.0/src/common/pico_time/time.c.o
 .text.sleep_until_callback
                0x100009e0       0x3c CMakeFiles/blink.dir/Users/Nima/.pico-sdk/sdk/2.2.0/src/common/pico_time/time.c.o
 .text.alarm_pool_irq_handler
                0x10000a1c      0x2ec CMakeFiles/blink.dir/Users/Nima/.pico-sdk/sdk/2.2.0/src/common/pico_time/time.c.o
 .text.ta_enable_irq_handler
                0x10000d08       0x38 CMakeFiles/blink.dir/Users/Nima/.pico-sdk/sdk/2.2.0/src/common/pico_time/time.c.o
 .text.alarm_pool_post_alloc_init
                0x10000d40       0x7c CMakeFiles/blink.dir/Users/Nima/.pico-sdk/sdk/2.2.0/src/common/pico_time/time.c.o
 .text.alarm_pool_get_default
                0x10000dbc       0x28 CMakeFiles/blink.dir/Users/Nima/.pico-sdk/sdk/2.2.0/src/common/pico_time/time.c.o
                0x10000dbc                alarm_pool_get_default
 .text.alarm_pool_add_alarm_at_force_in_context
                0x10000de4       0xc0 CMakeFiles/blink.dir/Users/Nima/.pico-sdk/sdk/2.2.0/src/common/pico_time/time.c.o
                0x10000de4                alarm_pool_add_alarm_at_force_in_context
 .text.alarm_pool_add_alarm_at
                0x10000ea4       0x38 CMakeFiles/blink.dir/Users/Nima/.pico-sdk/sdk/2.2.0/src/common/pico_time/time.c.o
                0x10000ea4                alarm_pool_add_alarm_at
 .text.add_alarm_at
                0x10000edc       0x26 CMakeFiles/blink.dir/Users/Nima/.pico-sdk/sdk/2.2.0/src/common/pico_time/time.c.o
 .text.alarm_pool_cancel_alarm
                0x10000f02       0x72 CMakeFiles/blink.dir/Users/Nima/.pico-sdk/sdk/2.2.0/src/common/pico_time/time.c.o
                0x10000f02                alarm_pool_cancel_alarm
 .text.cancel_alarm
                0x10000f74       0x10 CMakeFiles/blink.dir/Users/Nima/.pico-sdk/sdk/2.2.0/src/common/pico_time/time.c.o
 .text.alarm_pool_core_num
                0x10000f84        0x4 CMakeFiles/blink.dir/Users/Nima/.pico-sdk/sdk/2.2.0/src/common/pico_time/time.c.o
                0x10000f84                alarm_pool_core_num
 .text.sleep_until
                0x10000f88       0xb4 CMakeFiles/blink.dir/Users/Nima/.pico-sdk/sdk/2.2.0/src/common/pico_time/time.c.o
                0x10000f88                sleep_until
 .text.sleep_us
                0x1000103c       0x24 CMakeFiles/blink.dir/Users/Nima/.pico-sdk/sdk/2.2.0/src/common/pico_time/time.c.o
                0x1000103c                sleep_us
 .text.sleep_ms
                0x10001060       0x28 CMakeFiles/blink.dir/Users/Nima/.pico-sdk/sdk/2.2.0/src/common/pico_time/time.c.o
                0x10001060                sleep_ms
 .text.best_effort_wfe_or_timeout
                0x10001088       0xfc CMakeFiles/blink.dir/Users/Nima/.pico-sdk/sdk/2.2.0/src/common/pico_time/time.c.o
                0x10001088                best_effort_wfe_or_timeout
 .text.alarm_pool_get_default_timer
                0x10001184        0x8 CMakeFiles/blink.dir/Users/Nima/.pico-sdk/sdk/2.2.0/src/common/pico_time/time.c.o
                0x10001184                alarm_pool_get_default_timer
 .text.runtime_init_default_alarm_pool
                0x1000118c       0x34 CMakeFiles/blink.dir/Users/Nima/.pico-sdk/sdk/2.2.0/src/common/pico_time/time.c.o
                0x1000118c                runtime_init_default_alarm_pool
 .text.timer_hardware_alarm_claim
                0x100011c0       0x24 CMakeFiles/blink.dir/Users/Nima/.pico-sdk/sdk/2.2.0/src/rp2_common/hardware_timer/timer.c.o
                0x100011c0                timer_hardware_alarm_claim
 .text.timer_time_us_64
                0x100011e4       0x10 CMakeFiles/blink.dir/Users/Nima/.pico-sdk/sdk/2.2.0/src/rp2_common/hardware_timer/timer.c.o
                0x100011e4                timer_time_us_64
 .text.timer_busy_wait_until
                0x100011f4       0x1a CMakeFiles/blink.dir/Users/Nima/.pico-sdk/sdk/2.2.0/src/rp2_common/hardware_timer/timer.c.o
                0x100011f4                timer_busy_wait_until
 *fill*         0x1000120e        0x2 
 .text.time_us_64
                0x10001210       0x10 CMakeFiles/blink.dir/Users/Nima/.pico-sdk/sdk/2.2.0/src/rp2_common/hardware_timer/timer.c.o
                0x10001210                time_us_64
 .text.busy_wait_until
                0x10001220       0x14 CMakeFiles/blink.dir/Users/Nima/.pico-sdk/sdk/2.2.0/src/rp2_common/hardware_timer/timer.c.o
                0x10001220                busy_wait_until
 .text.clock_configure_internal
                0x10001234       0xb8 CMakeFiles/blink.dir/Users/Nima/.pico-sdk/sdk/2.2.0/src/rp2_common/hardware_clocks/clocks.c.o
 .text.clock_configure_undivided
                0x100012ec       0x12 CMakeFiles/blink.dir/Users/Nima/.pico-sdk/sdk/2.2.0/src/rp2_common/hardware_clocks/clocks.c.o
                0x100012ec                clock_configure_undivided
 *fill*         0x100012fe        0x2 
 .text.clock_get_hz
                0x10001300        0xc CMakeFiles/blink.dir/Users/Nima/.pico-sdk/sdk/2.2.0/src/rp2_common/hardware_clocks/clocks.c.o
                0x10001300                clock_get_hz
 .text.pll_init
                0x1000130c      0x108 CMakeFiles/blink.dir/Users/Nima/.pico-sdk/sdk/2.2.0/src/rp2_common/hardware_pll/pll.c.o
                0x1000130c                pll_init
 .text.watchdog_update
                0x10001414       0x14 CMakeFiles/blink.dir/Users/Nima/.pico-sdk/sdk/2.2.0/src/rp2_common/hardware_watchdog/watchdog.c.o
                0x10001414                watchdog_update
 .text._watchdog_enable
                0x10001428       0x6c CMakeFiles/blink.dir/Users/Nima/.pico-sdk/sdk/2.2.0/src/rp2_common/hardware_watchdog/watchdog.c.o
                0x10001428                _watchdog_enable
 .text.watchdog_reboot
                0x10001494       0x44 CMakeFiles/blink.dir/Users/Nima/.pico-sdk/sdk/2.2.0/src/rp2_common/hardware_watchdog/watchdog.c.o
                0x10001494                watchdog_reboot
 .text.tick_start
                0x100014d8       0x1c CMakeFiles/blink.dir/Users/Nima/.pico-sdk/sdk/2.2.0/src/rp2_common/hardware_ticks/ticks.c.o
                0x100014d8                tick_start
 .text.rom_reboot
                0x100014f4       0x40 CMakeFiles/blink.dir/Users/Nima/.pico-sdk/sdk/2.2.0/src/rp2_common/pico_bootrom/bootrom.c.o
 .text.rom_func_lookup
                0x10001534       0x1e CMakeFiles/blink.dir/Users/Nima/.pico-sdk/sdk/2.2.0/src/rp2_common/pico_bootrom/bootrom.c.o
                0x10001534                rom_func_lookup
 .text.rom_reset_usb_boot_extra
                0x10001552       0x20 CMakeFiles/blink.dir/Users/Nima/.pico-sdk/sdk/2.2.0/src/rp2_common/pico_bootrom/bootrom.c.o
                0x10001552                rom_reset_usb_boot_extra
 *fill*         0x10001572        0x2 
 .text.runtime_init_bootrom_locking_enable
                0x10001574       0x14 CMakeFiles/blink.dir/Users/Nima/.pico-sdk/sdk/2.2.0/src/rp2_common/pico_bootrom/bootrom_lock.c.o
                0x10001574                runtime_init_bootrom_locking_enable
 .text.boot_locks_reset
                0x10001588       0x20 CMakeFiles/blink.dir/Users/Nima/.pico-sdk/sdk/2.2.0/src/rp2_common/hardware_boot_lock/boot_lock.c.o
                0x10001588                boot_locks_reset
 .text.runtime_init_boot_locks_reset
                0x100015a8        0x8 CMakeFiles/blink.dir/Users/Nima/.pico-sdk/sdk/2.2.0/src/rp2_common/hardware_boot_lock/boot_lock.c.o
                0x100015a8                runtime_init_boot_locks_reset
 .text.xosc_init
                0x100015b0       0x28 CMakeFiles/blink.dir/Users/Nima/.pico-sdk/sdk/2.2.0/src/rp2_common/hardware_xosc/xosc.c.o
                0x100015b0                xosc_init
 .text.runtime_run_initializers_from
                0x100015d8       0x18 CMakeFiles/blink.dir/Users/Nima/.pico-sdk/sdk/2.2.0/src/rp2_common/pico_runtime/runtime.c.o
 .text.first_per_core_initializer
                0x100015f0        0x2 CMakeFiles/blink.dir/Users/Nima/.pico-sdk/sdk/2.2.0/src/rp2_common/pico_runtime/runtime.c.o
 *fill*         0x100015f2        0x2 
 .text.runtime_run_initializers
                0x100015f4       0x10 CMakeFiles/blink.dir/Users/Nima/.pico-sdk/sdk/2.2.0/src/rp2_common/pico_runtime/runtime.c.o
                0x100015f4                runtime_run_initializers
 .text.runtime_init_early_resets
                0x10001604       0x2c CMakeFiles/blink.dir/Users/Nima/.pico-sdk/sdk/2.2.0/src/rp2_common/pico_runtime_init/runtime_init.c.o
                0x10001604                runtime_init_early_resets
 .text.runtime_init_usb_power_down
                0x10001630       0x20 CMakeFiles/blink.dir/Users/Nima/.pico-sdk/sdk/2.2.0/src/rp2_common/pico_runtime_init/runtime_init.c.o
                0x10001630                runtime_init_usb_power_down
 .text.runtime_init_per_core_enable_coprocessors
                0x10001650       0x1c CMakeFiles/blink.dir/Users/Nima/.pico-sdk/sdk/2.2.0/src/rp2_common/pico_runtime_init/runtime_init.c.o
                0x10001650                runtime_init_per_core_enable_coprocessors
 .text.runtime_init_post_clock_resets
                0x1000166c       0x20 CMakeFiles/blink.dir/Users/Nima/.pico-sdk/sdk/2.2.0/src/rp2_common/pico_runtime_init/runtime_init.c.o
                0x1000166c                runtime_init_post_clock_resets
 .text.runtime_init_bootrom_reset
                0x1000168c       0x12 CMakeFiles/blink.dir/Users/Nima/.pico-sdk/sdk/2.2.0/src/rp2_common/pico_runtime_init/runtime_init.c.o
                0x1000168c                runtime_init_bootrom_reset
 .text.runtime_init_per_core_bootrom_reset
                0x1000169e       0x12 CMakeFiles/blink.dir/Users/Nima/.pico-sdk/sdk/2.2.0/src/rp2_common/pico_runtime_init/runtime_init.c.o
                0x1000169e                runtime_init_per_core_bootrom_reset
 .text.runtime_init_spin_locks_reset
                0x100016b0        0x8 CMakeFiles/blink.dir/Users/Nima/.pico-sdk/sdk/2.2.0/src/rp2_common/pico_runtime_init/runtime_init.c.o
                0x100016b0                runtime_init_spin_locks_reset
 .text.runtime_init_install_ram_vector_table
                0x100016b8       0x48 CMakeFiles/blink.dir/Users/Nima/.pico-sdk/sdk/2.2.0/src/rp2_common/pico_runtime_init/runtime_init.c.o
                0x100016b8                runtime_init_install_ram_vector_table
 .text.start_all_ticks
                0x10001700       0x28 CMakeFiles/blink.dir/Users/Nima/.pico-sdk/sdk/2.2.0/src/rp2_common/pico_runtime_init/runtime_init_clocks.c.o
 .text.runtime_init_clocks
                0x10001728       0xc4 CMakeFiles/blink.dir/Users/Nima/.pico-sdk/sdk/2.2.0/src/rp2_common/pico_runtime_init/runtime_init_clocks.c.o
                0x10001728                runtime_init_clocks
 .text.__rp2350_dcp_engaged_state_save_restore
                0x100017ec       0x3a CMakeFiles/blink.dir/Users/Nima/.pico-sdk/sdk/2.2.0/src/rp2_common/pico_double/double_aeabi_dcp.S.o
 *fill*         0x10001826        0x2 
 .text.__wrap___aeabi_dadd
                0x10001828       0x28 CMakeFiles/blink.dir/Users/Nima/.pico-sdk/sdk/2.2.0/src/rp2_common/pico_double/double_aeabi_dcp.S.o
                0x10001830                __wrap___aeabi_dadd
 .text.__wrap___aeabi_dsub
                0x10001850       0x28 CMakeFiles/blink.dir/Users/Nima/.pico-sdk/sdk/2.2.0/src/rp2_common/pico_double/double_aeabi_dcp.S.o
                0x10001858                __wrap___aeabi_dsub
 .text.__wrap___aeabi_dmul
                0x10001878       0x4c CMakeFiles/blink.dir/Users/Nima/.pico-sdk/sdk/2.2.0/src/rp2_common/pico_double/double_aeabi_dcp.S.o
                0x10001880                __wrap___aeabi_dmul
 .text.__wrap___aeabi_ddiv
                0x100018c4       0x9c CMakeFiles/blink.dir/Users/Nima/.pico-sdk/sdk/2.2.0/src/rp2_common/pico_double/double_aeabi_dcp.S.o
                0x100018cc                __wrap___aeabi_ddiv
 .text.__wrap___aeabi_i2d
                0x10001960       0x24 CMakeFiles/blink.dir/Users/Nima/.pico-sdk/sdk/2.2.0/src/rp2_common/pico_double/double_aeabi_dcp.S.o
                0x10001968                __wrap___aeabi_i2d
                0x10001968                int2double
 .text.__wrap___aeabi_ui2d
                0x10001984       0x24 CMakeFiles/blink.dir/Users/Nima/.pico-sdk/sdk/2.2.0/src/rp2_common/pico_double/double_aeabi_dcp.S.o
                0x1000198c                __wrap___aeabi_ui2d
                0x1000198c                uint2double
 .text.__wrap___aeabi_d2iz
                0x100019a8       0x24 CMakeFiles/blink.dir/Users/Nima/.pico-sdk/sdk/2.2.0/src/rp2_common/pico_double/double_aeabi_dcp.S.o
                0x100019b0                __wrap___aeabi_d2iz
                0x100019b0                double2int_z
 .text.__wrap___aeabi_d2uiz
                0x100019cc       0x24 CMakeFiles/blink.dir/Users/Nima/.pico-sdk/sdk/2.2.0/src/rp2_common/pico_double/double_aeabi_dcp.S.o
                0x100019d4                double2uint_z
                0x100019d4                double2uint
                0x100019d4                __wrap___aeabi_d2uiz
 .text.__wrap___aeabi_dcmpun
                0x100019f0       0x24 CMakeFiles/blink.dir/Users/Nima/.pico-sdk/sdk/2.2.0/src/rp2_common/pico_double/double_aeabi_dcp.S.o
                0x100019f8                __wrap___aeabi_dcmpun
 .text.__wrap___aeabi_dcmplt
                0x10001a14       0x28 CMakeFiles/blink.dir/Users/Nima/.pico-sdk/sdk/2.2.0/src/rp2_common/pico_double/double_aeabi_dcp.S.o
                0x10001a1c                __wrap___aeabi_dcmplt
 .text.__wrap___aeabi_dcmple
                0x10001a3c       0x28 CMakeFiles/blink.dir/Users/Nima/.pico-sdk/sdk/2.2.0/src/rp2_common/pico_double/double_aeabi_dcp.S.o
                0x10001a44                __wrap___aeabi_dcmple
 .text.__wrap___aeabi_dcmpge
                0x10001a64       0x28 CMakeFiles/blink.dir/Users/Nima/.pico-sdk/sdk/2.2.0/src/rp2_common/pico_double/double_aeabi_dcp.S.o
                0x10001a6c                __wrap___aeabi_dcmpge
 .text.__wrap___aeabi_dcmpgt
                0x10001a8c       0x28 CMakeFiles/blink.dir/Users/Nima/.pico-sdk/sdk/2.2.0/src/rp2_common/pico_double/double_aeabi_dcp.S.o
                0x10001a94                __wrap___aeabi_dcmpgt
 .text._out_null
                0x10001ab4        0x2 CMakeFiles/blink.dir/Users/Nima/.pico-sdk/sdk/2.2.0/src/rp2_common/pico_printf/printf.c.o
 .text._out_fct
                0x10001ab6        0xe CMakeFiles/blink.dir/Users/Nima/.pico-sdk/sdk/2.2.0/src/rp2_common/pico_printf/printf.c.o
 .text._atoi    0x10001ac4       0x26 CMakeFiles/blink.dir/Users/Nima/.pico-sdk/sdk/2.2.0/src/rp2_common/pico_printf/printf.c.o
 .text._out_rev
                0x10001aea       0x7e CMakeFiles/blink.dir/Users/Nima/.pico-sdk/sdk/2.2.0/src/rp2_common/pico_printf/printf.c.o
 .text._ntoa_format
                0x10001b68      0x134 CMakeFiles/blink.dir/Users/Nima/.pico-sdk/sdk/2.2.0/src/rp2_common/pico_printf/printf.c.o
 .text._ntoa_long
                0x10001c9c       0x94 CMakeFiles/blink.dir/Users/Nima/.pico-sdk/sdk/2.2.0/src/rp2_common/pico_printf/printf.c.o
 .text._ntoa_long_long
                0x10001d30       0xc2 CMakeFiles/blink.dir/Users/Nima/.pico-sdk/sdk/2.2.0/src/rp2_common/pico_printf/printf.c.o
 *fill*         0x10001df2        0x6 
 .text._etoa    0x10001df8      0x420 CMakeFiles/blink.dir/Users/Nima/.pico-sdk/sdk/2.2.0/src/rp2_common/pico_printf/printf.c.o
 .text._ftoa    0x10002218      0x398 CMakeFiles/blink.dir/Users/Nima/.pico-sdk/sdk/2.2.0/src/rp2_common/pico_printf/printf.c.o
 .text._vsnprintf
                0x100025b0      0x6d8 CMakeFiles/blink.dir/Users/Nima/.pico-sdk/sdk/2.2.0/src/rp2_common/pico_printf/printf.c.o
 .text.vfctprintf
                0x10002c88       0x24 CMakeFiles/blink.dir/Users/Nima/.pico-sdk/sdk/2.2.0/src/rp2_common/pico_printf/printf.c.o
                0x10002c88                vfctprintf
 .text._exit    0x10002cac        0x4 CMakeFiles/blink.dir/Users/Nima/.pico-sdk/sdk/2.2.0/src/rp2_common/pico_clib_interface/newlib_interface.c.o
                0x10002cac                _exit
 .text.exit     0x10002cb0        0x6 CMakeFiles/blink.dir/Users/Nima/.pico-sdk/sdk/2.2.0/src/rp2_common/pico_clib_interface/newlib_interface.c.o
                0x10002cb0                exit
 *fill*         0x10002cb6        0x2 
 .text.__assert_func
                0x10002cb8       0x34 CMakeFiles/blink.dir/Users/Nima/.pico-sdk/sdk/2.2.0/src/rp2_common/pico_clib_interface/newlib_interface.c.o
                0x10002cb8                __assert_func
 .text.runtime_init
                0x10002cec       0x2c CMakeFiles/blink.dir/Users/Nima/.pico-sdk/sdk/2.2.0/src/rp2_common/pico_clib_interface/newlib_interface.c.o
                0x10002cec                runtime_init
 .text.stdio_out_chars_no_crlf
                0x10002d18        0xe CMakeFiles/blink.dir/Users/Nima/.pico-sdk/sdk/2.2.0/src/rp2_common/pico_stdio/stdio.c.o
 *fill*         0x10002d26        0x2 
 .text.stdio_out_chars_crlf
                0x10002d28       0x80 CMakeFiles/blink.dir/Users/Nima/.pico-sdk/sdk/2.2.0/src/rp2_common/pico_stdio/stdio.c.o
 .text.stdio_stack_buffer_flush
                0x10002da8       0x40 CMakeFiles/blink.dir/Users/Nima/.pico-sdk/sdk/2.2.0/src/rp2_common/pico_stdio/stdio.c.o
 .text.stdio_buffered_printer
                0x10002de8       0x20 CMakeFiles/blink.dir/Users/Nima/.pico-sdk/sdk/2.2.0/src/rp2_common/pico_stdio/stdio.c.o
 .text.stdout_serialize_begin
                0x10002e08       0x2c CMakeFiles/blink.dir/Users/Nima/.pico-sdk/sdk/2.2.0/src/rp2_common/pico_stdio/stdio.c.o
                0x10002e08                stdout_serialize_begin
 .text.stdout_serialize_end
                0x10002e34       0x10 CMakeFiles/blink.dir/Users/Nima/.pico-sdk/sdk/2.2.0/src/rp2_common/pico_stdio/stdio.c.o
                0x10002e34                stdout_serialize_end
 .text.stdio_put_string
                0x10002e44       0x8c CMakeFiles/blink.dir/Users/Nima/.pico-sdk/sdk/2.2.0/src/rp2_common/pico_stdio/stdio.c.o
                0x10002e44                stdio_put_string
 .text.stdio_set_driver_enabled
                0x10002ed0       0x2c CMakeFiles/blink.dir/Users/Nima/.pico-sdk/sdk/2.2.0/src/rp2_common/pico_stdio/stdio.c.o
                0x10002ed0                stdio_set_driver_enabled
 .text.stdio_flush
                0x10002efc       0x1c CMakeFiles/blink.dir/Users/Nima/.pico-sdk/sdk/2.2.0/src/rp2_common/pico_stdio/stdio.c.o
                0x10002efc                stdio_flush
 .text.stdio_init_all
                0x10002f18        0x8 CMakeFiles/blink.dir/Users/Nima/.pico-sdk/sdk/2.2.0/src/rp2_common/pico_stdio/stdio.c.o
                0x10002f18                stdio_init_all
 .text.__wrap_puts
                0x10002f20       0x1e CMakeFiles/blink.dir/Users/Nima/.pico-sdk/sdk/2.2.0/src/rp2_common/pico_stdio/stdio.c.o
                0x10002f20                __wrap_puts
                0x10002f20                stdio_puts
 *fill*         0x10002f3e        0x2 
 .text.__wrap_vprintf
                0x10002f40       0x40 CMakeFiles/blink.dir/Users/Nima/.pico-sdk/sdk/2.2.0/src/rp2_common/pico_stdio/stdio.c.o
                0x10002f40                __wrap_vprintf
                0x10002f40                stdio_vprintf
 .text.__wrap_printf
                0x10002f80       0x1c CMakeFiles/blink.dir/Users/Nima/.pico-sdk/sdk/2.2.0/src/rp2_common/pico_stdio/stdio.c.o
                0x10002f80                stdio_printf
                0x10002f80                __wrap_printf
 .text.resetd_init
                0x10002f9c        0x2 CMakeFiles/blink.dir/Users/Nima/.pico-sdk/sdk/2.2.0/src/rp2_common/pico_stdio_usb/reset_interface.c.o
 *fill*         0x10002f9e        0x2 
 .text.resetd_reset
                0x10002fa0        0xc CMakeFiles/blink.dir/Users/Nima/.pico-sdk/sdk/2.2.0/src/rp2_common/pico_stdio_usb/reset_interface.c.o
 .text.resetd_open
                0x10002fac       0x34 CMakeFiles/blink.dir/Users/Nima/.pico-sdk/sdk/2.2.0/src/rp2_common/pico_stdio_usb/reset_interface.c.o
 .text.resetd_xfer_cb
                0x10002fe0        0x4 CMakeFiles/blink.dir/Users/Nima/.pico-sdk/sdk/2.2.0/src/rp2_common/pico_stdio_usb/reset_interface.c.o
 .text.resetd_control_xfer_cb
                0x10002fe4       0x54 CMakeFiles/blink.dir/Users/Nima/.pico-sdk/sdk/2.2.0/src/rp2_common/pico_stdio_usb/reset_interface.c.o
 .text.tud_descriptor_bos_cb
                0x10003038        0x8 CMakeFiles/blink.dir/Users/Nima/.pico-sdk/sdk/2.2.0/src/rp2_common/pico_stdio_usb/reset_interface.c.o
                0x10003038                tud_descriptor_bos_cb
 .text.tud_vendor_control_xfer_cb
                0x10003040       0x30 CMakeFiles/blink.dir/Users/Nima/.pico-sdk/sdk/2.2.0/src/rp2_common/pico_stdio_usb/reset_interface.c.o
                0x10003040                tud_vendor_control_xfer_cb
 .text.usbd_app_driver_get_cb
                0x10003070        0xc CMakeFiles/blink.dir/Users/Nima/.pico-sdk/sdk/2.2.0/src/rp2_common/pico_stdio_usb/reset_interface.c.o
                0x10003070                usbd_app_driver_get_cb
 .text.tud_cdc_line_coding_cb
                0x1000307c       0x18 CMakeFiles/blink.dir/Users/Nima/.pico-sdk/sdk/2.2.0/src/rp2_common/pico_stdio_usb/reset_interface.c.o
                0x1000307c                tud_cdc_line_coding_cb
 .text.stdio_usb_set_chars_available_callback
                0x10003094       0x14 CMakeFiles/blink.dir/Users/Nima/.pico-sdk/sdk/2.2.0/src/rp2_common/pico_stdio_usb/stdio_usb.c.o
                0x10003094                stdio_usb_set_chars_available_callback
 .text.stdio_usb_out_flush
                0x100030a8       0x48 CMakeFiles/blink.dir/Users/Nima/.pico-sdk/sdk/2.2.0/src/rp2_common/pico_stdio_usb/stdio_usb.c.o
 .text.timer_task
                0x100030f0       0x70 CMakeFiles/blink.dir/Users/Nima/.pico-sdk/sdk/2.2.0/src/rp2_common/pico_stdio_usb/stdio_usb.c.o
 .text.usb_irq  0x10003160       0x10 CMakeFiles/blink.dir/Users/Nima/.pico-sdk/sdk/2.2.0/src/rp2_common/pico_stdio_usb/stdio_usb.c.o
 .text.alarm_pool_add_alarm_in_us
                0x10003170       0x3a CMakeFiles/blink.dir/Users/Nima/.pico-sdk/sdk/2.2.0/src/rp2_common/pico_stdio_usb/stdio_usb.c.o
 .text.add_alarm_in_us
                0x100031aa       0x26 CMakeFiles/blink.dir/Users/Nima/.pico-sdk/sdk/2.2.0/src/rp2_common/pico_stdio_usb/stdio_usb.c.o
 .text.low_priority_worker_irq
                0x100031d0       0xa8 CMakeFiles/blink.dir/Users/Nima/.pico-sdk/sdk/2.2.0/src/rp2_common/pico_stdio_usb/stdio_usb.c.o
 .text.stdio_usb_init
                0x10003278       0xd4 CMakeFiles/blink.dir/Users/Nima/.pico-sdk/sdk/2.2.0/src/rp2_common/pico_stdio_usb/stdio_usb.c.o
                0x10003278                stdio_usb_init
 .text.stdio_usb_connected
                0x1000334c        0xa CMakeFiles/blink.dir/Users/Nima/.pico-sdk/sdk/2.2.0/src/rp2_common/pico_stdio_usb/stdio_usb.c.o
                0x1000334c                stdio_usb_connected
 *fill*         0x10003356        0x2 
 .text.stdio_usb_in_chars
                0x10003358       0x8c CMakeFiles/blink.dir/Users/Nima/.pico-sdk/sdk/2.2.0/src/rp2_common/pico_stdio_usb/stdio_usb.c.o
                0x10003358                stdio_usb_in_chars
 .text.stdio_usb_out_chars
                0x100033e4       0xd4 CMakeFiles/blink.dir/Users/Nima/.pico-sdk/sdk/2.2.0/src/rp2_common/pico_stdio_usb/stdio_usb.c.o
 .text.tud_descriptor_device_cb
                0x100034b8        0x8 CMakeFiles/blink.dir/Users/Nima/.pico-sdk/sdk/2.2.0/src/rp2_common/pico_stdio_usb/stdio_usb_descriptors.c.o
                0x100034b8                tud_descriptor_device_cb
 .text.tud_descriptor_configuration_cb
                0x100034c0        0x8 CMakeFiles/blink.dir/Users/Nima/.pico-sdk/sdk/2.2.0/src/rp2_common/pico_stdio_usb/stdio_usb_descriptors.c.o
                0x100034c0                tud_descriptor_configuration_cb
 .text.tud_descriptor_string_cb
                0x100034c8       0x64 CMakeFiles/blink.dir/Users/Nima/.pico-sdk/sdk/2.2.0/src/rp2_common/pico_stdio_usb/stdio_usb_descriptors.c.o
                0x100034c8                tud_descriptor_string_cb
 .text._retrieve_unique_id_on_boot
                0x1000352c       0x58 CMakeFiles/blink.dir/Users/Nima/.pico-sdk/sdk/2.2.0/src/rp2_common/pico_unique_id/unique_id.c.o
 .text.pico_get_unique_board_id_string
                0x10003584       0x5c CMakeFiles/blink.dir/Users/Nima/.pico-sdk/sdk/2.2.0/src/rp2_common/pico_unique_id/unique_id.c.o
                0x10003584                pico_get_unique_board_id_string
 .text.hw_endpoint_init
                0x100035e0       0xbc CMakeFiles/blink.dir/Users/Nima/.pico-sdk/sdk/2.2.0/lib/tinyusb/src/portable/raspberrypi/rp2040/dcd_rp2040.c.o
 .text.hw_endpoint_alloc
                0x1000369c       0x48 CMakeFiles/blink.dir/Users/Nima/.pico-sdk/sdk/2.2.0/lib/tinyusb/src/portable/raspberrypi/rp2040/dcd_rp2040.c.o
 .text.hw_endpoint_open
                0x100036e4       0x44 CMakeFiles/blink.dir/Users/Nima/.pico-sdk/sdk/2.2.0/lib/tinyusb/src/portable/raspberrypi/rp2040/dcd_rp2040.c.o
 .text.hw_endpoint_xfer
                0x10003728       0x1c CMakeFiles/blink.dir/Users/Nima/.pico-sdk/sdk/2.2.0/lib/tinyusb/src/portable/raspberrypi/rp2040/dcd_rp2040.c.o
 .text.dcd_int_enable
                0x10003744       0x28 CMakeFiles/blink.dir/Users/Nima/.pico-sdk/sdk/2.2.0/lib/tinyusb/src/portable/raspberrypi/rp2040/dcd_rp2040.c.o
                0x10003744                dcd_int_enable
 .text.dcd_set_address
                0x1000376c       0x2c CMakeFiles/blink.dir/Users/Nima/.pico-sdk/sdk/2.2.0/lib/tinyusb/src/portable/raspberrypi/rp2040/dcd_rp2040.c.o
                0x1000376c                dcd_set_address
 .text.dcd_connect
                0x10003798       0x10 CMakeFiles/blink.dir/Users/Nima/.pico-sdk/sdk/2.2.0/lib/tinyusb/src/portable/raspberrypi/rp2040/dcd_rp2040.c.o
                0x10003798                dcd_connect
 .text.dcd_init
                0x100037a8       0x84 CMakeFiles/blink.dir/Users/Nima/.pico-sdk/sdk/2.2.0/lib/tinyusb/src/portable/raspberrypi/rp2040/dcd_rp2040.c.o
                0x100037a8                dcd_init
 .text.dcd_sof_enable
                0x1000382c       0x1c CMakeFiles/blink.dir/Users/Nima/.pico-sdk/sdk/2.2.0/lib/tinyusb/src/portable/raspberrypi/rp2040/dcd_rp2040.c.o
                0x1000382c                dcd_sof_enable
 .text.dcd_edpt0_status_complete
                0x10003848       0x20 CMakeFiles/blink.dir/Users/Nima/.pico-sdk/sdk/2.2.0/lib/tinyusb/src/portable/raspberrypi/rp2040/dcd_rp2040.c.o
                0x10003848                dcd_edpt0_status_complete
 .text.dcd_edpt_open
                0x10003868       0x22 CMakeFiles/blink.dir/Users/Nima/.pico-sdk/sdk/2.2.0/lib/tinyusb/src/portable/raspberrypi/rp2040/dcd_rp2040.c.o
                0x10003868                dcd_edpt_open
 .text.dcd_edpt_close_all
                0x1000388a        0x8 CMakeFiles/blink.dir/Users/Nima/.pico-sdk/sdk/2.2.0/lib/tinyusb/src/portable/raspberrypi/rp2040/dcd_rp2040.c.o
                0x1000388a                dcd_edpt_close_all
 *fill*         0x10003892        0x2 
 .text.dcd_edpt_xfer
                0x10003894       0x2c CMakeFiles/blink.dir/Users/Nima/.pico-sdk/sdk/2.2.0/lib/tinyusb/src/portable/raspberrypi/rp2040/dcd_rp2040.c.o
                0x10003894                dcd_edpt_xfer
 .text.dcd_edpt_stall
                0x100038c0       0x38 CMakeFiles/blink.dir/Users/Nima/.pico-sdk/sdk/2.2.0/lib/tinyusb/src/portable/raspberrypi/rp2040/dcd_rp2040.c.o
                0x100038c0                dcd_edpt_stall
 .text.dcd_edpt_clear_stall
                0x100038f8       0x28 CMakeFiles/blink.dir/Users/Nima/.pico-sdk/sdk/2.2.0/lib/tinyusb/src/portable/raspberrypi/rp2040/dcd_rp2040.c.o
                0x100038f8                dcd_edpt_clear_stall
 .text.unaligned_memcpy
                0x10003920       0x14 CMakeFiles/blink.dir/Users/Nima/.pico-sdk/sdk/2.2.0/lib/tinyusb/src/portable/raspberrypi/rp2040/rp2040_usb.c.o
 .text.rp2040_usb_init
                0x10003934       0x40 CMakeFiles/blink.dir/Users/Nima/.pico-sdk/sdk/2.2.0/lib/tinyusb/src/portable/raspberrypi/rp2040/rp2040_usb.c.o
                0x10003934                rp2040_usb_init
 .text.hw_endpoint_xfer_start
                0x10003974       0x58 CMakeFiles/blink.dir/Users/Nima/.pico-sdk/sdk/2.2.0/lib/tinyusb/src/portable/raspberrypi/rp2040/rp2040_usb.c.o
                0x10003974                hw_endpoint_xfer_start
 .text.configuration_reset
                0x100039cc       0x90 CMakeFiles/blink.dir/Users/Nima/.pico-sdk/sdk/2.2.0/lib/tinyusb/src/device/usbd.c.o
 .text.usbd_reset
                0x10003a5c        0xc CMakeFiles/blink.dir/Users/Nima/.pico-sdk/sdk/2.2.0/lib/tinyusb/src/device/usbd.c.o
 .text.invoke_class_control
                0x10003a68       0x1a CMakeFiles/blink.dir/Users/Nima/.pico-sdk/sdk/2.2.0/lib/tinyusb/src/device/usbd.c.o
 *fill*         0x10003a82        0x2 
 .text.process_set_config
                0x10003a84      0x1cc CMakeFiles/blink.dir/Users/Nima/.pico-sdk/sdk/2.2.0/lib/tinyusb/src/device/usbd.c.o
 .text.tud_event_hook_cb
                0x10003c50        0x2 CMakeFiles/blink.dir/Users/Nima/.pico-sdk/sdk/2.2.0/lib/tinyusb/src/device/usbd.c.o
                0x10003c50                tud_event_hook_cb
 .text.tud_sof_cb
                0x10003c52        0x2 CMakeFiles/blink.dir/Users/Nima/.pico-sdk/sdk/2.2.0/lib/tinyusb/src/device/usbd.c.o
                0x10003c52                tud_sof_cb
 .text.tud_descriptor_device_qualifier_cb
                0x10003c54        0x4 CMakeFiles/blink.dir/Users/Nima/.pico-sdk/sdk/2.2.0/lib/tinyusb/src/device/usbd.c.o
                0x10003c54                tud_descriptor_device_qualifier_cb
 .text.tud_descriptor_other_speed_configuration_cb
                0x10003c58        0x4 CMakeFiles/blink.dir/Users/Nima/.pico-sdk/sdk/2.2.0/lib/tinyusb/src/device/usbd.c.o
                0x10003c58                tud_descriptor_other_speed_configuration_cb
 .text.process_get_descriptor
                0x10003c5c       0xf8 CMakeFiles/blink.dir/Users/Nima/.pico-sdk/sdk/2.2.0/lib/tinyusb/src/device/usbd.c.o
 .text.tud_mount_cb
                0x10003d54        0x2 CMakeFiles/blink.dir/Users/Nima/.pico-sdk/sdk/2.2.0/lib/tinyusb/src/device/usbd.c.o
                0x10003d54                tud_mount_cb
 .text.tud_umount_cb
                0x10003d56        0x2 CMakeFiles/blink.dir/Users/Nima/.pico-sdk/sdk/2.2.0/lib/tinyusb/src/device/usbd.c.o
                0x10003d56                tud_umount_cb
 .text.tud_suspend_cb
                0x10003d58        0x2 CMakeFiles/blink.dir/Users/Nima/.pico-sdk/sdk/2.2.0/lib/tinyusb/src/device/usbd.c.o
                0x10003d58                tud_suspend_cb
 .text.tud_resume_cb
                0x10003d5a        0x2 CMakeFiles/blink.dir/Users/Nima/.pico-sdk/sdk/2.2.0/lib/tinyusb/src/device/usbd.c.o
                0x10003d5a                tud_resume_cb
 .text.tud_mounted
                0x10003d5c       0x14 CMakeFiles/blink.dir/Users/Nima/.pico-sdk/sdk/2.2.0/lib/tinyusb/src/device/usbd.c.o
                0x10003d5c                tud_mounted
 .text.tud_suspended
                0x10003d70       0x10 CMakeFiles/blink.dir/Users/Nima/.pico-sdk/sdk/2.2.0/lib/tinyusb/src/device/usbd.c.o
                0x10003d70                tud_suspended
 .text.tud_inited
                0x10003d80       0x10 CMakeFiles/blink.dir/Users/Nima/.pico-sdk/sdk/2.2.0/lib/tinyusb/src/device/usbd.c.o
                0x10003d80                tud_inited
 .text.tud_rhport_init
                0x10003d90      0x128 CMakeFiles/blink.dir/Users/Nima/.pico-sdk/sdk/2.2.0/lib/tinyusb/src/device/usbd.c.o
                0x10003d90                tud_rhport_init
 .text.usbd_edpt_open
                0x10003eb8       0x7c CMakeFiles/blink.dir/Users/Nima/.pico-sdk/sdk/2.2.0/lib/tinyusb/src/device/usbd.c.o
                0x10003eb8                usbd_edpt_open
 .text.usbd_open_edpt_pair
                0x10003f34       0xa4 CMakeFiles/blink.dir/Users/Nima/.pico-sdk/sdk/2.2.0/lib/tinyusb/src/device/usbd.c.o
                0x10003f34                usbd_open_edpt_pair
 .text.usbd_edpt_claim
                0x10003fd8       0x28 CMakeFiles/blink.dir/Users/Nima/.pico-sdk/sdk/2.2.0/lib/tinyusb/src/device/usbd.c.o
                0x10003fd8                usbd_edpt_claim
 .text.usbd_edpt_release
                0x10004000       0x28 CMakeFiles/blink.dir/Users/Nima/.pico-sdk/sdk/2.2.0/lib/tinyusb/src/device/usbd.c.o
                0x10004000                usbd_edpt_release
 .text.usbd_edpt_xfer
                0x10004028       0x90 CMakeFiles/blink.dir/Users/Nima/.pico-sdk/sdk/2.2.0/lib/tinyusb/src/device/usbd.c.o
                0x10004028                usbd_edpt_xfer
 .text.usbd_edpt_stall
                0x100040b8       0x3c CMakeFiles/blink.dir/Users/Nima/.pico-sdk/sdk/2.2.0/lib/tinyusb/src/device/usbd.c.o
                0x100040b8                usbd_edpt_stall
 .text.usbd_edpt_clear_stall
                0x100040f4       0x3c CMakeFiles/blink.dir/Users/Nima/.pico-sdk/sdk/2.2.0/lib/tinyusb/src/device/usbd.c.o
                0x100040f4                usbd_edpt_clear_stall
 .text.usbd_edpt_stalled
                0x10004130       0x1c CMakeFiles/blink.dir/Users/Nima/.pico-sdk/sdk/2.2.0/lib/tinyusb/src/device/usbd.c.o
                0x10004130                usbd_edpt_stalled
 .text.process_control_request
                0x1000414c      0x404 CMakeFiles/blink.dir/Users/Nima/.pico-sdk/sdk/2.2.0/lib/tinyusb/src/device/usbd.c.o
 .text.tud_task_ext
                0x10004550      0x250 CMakeFiles/blink.dir/Users/Nima/.pico-sdk/sdk/2.2.0/lib/tinyusb/src/device/usbd.c.o
                0x10004550                tud_task_ext
 .text.status_stage_xact
                0x100047a0       0x1a CMakeFiles/blink.dir/Users/Nima/.pico-sdk/sdk/2.2.0/lib/tinyusb/src/device/usbd_control.c.o
 *fill*         0x100047ba        0x2 
 .text.data_stage_xact
                0x100047bc       0x5c CMakeFiles/blink.dir/Users/Nima/.pico-sdk/sdk/2.2.0/lib/tinyusb/src/device/usbd_control.c.o
 .text.tud_control_status
                0x10004818       0x28 CMakeFiles/blink.dir/Users/Nima/.pico-sdk/sdk/2.2.0/lib/tinyusb/src/device/usbd_control.c.o
                0x10004818                tud_control_status
 .text.tud_control_xfer
                0x10004840       0xac CMakeFiles/blink.dir/Users/Nima/.pico-sdk/sdk/2.2.0/lib/tinyusb/src/device/usbd_control.c.o
                0x10004840                tud_control_xfer
 .text.usbd_control_reset
                0x100048ec       0x14 CMakeFiles/blink.dir/Users/Nima/.pico-sdk/sdk/2.2.0/lib/tinyusb/src/device/usbd_control.c.o
                0x100048ec                usbd_control_reset
 .text.usbd_control_set_complete_callback
                0x10004900        0xc CMakeFiles/blink.dir/Users/Nima/.pico-sdk/sdk/2.2.0/lib/tinyusb/src/device/usbd_control.c.o
                0x10004900                usbd_control_set_complete_callback
 .text.usbd_control_set_request
                0x1000490c       0x1c CMakeFiles/blink.dir/Users/Nima/.pico-sdk/sdk/2.2.0/lib/tinyusb/src/device/usbd_control.c.o
                0x1000490c                usbd_control_set_request
 .text.usbd_control_xfer_cb
                0x10004928      0x10c CMakeFiles/blink.dir/Users/Nima/.pico-sdk/sdk/2.2.0/lib/tinyusb/src/device/usbd_control.c.o
                0x10004928                usbd_control_xfer_cb
 .text._prep_out_transaction
                0x10004a34       0x94 CMakeFiles/blink.dir/Users/Nima/.pico-sdk/sdk/2.2.0/lib/tinyusb/src/class/cdc/cdc_device.c.o
 .text.tud_cdc_n_connected
                0x10004ac8       0x34 CMakeFiles/blink.dir/Users/Nima/.pico-sdk/sdk/2.2.0/lib/tinyusb/src/class/cdc/cdc_device.c.o
                0x10004ac8                tud_cdc_n_connected
 .text.tud_cdc_n_available
                0x10004afc       0x18 CMakeFiles/blink.dir/Users/Nima/.pico-sdk/sdk/2.2.0/lib/tinyusb/src/class/cdc/cdc_device.c.o
                0x10004afc                tud_cdc_n_available
 .text.tud_cdc_n_read
                0x10004b14       0x34 CMakeFiles/blink.dir/Users/Nima/.pico-sdk/sdk/2.2.0/lib/tinyusb/src/class/cdc/cdc_device.c.o
                0x10004b14                tud_cdc_n_read
 .text.tud_cdc_n_write_flush
                0x10004b48       0xb8 CMakeFiles/blink.dir/Users/Nima/.pico-sdk/sdk/2.2.0/lib/tinyusb/src/class/cdc/cdc_device.c.o
                0x10004b48                tud_cdc_n_write_flush
 .text.tud_cdc_n_write
                0x10004c00       0x44 CMakeFiles/blink.dir/Users/Nima/.pico-sdk/sdk/2.2.0/lib/tinyusb/src/class/cdc/cdc_device.c.o
                0x10004c00                tud_cdc_n_write
 .text.tud_cdc_n_write_available
                0x10004c44       0x1c CMakeFiles/blink.dir/Users/Nima/.pico-sdk/sdk/2.2.0/lib/tinyusb/src/class/cdc/cdc_device.c.o
                0x10004c44                tud_cdc_n_write_available
 .text.cdcd_init
                0x10004c60       0xa4 CMakeFiles/blink.dir/Users/Nima/.pico-sdk/sdk/2.2.0/lib/tinyusb/src/class/cdc/cdc_device.c.o
                0x10004c60                cdcd_init
 .text.cdcd_deinit
                0x10004d04       0x40 CMakeFiles/blink.dir/Users/Nima/.pico-sdk/sdk/2.2.0/lib/tinyusb/src/class/cdc/cdc_device.c.o
                0x10004d04                cdcd_deinit
 .text.cdcd_reset
                0x10004d44       0x78 CMakeFiles/blink.dir/Users/Nima/.pico-sdk/sdk/2.2.0/lib/tinyusb/src/class/cdc/cdc_device.c.o
                0x10004d44                cdcd_reset
 .text.cdcd_open
                0x10004dbc      0x124 CMakeFiles/blink.dir/Users/Nima/.pico-sdk/sdk/2.2.0/lib/tinyusb/src/class/cdc/cdc_device.c.o
                0x10004dbc                cdcd_open
 .text.cdcd_control_xfer_cb
                0x10004ee0      0x120 CMakeFiles/blink.dir/Users/Nima/.pico-sdk/sdk/2.2.0/lib/tinyusb/src/class/cdc/cdc_device.c.o
                0x10004ee0                cdcd_control_xfer_cb
 .text.cdcd_xfer_cb
                0x10005000      0x138 CMakeFiles/blink.dir/Users/Nima/.pico-sdk/sdk/2.2.0/lib/tinyusb/src/class/cdc/cdc_device.c.o
                0x10005000                cdcd_xfer_cb
 .text.tud_vendor_n_mounted
                0x10005138       0x30 CMakeFiles/blink.dir/Users/Nima/.pico-sdk/sdk/2.2.0/lib/tinyusb/src/class/vendor/vendor_device.c.o
                0x10005138                tud_vendor_n_mounted
 .text.tud_vendor_n_write_flush
                0x10005168       0x20 CMakeFiles/blink.dir/Users/Nima/.pico-sdk/sdk/2.2.0/lib/tinyusb/src/class/vendor/vendor_device.c.o
                0x10005168                tud_vendor_n_write_flush
 .text.vendord_init
                0x10005188       0x90 CMakeFiles/blink.dir/Users/Nima/.pico-sdk/sdk/2.2.0/lib/tinyusb/src/class/vendor/vendor_device.c.o
                0x10005188                vendord_init
 .text.vendord_deinit
                0x10005218       0x30 CMakeFiles/blink.dir/Users/Nima/.pico-sdk/sdk/2.2.0/lib/tinyusb/src/class/vendor/vendor_device.c.o
                0x10005218                vendord_deinit
 .text.vendord_reset
                0x10005248       0x48 CMakeFiles/blink.dir/Users/Nima/.pico-sdk/sdk/2.2.0/lib/tinyusb/src/class/vendor/vendor_device.c.o
                0x10005248                vendord_reset
 .text.vendord_open
                0x10005290      0x144 CMakeFiles/blink.dir/Users/Nima/.pico-sdk/sdk/2.2.0/lib/tinyusb/src/class/vendor/vendor_device.c.o
                0x10005290                vendord_open
 .text.vendord_xfer_cb
                0x100053d4       0xb8 CMakeFiles/blink.dir/Users/Nima/.pico-sdk/sdk/2.2.0/lib/tinyusb/src/class/vendor/vendor_device.c.o
                0x100053d4                vendord_xfer_cb
 .text.tusb_rhport_init
                0x1000548c       0xac CMakeFiles/blink.dir/Users/Nima/.pico-sdk/sdk/2.2.0/lib/tinyusb/src/tusb.c.o
                0x1000548c                tusb_rhport_init
 .text.tu_edpt_claim
                0x10005538       0x50 CMakeFiles/blink.dir/Users/Nima/.pico-sdk/sdk/2.2.0/lib/tinyusb/src/tusb.c.o
                0x10005538                tu_edpt_claim
 .text.tu_edpt_release
                0x10005588       0x3c CMakeFiles/blink.dir/Users/Nima/.pico-sdk/sdk/2.2.0/lib/tinyusb/src/tusb.c.o
                0x10005588                tu_edpt_release
 .text.tu_edpt_validate
                0x100055c4       0xe0 CMakeFiles/blink.dir/Users/Nima/.pico-sdk/sdk/2.2.0/lib/tinyusb/src/tusb.c.o
                0x100055c4                tu_edpt_validate
 .text.tu_edpt_bind_driver
                0x100056a4       0x4a CMakeFiles/blink.dir/Users/Nima/.pico-sdk/sdk/2.2.0/lib/tinyusb/src/tusb.c.o
                0x100056a4                tu_edpt_bind_driver
 .text.tu_edpt_stream_init
                0x100056ee       0x54 CMakeFiles/blink.dir/Users/Nima/.pico-sdk/sdk/2.2.0/lib/tinyusb/src/tusb.c.o
                0x100056ee                tu_edpt_stream_init
 .text.tu_edpt_stream_deinit
                0x10005742        0x4 CMakeFiles/blink.dir/Users/Nima/.pico-sdk/sdk/2.2.0/lib/tinyusb/src/tusb.c.o
                0x10005742                tu_edpt_stream_deinit
 *fill*         0x10005746        0x2 
 .text.tu_edpt_stream_write_zlp_if_needed
                0x10005748       0x90 CMakeFiles/blink.dir/Users/Nima/.pico-sdk/sdk/2.2.0/lib/tinyusb/src/tusb.c.o
                0x10005748                tu_edpt_stream_write_zlp_if_needed
 .text.tu_edpt_stream_write_xfer
                0x100057d8       0x98 CMakeFiles/blink.dir/Users/Nima/.pico-sdk/sdk/2.2.0/lib/tinyusb/src/tusb.c.o
                0x100057d8                tu_edpt_stream_write_xfer
 .text.tu_edpt_stream_read_xfer
                0x10005870      0x118 CMakeFiles/blink.dir/Users/Nima/.pico-sdk/sdk/2.2.0/lib/tinyusb/src/tusb.c.o
                0x10005870                tu_edpt_stream_read_xfer
 .text.advance_index
                0x10005988       0x1a CMakeFiles/blink.dir/Users/Nima/.pico-sdk/sdk/2.2.0/lib/tinyusb/src/common/tusb_fifo.c.o
 .text._tu_fifo_peek
                0x100059a2       0x62 CMakeFiles/blink.dir/Users/Nima/.pico-sdk/sdk/2.2.0/lib/tinyusb/src/common/tusb_fifo.c.o
 .text._ff_pull_n
                0x10005a04       0x68 CMakeFiles/blink.dir/Users/Nima/.pico-sdk/sdk/2.2.0/lib/tinyusb/src/common/tusb_fifo.c.o
 .text._tu_fifo_peek_n
                0x10005a6c       0x6a CMakeFiles/blink.dir/Users/Nima/.pico-sdk/sdk/2.2.0/lib/tinyusb/src/common/tusb_fifo.c.o
 .text._tu_fifo_read_n
                0x10005ad6       0x4c CMakeFiles/blink.dir/Users/Nima/.pico-sdk/sdk/2.2.0/lib/tinyusb/src/common/tusb_fifo.c.o
 .text._ff_push_n
                0x10005b22       0x66 CMakeFiles/blink.dir/Users/Nima/.pico-sdk/sdk/2.2.0/lib/tinyusb/src/common/tusb_fifo.c.o
 .text._tu_fifo_write_n
                0x10005b88       0xf0 CMakeFiles/blink.dir/Users/Nima/.pico-sdk/sdk/2.2.0/lib/tinyusb/src/common/tusb_fifo.c.o
 .text.tu_fifo_config
                0x10005c78       0x62 CMakeFiles/blink.dir/Users/Nima/.pico-sdk/sdk/2.2.0/lib/tinyusb/src/common/tusb_fifo.c.o
                0x10005c78                tu_fifo_config
 .text.tu_fifo_count
                0x10005cda       0x28 CMakeFiles/blink.dir/Users/Nima/.pico-sdk/sdk/2.2.0/lib/tinyusb/src/common/tusb_fifo.c.o
                0x10005cda                tu_fifo_count
 .text.tu_fifo_empty
                0x10005d02       0x12 CMakeFiles/blink.dir/Users/Nima/.pico-sdk/sdk/2.2.0/lib/tinyusb/src/common/tusb_fifo.c.o
                0x10005d02                tu_fifo_empty
 .text.tu_fifo_full
                0x10005d14       0x28 CMakeFiles/blink.dir/Users/Nima/.pico-sdk/sdk/2.2.0/lib/tinyusb/src/common/tusb_fifo.c.o
                0x10005d14                tu_fifo_full
 .text.tu_fifo_remaining
                0x10005d3c       0x2c CMakeFiles/blink.dir/Users/Nima/.pico-sdk/sdk/2.2.0/lib/tinyusb/src/common/tusb_fifo.c.o
                0x10005d3c                tu_fifo_remaining
 .text.tu_fifo_read
                0x10005d68       0x3e CMakeFiles/blink.dir/Users/Nima/.pico-sdk/sdk/2.2.0/lib/tinyusb/src/common/tusb_fifo.c.o
                0x10005d68                tu_fifo_read
 .text.tu_fifo_read_n
                0x10005da6        0xa CMakeFiles/blink.dir/Users/Nima/.pico-sdk/sdk/2.2.0/lib/tinyusb/src/common/tusb_fifo.c.o
                0x10005da6                tu_fifo_read_n
 .text.tu_fifo_write
                0x10005db0       0x5e CMakeFiles/blink.dir/Users/Nima/.pico-sdk/sdk/2.2.0/lib/tinyusb/src/common/tusb_fifo.c.o
                0x10005db0                tu_fifo_write
 .text.tu_fifo_write_n
                0x10005e0e        0xa CMakeFiles/blink.dir/Users/Nima/.pico-sdk/sdk/2.2.0/lib/tinyusb/src/common/tusb_fifo.c.o
                0x10005e0e                tu_fifo_write_n
 .text.tu_fifo_clear
                0x10005e18       0x36 CMakeFiles/blink.dir/Users/Nima/.pico-sdk/sdk/2.2.0/lib/tinyusb/src/common/tusb_fifo.c.o
                0x10005e18                tu_fifo_clear
 .text.tu_fifo_set_overwritable
                0x10005e4e       0x3a CMakeFiles/blink.dir/Users/Nima/.pico-sdk/sdk/2.2.0/lib/tinyusb/src/common/tusb_fifo.c.o
                0x10005e4e                tu_fifo_set_overwritable
 .text.memset   0x10005e88       0x9c /Users/Nima/.pico-sdk/toolchain/14_2_Rel1/bin/../lib/gcc/arm-none-eabi/14.2.1/../../../../arm-none-eabi/lib/thumb/v8-m.main+fp/softfp/libg.a(libc_a-memset.o)
                0x10005e88                memset
 .text          0x10005f24       0xec /Users/Nima/.pico-sdk/toolchain/14_2_Rel1/bin/../lib/gcc/arm-none-eabi/14.2.1/../../../../arm-none-eabi/lib/thumb/v8-m.main+fp/softfp/libg.a(libc_a-memcpy.o)
                0x10005f24                memcpy
 .text.strlen   0x10006010       0x5c /Users/Nima/.pico-sdk/toolchain/14_2_Rel1/bin/../lib/gcc/arm-none-eabi/14.2.1/../../../../arm-none-eabi/lib/thumb/v8-m.main+fp/softfp/libg.a(libc_a-strlen-stub.o)
                0x10006010                strlen
 *(.fini)
 .fini          0x1000606c        0x4 /Users/Nima/.pico-sdk/toolchain/14_2_Rel1/bin/../lib/gcc/arm-none-eabi/14.2.1/thumb/v8-m.main+fp/softfp/crti.o
                0x1000606c                _fini
 .fini.__stub   0x10006070       0x58 linker stubs
 *crtbegin.o(.ctors)
 *crtbegin?.o(.ctors)
 *(EXCLUDE_FILE(*crtend.o *crtend?.o) .ctors)
 *(SORT_BY_NAME(.ctors.*))
 *(.ctors)
 *crtbegin.o(.dtors)
 *crtbegin?.o(.dtors)
 *(EXCLUDE_FILE(*crtend.o *crtend?.o) .dtors)
 *(SORT_BY_NAME(.dtors.*))
 *(.dtors)
                0x100060c8                        . = ALIGN (0x4)
                0x100060c8                        PROVIDE (__preinit_array_start = .)
 *(SORT_BY_NAME(.preinit_array.*))
 .preinit_array.00050
                0x100060c8        0x4 CMakeFiles/blink.dir/Users/Nima/.pico-sdk/sdk/2.2.0/src/rp2_common/pico_runtime_init/runtime_init.c.o
                0x100060c8                __pre_init_runtime_init_bootrom_reset
 .preinit_array.00100
                0x100060cc        0x4 CMakeFiles/blink.dir/Users/Nima/.pico-sdk/sdk/2.2.0/src/rp2_common/pico_runtime_init/runtime_init.c.o
                0x100060cc                __pre_init_runtime_init_early_resets
 .preinit_array.00101
                0x100060d0        0x4 CMakeFiles/blink.dir/Users/Nima/.pico-sdk/sdk/2.2.0/src/rp2_common/pico_runtime_init/runtime_init.c.o
                0x100060d0                __pre_init_runtime_init_usb_power_down
 .preinit_array.00500
                0x100060d4        0x4 CMakeFiles/blink.dir/Users/Nima/.pico-sdk/sdk/2.2.0/src/rp2_common/pico_runtime_init/runtime_init.c.o
                0x100060d4                __pre_init_runtime_init_clocks
 .preinit_array.00600
                0x100060d8        0x4 CMakeFiles/blink.dir/Users/Nima/.pico-sdk/sdk/2.2.0/src/rp2_common/pico_runtime_init/runtime_init.c.o
                0x100060d8                __pre_init_runtime_init_post_clock_resets
 .preinit_array.01000
                0x100060dc        0x4 CMakeFiles/blink.dir/Users/Nima/.pico-sdk/sdk/2.2.0/src/rp2_common/hardware_boot_lock/boot_lock.c.o
                0x100060dc                __pre_init_runtime_init_boot_locks_reset
 .preinit_array.01000
                0x100060e0        0x4 CMakeFiles/blink.dir/Users/Nima/.pico-sdk/sdk/2.2.0/src/rp2_common/pico_runtime_init/runtime_init.c.o
                0x100060e0                __pre_init_runtime_init_spin_locks_reset
 .preinit_array.01010
                0x100060e4        0x4 CMakeFiles/blink.dir/Users/Nima/.pico-sdk/sdk/2.2.0/src/rp2_common/pico_bootrom/bootrom_lock.c.o
                0x100060e4                __pre_init_runtime_init_bootrom_locking_enable
 .preinit_array.01100
                0x100060e8        0x4 CMakeFiles/blink.dir/Users/Nima/.pico-sdk/sdk/2.2.0/src/common/pico_sync/mutex.c.o
                0x100060e8                __pre_init_runtime_init_mutex
 .preinit_array.10080
                0x100060ec        0x4 CMakeFiles/blink.dir/Users/Nima/.pico-sdk/sdk/2.2.0/src/rp2_common/pico_runtime_init/runtime_init.c.o
                0x100060ec                __pre_init_runtime_init_install_ram_vector_table
 .preinit_array.11000
                0x100060f0        0x4 CMakeFiles/blink.dir/Users/Nima/.pico-sdk/sdk/2.2.0/src/common/pico_time/time.c.o
                0x100060f0                __pre_init_runtime_init_default_alarm_pool
 .preinit_array.YYYYY
                0x100060f4        0x4 CMakeFiles/blink.dir/Users/Nima/.pico-sdk/sdk/2.2.0/src/rp2_common/pico_runtime/runtime.c.o
                0x100060f4                __pre_init_first_per_core_initializer
 .preinit_array.ZZZZZ.00051
                0x100060f8        0x4 CMakeFiles/blink.dir/Users/Nima/.pico-sdk/sdk/2.2.0/src/rp2_common/pico_runtime_init/runtime_init.c.o
                0x100060f8                __pre_init_runtime_init_per_core_bootrom_reset
 .preinit_array.ZZZZZ.00200
                0x100060fc        0x4 CMakeFiles/blink.dir/Users/Nima/.pico-sdk/sdk/2.2.0/src/rp2_common/pico_runtime_init/runtime_init.c.o
                0x100060fc                __pre_init_runtime_init_per_core_enable_coprocessors
 .preinit_array.ZZZZZ.01000
                0x10006100        0x4 CMakeFiles/blink.dir/Users/Nima/.pico-sdk/sdk/2.2.0/src/rp2_common/hardware_sync_spin_lock/sync_spin_lock.c.o
                0x10006100                __pre_init_spinlock_set_extexclall
 .preinit_array.ZZZZZ.01200
                0x10006104        0x4 CMakeFiles/blink.dir/Users/Nima/.pico-sdk/sdk/2.2.0/src/rp2_common/hardware_irq/irq.c.o
                0x10006104                __pre_init_runtime_init_per_core_irq_priorities
 *(.preinit_array)
                0x10006108                        PROVIDE (__preinit_array_end = .)
                0x10006108                        . = ALIGN (0x4)
                0x10006108                        PROVIDE (__init_array_start = .)
 *(SORT_BY_NAME(.init_array.*))
 .init_array.01000
                0x10006108        0x4 CMakeFiles/blink.dir/Users/Nima/.pico-sdk/sdk/2.2.0/src/rp2_common/pico_unique_id/unique_id.c.o
 *(.init_array)
 .init_array    0x1000610c        0x4 /Users/Nima/.pico-sdk/toolchain/14_2_Rel1/bin/../lib/gcc/arm-none-eabi/14.2.1/thumb/v8-m.main+fp/softfp/crtbegin.o
                0x10006110                        PROVIDE (__init_array_end = .)
                0x10006110                        . = ALIGN (0x4)
                [!provide]                        PROVIDE (__fini_array_start = .)
 *(SORT_BY_NAME(.fini_array.*))
 *(.fini_array)
                [!provide]                        PROVIDE (__fini_array_end = .)
 *(.eh_frame*)
 .eh_frame      0x10006110        0x0 /Users/Nima/.pico-sdk/toolchain/14_2_Rel1/bin/../lib/gcc/arm-none-eabi/14.2.1/thumb/v8-m.main+fp/softfp/crtbegin.o
                0x10006110                        . = ALIGN (0x4)

.glue_7         0x10006110        0x0
 .glue_7        0x10006110        0x0 linker stubs

.glue_7t        0x10006110        0x0
 .glue_7t       0x10006110        0x0 linker stubs

.vfp11_veneer   0x10006110        0x0
 .vfp11_veneer  0x10006110        0x0 linker stubs

.v4_bx          0x10006110        0x0
 .v4_bx         0x10006110        0x0 linker stubs

.iplt           0x10006110        0x0
 .iplt          0x10006110        0x0 /Users/Nima/.pico-sdk/toolchain/14_2_Rel1/bin/../lib/gcc/arm-none-eabi/14.2.1/thumb/v8-m.main+fp/softfp/crtbegin.o

.boot2          0x10006110        0x0
                0x10006110                        __boot2_start__ = .
 *(.boot2)
                0x10006110                        __boot2_end__ = .
                0x00000001                        ASSERT (((__boot2_end__ - __boot2_start__) <= 0x100), ERROR: Pico second stage bootloader must be no more than 256 bytes in size)

.rodata         0x10006110      0xe5c
 *(EXCLUDE_FILE(*libm.a: *libc.a:*lib_a-mem*.o *libgcc.a:) .rodata*)
 .rodata.main.str1.4
                0x10006110      0x8b7 CMakeFiles/blink.dir/blink.cpp.o
                                 0x52 (size before relaxing)
 .rodata.panic.str1.4
                0x100069c7       0x12 CMakeFiles/blink.dir/Users/Nima/.pico-sdk/sdk/2.2.0/src/rp2_common/pico_platform_panic/panic.c.o
 .rodata.spin_lock_claim_unused.str1.4
                0x100069c7       0x1b CMakeFiles/blink.dir/Users/Nima/.pico-sdk/sdk/2.2.0/src/rp2_common/hardware_sync/sync.c.o
 .rodata.resolve_j_16.str1.4
                0x100069c7       0x5a CMakeFiles/blink.dir/Users/Nima/.pico-sdk/sdk/2.2.0/src/rp2_common/hardware_irq/irq.c.o
 .rodata.make_j_16.str1.4
                0x100069c7       0x30 CMakeFiles/blink.dir/Users/Nima/.pico-sdk/sdk/2.2.0/src/rp2_common/hardware_irq/irq.c.o
 .rodata.irq_set_exclusive_handler.str1.4
                0x100069c7       0x36 CMakeFiles/blink.dir/Users/Nima/.pico-sdk/sdk/2.2.0/src/rp2_common/hardware_irq/irq.c.o
 .rodata.irq_add_shared_handler.str1.4
                0x100069c7       0xd2 CMakeFiles/blink.dir/Users/Nima/.pico-sdk/sdk/2.2.0/src/rp2_common/hardware_irq/irq.c.o
 .rodata.irq_add_tail_to_free_list.str1.4
                0x100069c7       0x3a CMakeFiles/blink.dir/Users/Nima/.pico-sdk/sdk/2.2.0/src/rp2_common/hardware_irq/irq.c.o
 .rodata.user_irq_claim_unused.str1.4
                0x100069c7       0x1b CMakeFiles/blink.dir/Users/Nima/.pico-sdk/sdk/2.2.0/src/rp2_common/hardware_irq/irq.c.o
 *fill*         0x100069c7        0x1 
 .rodata.__func__.0
                0x100069c8       0x1a CMakeFiles/blink.dir/Users/Nima/.pico-sdk/sdk/2.2.0/src/rp2_common/hardware_irq/irq.c.o
 *fill*         0x100069e2        0x2 
 .rodata.__func__.3
                0x100069e4        0xa CMakeFiles/blink.dir/Users/Nima/.pico-sdk/sdk/2.2.0/src/rp2_common/hardware_irq/irq.c.o
 *fill*         0x100069ee        0x2 
 .rodata.__func__.4
                0x100069f0        0xd CMakeFiles/blink.dir/Users/Nima/.pico-sdk/sdk/2.2.0/src/rp2_common/hardware_irq/irq.c.o
 *fill*         0x100069fd        0x3 
 .rodata.__func__.5
                0x10006a00       0x17 CMakeFiles/blink.dir/Users/Nima/.pico-sdk/sdk/2.2.0/src/rp2_common/hardware_irq/irq.c.o
 *fill*         0x10006a17        0x1 
 .rodata.__func__.6
                0x10006a18       0x1a CMakeFiles/blink.dir/Users/Nima/.pico-sdk/sdk/2.2.0/src/rp2_common/hardware_irq/irq.c.o
 .rodata.runtime_init_mutex.str1.4
                0x10006a32       0x5d CMakeFiles/blink.dir/Users/Nima/.pico-sdk/sdk/2.2.0/src/common/pico_sync/mutex.c.o
 .rodata.str1.4
                0x10006a32       0x51 CMakeFiles/blink.dir/Users/Nima/.pico-sdk/sdk/2.2.0/src/common/pico_sync/mutex.c.o
 *fill*         0x10006a32        0x2 
 .rodata.__func__.1
                0x10006a34        0xb CMakeFiles/blink.dir/Users/Nima/.pico-sdk/sdk/2.2.0/src/common/pico_sync/mutex.c.o
 *fill*         0x10006a3f        0x1 
 .rodata.__func__.3
                0x10006a40       0x18 CMakeFiles/blink.dir/Users/Nima/.pico-sdk/sdk/2.2.0/src/common/pico_sync/mutex.c.o
 .rodata.__func__.6
                0x10006a58       0x13 CMakeFiles/blink.dir/Users/Nima/.pico-sdk/sdk/2.2.0/src/common/pico_sync/mutex.c.o
 .rodata.alarm_pool_irq_handler.str1.4
                0x10006a6b       0x68 CMakeFiles/blink.dir/Users/Nima/.pico-sdk/sdk/2.2.0/src/common/pico_time/time.c.o
 .rodata.alarm_pool_get_default.str1.4
                0x10006a6b       0x21 CMakeFiles/blink.dir/Users/Nima/.pico-sdk/sdk/2.2.0/src/common/pico_time/time.c.o
 .rodata.sleep_until.str1.4
                0x10006a6b       0x4d CMakeFiles/blink.dir/Users/Nima/.pico-sdk/sdk/2.2.0/src/common/pico_time/time.c.o
 *fill*         0x10006a6b        0x1 
 .rodata.__func__.1
                0x10006a6c       0x17 CMakeFiles/blink.dir/Users/Nima/.pico-sdk/sdk/2.2.0/src/common/pico_time/time.c.o
 *fill*         0x10006a83        0x1 
 .rodata.__func__.2
                0x10006a84       0x17 CMakeFiles/blink.dir/Users/Nima/.pico-sdk/sdk/2.2.0/src/common/pico_time/time.c.o
 .rodata.timer_hardware_alarm_claim.str1.4
                0x10006a9b       0x22 CMakeFiles/blink.dir/Users/Nima/.pico-sdk/sdk/2.2.0/src/rp2_common/hardware_timer/timer.c.o
 .rodata.pll_init.str1.4
                0x10006a9b      0x118 CMakeFiles/blink.dir/Users/Nima/.pico-sdk/sdk/2.2.0/src/rp2_common/hardware_pll/pll.c.o
 *fill*         0x10006a9b        0x1 
 .rodata.__func__.0
                0x10006a9c        0x9 CMakeFiles/blink.dir/Users/Nima/.pico-sdk/sdk/2.2.0/src/rp2_common/hardware_pll/pll.c.o
 .rodata.str1.4
                0x10006aa5       0x40 CMakeFiles/blink.dir/Users/Nima/.pico-sdk/sdk/2.2.0/src/rp2_common/pico_standard_binary_info/standard_binary_info.c.o
 *fill*         0x10006aa5        0x3 
 .rodata.__bi_84
                0x10006aa8        0xc CMakeFiles/blink.dir/Users/Nima/.pico-sdk/sdk/2.2.0/src/rp2_common/pico_standard_binary_info/standard_binary_info.c.o
 .rodata.__bi_78
                0x10006ab4        0xc CMakeFiles/blink.dir/Users/Nima/.pico-sdk/sdk/2.2.0/src/rp2_common/pico_standard_binary_info/standard_binary_info.c.o
 .rodata.__bi_60
                0x10006ac0        0xc CMakeFiles/blink.dir/Users/Nima/.pico-sdk/sdk/2.2.0/src/rp2_common/pico_standard_binary_info/standard_binary_info.c.o
 .rodata.__bi_54
                0x10006acc        0xc CMakeFiles/blink.dir/Users/Nima/.pico-sdk/sdk/2.2.0/src/rp2_common/pico_standard_binary_info/standard_binary_info.c.o
 .rodata.__bi_48
                0x10006ad8        0xc CMakeFiles/blink.dir/Users/Nima/.pico-sdk/sdk/2.2.0/src/rp2_common/pico_standard_binary_info/standard_binary_info.c.o
 .rodata.__bi_42
                0x10006ae4        0xc CMakeFiles/blink.dir/Users/Nima/.pico-sdk/sdk/2.2.0/src/rp2_common/pico_standard_binary_info/standard_binary_info.c.o
 .rodata.__bi_34
                0x10006af0        0xc CMakeFiles/blink.dir/Users/Nima/.pico-sdk/sdk/2.2.0/src/rp2_common/pico_standard_binary_info/standard_binary_info.c.o
 .rodata.__bi_26
                0x10006afc        0xc CMakeFiles/blink.dir/Users/Nima/.pico-sdk/sdk/2.2.0/src/rp2_common/pico_standard_binary_info/standard_binary_info.c.o
 .rodata._ftoa.str1.4
                0x10006b08       0x15 CMakeFiles/blink.dir/Users/Nima/.pico-sdk/sdk/2.2.0/src/rp2_common/pico_printf/printf.c.o
 .rodata.pow10.0
                0x10006b08       0x50 CMakeFiles/blink.dir/Users/Nima/.pico-sdk/sdk/2.2.0/src/rp2_common/pico_printf/printf.c.o
 .rodata.__assert_func.str1.4
                0x10006b58       0x43 CMakeFiles/blink.dir/Users/Nima/.pico-sdk/sdk/2.2.0/src/rp2_common/pico_clib_interface/newlib_interface.c.o
 .rodata.crlf_str.0
                0x10006b58        0x2 CMakeFiles/blink.dir/Users/Nima/.pico-sdk/sdk/2.2.0/src/rp2_common/pico_stdio/stdio.c.o
 *fill*         0x10006b5a        0x2 
 .rodata._resetd_driver
                0x10006b5c       0x20 CMakeFiles/blink.dir/Users/Nima/.pico-sdk/sdk/2.2.0/src/rp2_common/pico_stdio_usb/reset_interface.c.o
 .rodata.desc_ms_os_20
                0x10006b7c       0xa6 CMakeFiles/blink.dir/Users/Nima/.pico-sdk/sdk/2.2.0/src/rp2_common/pico_stdio_usb/reset_interface.c.o
 *fill*         0x10006c22        0x2 
 .rodata.desc_bos
                0x10006c24       0x21 CMakeFiles/blink.dir/Users/Nima/.pico-sdk/sdk/2.2.0/src/rp2_common/pico_stdio_usb/reset_interface.c.o
                0x10006c24                desc_bos
 .rodata.stdio_usb_init.str1.4
                0x10006c45       0x52 CMakeFiles/blink.dir/Users/Nima/.pico-sdk/sdk/2.2.0/src/rp2_common/pico_stdio_usb/stdio_usb.c.o
 .rodata.str1.4
                0x10006c45       0x13 CMakeFiles/blink.dir/Users/Nima/.pico-sdk/sdk/2.2.0/src/rp2_common/pico_stdio_usb/stdio_usb.c.o
 *fill*         0x10006c45        0x3 
 .rodata.__bi_202.1
                0x10006c48        0xc CMakeFiles/blink.dir/Users/Nima/.pico-sdk/sdk/2.2.0/src/rp2_common/pico_stdio_usb/stdio_usb.c.o
 .rodata.__func__.2
                0x10006c54        0xf CMakeFiles/blink.dir/Users/Nima/.pico-sdk/sdk/2.2.0/src/rp2_common/pico_stdio_usb/stdio_usb.c.o
 .rodata.str1.4
                0x10006c63       0x2a CMakeFiles/blink.dir/Users/Nima/.pico-sdk/sdk/2.2.0/src/rp2_common/pico_stdio_usb/stdio_usb_descriptors.c.o
 *fill*         0x10006c63        0x1 
 .rodata.usbd_desc_str
                0x10006c64       0x18 CMakeFiles/blink.dir/Users/Nima/.pico-sdk/sdk/2.2.0/src/rp2_common/pico_stdio_usb/stdio_usb_descriptors.c.o
 .rodata.usbd_desc_cfg
                0x10006c7c       0x54 CMakeFiles/blink.dir/Users/Nima/.pico-sdk/sdk/2.2.0/src/rp2_common/pico_stdio_usb/stdio_usb_descriptors.c.o
 .rodata.usbd_desc_device
                0x10006cd0       0x12 CMakeFiles/blink.dir/Users/Nima/.pico-sdk/sdk/2.2.0/src/rp2_common/pico_stdio_usb/stdio_usb_descriptors.c.o
 .rodata._retrieve_unique_id_on_boot.str1.4
                0x10006ce2       0x52 CMakeFiles/blink.dir/Users/Nima/.pico-sdk/sdk/2.2.0/src/rp2_common/pico_unique_id/unique_id.c.o
 .rodata.pico_get_unique_board_id_string.str1.4
                0x10006ce2        0x8 CMakeFiles/blink.dir/Users/Nima/.pico-sdk/sdk/2.2.0/src/rp2_common/pico_unique_id/unique_id.c.o
 *fill*         0x10006ce2        0x2 
 .rodata.__func__.0
                0x10006ce4       0x20 CMakeFiles/blink.dir/Users/Nima/.pico-sdk/sdk/2.2.0/src/rp2_common/pico_unique_id/unique_id.c.o
 .rodata.__func__.1
                0x10006d04       0x1c CMakeFiles/blink.dir/Users/Nima/.pico-sdk/sdk/2.2.0/src/rp2_common/pico_unique_id/unique_id.c.o
 .rodata.hw_endpoint_alloc.str1.4
                0x10006d20       0x9d CMakeFiles/blink.dir/Users/Nima/.pico-sdk/sdk/2.2.0/lib/tinyusb/src/portable/raspberrypi/rp2040/dcd_rp2040.c.o
 .rodata.str1.4
                0x10006d20       0x14 CMakeFiles/blink.dir/Users/Nima/.pico-sdk/sdk/2.2.0/lib/tinyusb/src/portable/raspberrypi/rp2040/dcd_rp2040.c.o
 .rodata.dcd_int_enable.str1.4
                0x10006d20        0xc CMakeFiles/blink.dir/Users/Nima/.pico-sdk/sdk/2.2.0/lib/tinyusb/src/portable/raspberrypi/rp2040/dcd_rp2040.c.o
 .rodata.__func__.0
                0x10006d20        0xe CMakeFiles/blink.dir/Users/Nima/.pico-sdk/sdk/2.2.0/lib/tinyusb/src/portable/raspberrypi/rp2040/dcd_rp2040.c.o
 *fill*         0x10006d2e        0x2 
 .rodata.__func__.3
                0x10006d30       0x10 CMakeFiles/blink.dir/Users/Nima/.pico-sdk/sdk/2.2.0/lib/tinyusb/src/portable/raspberrypi/rp2040/dcd_rp2040.c.o
 .rodata.__func__.5
                0x10006d40        0xf CMakeFiles/blink.dir/Users/Nima/.pico-sdk/sdk/2.2.0/lib/tinyusb/src/portable/raspberrypi/rp2040/dcd_rp2040.c.o
 *fill*         0x10006d4f        0x1 
 .rodata.__func__.6
                0x10006d50       0x12 CMakeFiles/blink.dir/Users/Nima/.pico-sdk/sdk/2.2.0/lib/tinyusb/src/portable/raspberrypi/rp2040/dcd_rp2040.c.o
 *fill*         0x10006d62        0x2 
 .rodata.__func__.7
                0x10006d64        0x9 CMakeFiles/blink.dir/Users/Nima/.pico-sdk/sdk/2.2.0/lib/tinyusb/src/portable/raspberrypi/rp2040/dcd_rp2040.c.o
 .rodata.str1.4
                0x10006d6d       0xe4 CMakeFiles/blink.dir/Users/Nima/.pico-sdk/sdk/2.2.0/lib/tinyusb/src/portable/raspberrypi/rp2040/rp2040_usb.c.o
 .rodata.hw_endpoint_xfer_start.str1.4
                0x10006d6d       0x38 CMakeFiles/blink.dir/Users/Nima/.pico-sdk/sdk/2.2.0/lib/tinyusb/src/portable/raspberrypi/rp2040/rp2040_usb.c.o
 *fill*         0x10006d6d        0x3 
 .rodata.__func__.0
                0x10006d70        0xf CMakeFiles/blink.dir/Users/Nima/.pico-sdk/sdk/2.2.0/lib/tinyusb/src/portable/raspberrypi/rp2040/rp2040_usb.c.o
 .rodata.configuration_reset.str1.4
                0x10006d7f       0x17 CMakeFiles/blink.dir/Users/Nima/.pico-sdk/sdk/2.2.0/lib/tinyusb/src/device/usbd.c.o
 *fill*         0x10006d7f        0x1 
 .rodata.__func__.3
                0x10006d80        0xf CMakeFiles/blink.dir/Users/Nima/.pico-sdk/sdk/2.2.0/lib/tinyusb/src/device/usbd.c.o
 *fill*         0x10006d8f        0x1 
 .rodata.__func__.4
                0x10006d90        0xf CMakeFiles/blink.dir/Users/Nima/.pico-sdk/sdk/2.2.0/lib/tinyusb/src/device/usbd.c.o
 *fill*         0x10006d9f        0x1 
 .rodata.__func__.5
                0x10006da0       0x14 CMakeFiles/blink.dir/Users/Nima/.pico-sdk/sdk/2.2.0/lib/tinyusb/src/device/usbd.c.o
 .rodata.__func__.6
                0x10006db4        0xc CMakeFiles/blink.dir/Users/Nima/.pico-sdk/sdk/2.2.0/lib/tinyusb/src/device/usbd.c.o
 .rodata.__func__.7
                0x10006dc0       0x17 CMakeFiles/blink.dir/Users/Nima/.pico-sdk/sdk/2.2.0/lib/tinyusb/src/device/usbd.c.o
 *fill*         0x10006dd7        0x1 
 .rodata.__func__.8
                0x10006dd8       0x13 CMakeFiles/blink.dir/Users/Nima/.pico-sdk/sdk/2.2.0/lib/tinyusb/src/device/usbd.c.o
 *fill*         0x10006deb        0x1 
 .rodata.__func__.9
                0x10006dec       0x18 CMakeFiles/blink.dir/Users/Nima/.pico-sdk/sdk/2.2.0/lib/tinyusb/src/device/usbd.c.o
 .rodata.__func__.10
                0x10006e04       0x14 CMakeFiles/blink.dir/Users/Nima/.pico-sdk/sdk/2.2.0/lib/tinyusb/src/device/usbd.c.o
 .rodata.__func__.11
                0x10006e18        0xd CMakeFiles/blink.dir/Users/Nima/.pico-sdk/sdk/2.2.0/lib/tinyusb/src/device/usbd.c.o
 *fill*         0x10006e25        0x3 
 .rodata.__func__.12
                0x10006e28       0x10 CMakeFiles/blink.dir/Users/Nima/.pico-sdk/sdk/2.2.0/lib/tinyusb/src/device/usbd.c.o
 .rodata._usbd_driver
                0x10006e38       0x40 CMakeFiles/blink.dir/Users/Nima/.pico-sdk/sdk/2.2.0/lib/tinyusb/src/device/usbd.c.o
 .rodata.tud_control_xfer.str1.4
                0x10006e78       0x17 CMakeFiles/blink.dir/Users/Nima/.pico-sdk/sdk/2.2.0/lib/tinyusb/src/device/usbd_control.c.o
 .rodata.__func__.0
                0x10006e78       0x15 CMakeFiles/blink.dir/Users/Nima/.pico-sdk/sdk/2.2.0/lib/tinyusb/src/device/usbd_control.c.o
 *fill*         0x10006e8d        0x3 
 .rodata.__func__.1
                0x10006e90       0x11 CMakeFiles/blink.dir/Users/Nima/.pico-sdk/sdk/2.2.0/lib/tinyusb/src/device/usbd_control.c.o
 .rodata.tud_cdc_n_write_flush.str1.4
                0x10006ea1       0x17 CMakeFiles/blink.dir/Users/Nima/.pico-sdk/sdk/2.2.0/lib/tinyusb/src/class/cdc/cdc_device.c.o
 *fill*         0x10006ea1        0x3 
 .rodata.__func__.0
                0x10006ea4        0xd CMakeFiles/blink.dir/Users/Nima/.pico-sdk/sdk/2.2.0/lib/tinyusb/src/class/cdc/cdc_device.c.o
 *fill*         0x10006eb1        0x3 
 .rodata.__func__.1
                0x10006eb4        0xa CMakeFiles/blink.dir/Users/Nima/.pico-sdk/sdk/2.2.0/lib/tinyusb/src/class/cdc/cdc_device.c.o
 *fill*         0x10006ebe        0x2 
 .rodata.__func__.3
                0x10006ec0       0x16 CMakeFiles/blink.dir/Users/Nima/.pico-sdk/sdk/2.2.0/lib/tinyusb/src/class/cdc/cdc_device.c.o
 .rodata.vendord_open.str1.4
                0x10006ed6       0x17 CMakeFiles/blink.dir/Users/Nima/.pico-sdk/sdk/2.2.0/lib/tinyusb/src/class/vendor/vendor_device.c.o
 *fill*         0x10006ed6        0x2 
 .rodata.__func__.0
                0x10006ed8        0xd CMakeFiles/blink.dir/Users/Nima/.pico-sdk/sdk/2.2.0/lib/tinyusb/src/class/vendor/vendor_device.c.o
 .rodata.tusb_rhport_init.str1.4
                0x10006ee5       0x17 CMakeFiles/blink.dir/Users/Nima/.pico-sdk/sdk/2.2.0/lib/tinyusb/src/tusb.c.o
 *fill*         0x10006ee5        0x3 
 .rodata.__func__.0
                0x10006ee8       0x19 CMakeFiles/blink.dir/Users/Nima/.pico-sdk/sdk/2.2.0/lib/tinyusb/src/tusb.c.o
 *fill*         0x10006f01        0x3 
 .rodata.__func__.2
                0x10006f04       0x1a CMakeFiles/blink.dir/Users/Nima/.pico-sdk/sdk/2.2.0/lib/tinyusb/src/tusb.c.o
 *fill*         0x10006f1e        0x2 
 .rodata.__func__.3
                0x10006f20       0x23 CMakeFiles/blink.dir/Users/Nima/.pico-sdk/sdk/2.2.0/lib/tinyusb/src/tusb.c.o
 *fill*         0x10006f43        0x1 
 .rodata.__func__.4
                0x10006f44       0x11 CMakeFiles/blink.dir/Users/Nima/.pico-sdk/sdk/2.2.0/lib/tinyusb/src/tusb.c.o
 *fill*         0x10006f55        0x3 
 .rodata.__func__.5
                0x10006f58       0x11 CMakeFiles/blink.dir/Users/Nima/.pico-sdk/sdk/2.2.0/lib/tinyusb/src/tusb.c.o
 *(.srodata*)
                0x10006f6c                        . = ALIGN (0x4)
 *fill*         0x10006f69        0x3 
 *(SORT_BY_ALIGNMENT(SORT_BY_NAME(.flashdata*)))
                0x10006f6c                        . = ALIGN (0x4)

.ARM.extab
 *(.ARM.extab* .gnu.linkonce.armextab.*)
                0x10006f6c                        __exidx_start = .

.ARM.exidx      0x10006f6c        0x8
 *(.ARM.exidx* .gnu.linkonce.armexidx.*)
 .ARM.exidx     0x10006f6c        0x8 /Users/Nima/.pico-sdk/toolchain/14_2_Rel1/bin/../lib/gcc/arm-none-eabi/14.2.1/../../../../arm-none-eabi/lib/thumb/v8-m.main+fp/softfp/libg.a(libc_a-memcpy.o)
 .ARM.exidx.text.__udivmoddi4
                0x10006f74        0x0 /Users/Nima/.pico-sdk/toolchain/14_2_Rel1/bin/../lib/gcc/arm-none-eabi/14.2.1/thumb/v8-m.main+fp/softfp/libgcc.a(_udivmoddi4.o)
                                  0x8 (size before relaxing)
                0x10006f74                        __exidx_end = .
                0x10006f74                        . = ALIGN (0x4)
                0x10006f74                        __binary_info_start = .

.binary_info    0x10006f74       0x24
 *(.binary_info.keep.*)
 .binary_info.keep.__bi_ptr84
                0x10006f74        0x4 CMakeFiles/blink.dir/Users/Nima/.pico-sdk/sdk/2.2.0/src/rp2_common/pico_standard_binary_info/standard_binary_info.c.o
 .binary_info.keep.__bi_ptr78
                0x10006f78        0x4 CMakeFiles/blink.dir/Users/Nima/.pico-sdk/sdk/2.2.0/src/rp2_common/pico_standard_binary_info/standard_binary_info.c.o
 .binary_info.keep.__bi_ptr60
                0x10006f7c        0x4 CMakeFiles/blink.dir/Users/Nima/.pico-sdk/sdk/2.2.0/src/rp2_common/pico_standard_binary_info/standard_binary_info.c.o
 .binary_info.keep.__bi_ptr54
                0x10006f80        0x4 CMakeFiles/blink.dir/Users/Nima/.pico-sdk/sdk/2.2.0/src/rp2_common/pico_standard_binary_info/standard_binary_info.c.o
 .binary_info.keep.__bi_ptr48
                0x10006f84        0x4 CMakeFiles/blink.dir/Users/Nima/.pico-sdk/sdk/2.2.0/src/rp2_common/pico_standard_binary_info/standard_binary_info.c.o
 .binary_info.keep.__bi_ptr42
                0x10006f88        0x4 CMakeFiles/blink.dir/Users/Nima/.pico-sdk/sdk/2.2.0/src/rp2_common/pico_standard_binary_info/standard_binary_info.c.o
 .binary_info.keep.__bi_ptr34
                0x10006f8c        0x4 CMakeFiles/blink.dir/Users/Nima/.pico-sdk/sdk/2.2.0/src/rp2_common/pico_standard_binary_info/standard_binary_info.c.o
 .binary_info.keep.__bi_ptr26
                0x10006f90        0x4 CMakeFiles/blink.dir/Users/Nima/.pico-sdk/sdk/2.2.0/src/rp2_common/pico_standard_binary_info/standard_binary_info.c.o
 *(.binary_info.*)
 .binary_info.__bi_ptr202
                0x10006f94        0x4 CMakeFiles/blink.dir/Users/Nima/.pico-sdk/sdk/2.2.0/src/rp2_common/pico_stdio_usb/stdio_usb.c.o
                0x10006f98                        __binary_info_end = .
                0x10006f98                        . = ALIGN (0x4)

.ram_vector_table
                0x20000000      0x110
 *(.ram_vector_table)
 .ram_vector_table
                0x20000000      0x110 CMakeFiles/blink.dir/Users/Nima/.pico-sdk/sdk/2.2.0/src/rp2_common/pico_runtime_init/runtime_init.c.o
                0x20000000                ram_vector_table

.uninitialized_data
                0x20000110        0x0
                0x20000110                        . = ALIGN (0x4)
 *(.uninitialized_data*)

.data           0x20000110      0xdac load address 0x10006f98
                0x20000110                        __data_start__ = .
 *(vtable)
 *(.time_critical*)
 .time_critical.mutex_try_enter
                0x20000110       0x58 CMakeFiles/blink.dir/Users/Nima/.pico-sdk/sdk/2.2.0/src/common/pico_sync/mutex.c.o
                0x20000110                mutex_try_enter
 .time_critical.mutex_enter_block_until
                0x20000168       0x84 CMakeFiles/blink.dir/Users/Nima/.pico-sdk/sdk/2.2.0/src/common/pico_sync/mutex.c.o
                0x20000168                mutex_enter_block_until
 .time_critical.mutex_try_enter_block_until
                0x200001ec       0x32 CMakeFiles/blink.dir/Users/Nima/.pico-sdk/sdk/2.2.0/src/common/pico_sync/mutex.c.o
                0x200001ec                mutex_try_enter_block_until
 .time_critical.mutex_enter_timeout_ms
                0x2000021e       0x52 CMakeFiles/blink.dir/Users/Nima/.pico-sdk/sdk/2.2.0/src/common/pico_sync/mutex.c.o
                0x2000021e                mutex_enter_timeout_ms
 .time_critical.mutex_exit
                0x20000270       0x58 CMakeFiles/blink.dir/Users/Nima/.pico-sdk/sdk/2.2.0/src/common/pico_sync/mutex.c.o
                0x20000270                mutex_exit
 .time_critical.reset_non_control_endpoints
                0x200002c8       0x40 CMakeFiles/blink.dir/Users/Nima/.pico-sdk/sdk/2.2.0/lib/tinyusb/src/portable/raspberrypi/rp2040/dcd_rp2040.c.o
 .time_critical.hw_handle_buff_status
                0x20000308       0x90 CMakeFiles/blink.dir/Users/Nima/.pico-sdk/sdk/2.2.0/lib/tinyusb/src/portable/raspberrypi/rp2040/dcd_rp2040.c.o
 .time_critical.dcd_rp2040_irq
                0x20000398      0x1fc CMakeFiles/blink.dir/Users/Nima/.pico-sdk/sdk/2.2.0/lib/tinyusb/src/portable/raspberrypi/rp2040/dcd_rp2040.c.o
 .time_critical.prepare_ep_buffer
                0x20000594       0x5a CMakeFiles/blink.dir/Users/Nima/.pico-sdk/sdk/2.2.0/lib/tinyusb/src/portable/raspberrypi/rp2040/rp2040_usb.c.o
 *fill*         0x200005ee        0x2 
 .time_critical.e15_is_bulkin_ep
                0x200005f0       0x2c CMakeFiles/blink.dir/Users/Nima/.pico-sdk/sdk/2.2.0/lib/tinyusb/src/portable/raspberrypi/rp2040/rp2040_usb.c.o
 .time_critical.e15_is_critical_frame_period
                0x2000061c       0x28 CMakeFiles/blink.dir/Users/Nima/.pico-sdk/sdk/2.2.0/lib/tinyusb/src/portable/raspberrypi/rp2040/rp2040_usb.c.o
 .time_critical.sync_ep_buffer
                0x20000644       0x7c CMakeFiles/blink.dir/Users/Nima/.pico-sdk/sdk/2.2.0/lib/tinyusb/src/portable/raspberrypi/rp2040/rp2040_usb.c.o
 .time_critical._hw_endpoint_xfer_sync
                0x200006c0       0x2a CMakeFiles/blink.dir/Users/Nima/.pico-sdk/sdk/2.2.0/lib/tinyusb/src/portable/raspberrypi/rp2040/rp2040_usb.c.o
 .time_critical.hw_endpoint_reset_transfer
                0x200006ea        0xc CMakeFiles/blink.dir/Users/Nima/.pico-sdk/sdk/2.2.0/lib/tinyusb/src/portable/raspberrypi/rp2040/rp2040_usb.c.o
                0x200006ea                hw_endpoint_reset_transfer
 *fill*         0x200006f6        0x2 
 .time_critical._hw_endpoint_buffer_control_update32
                0x200006f8       0x4c CMakeFiles/blink.dir/Users/Nima/.pico-sdk/sdk/2.2.0/lib/tinyusb/src/portable/raspberrypi/rp2040/rp2040_usb.c.o
                0x200006f8                _hw_endpoint_buffer_control_update32
 .time_critical.hw_endpoint_start_next_buffer
                0x20000744       0x70 CMakeFiles/blink.dir/Users/Nima/.pico-sdk/sdk/2.2.0/lib/tinyusb/src/portable/raspberrypi/rp2040/rp2040_usb.c.o
                0x20000744                hw_endpoint_start_next_buffer
 .time_critical.hw_endpoint_xfer_continue
                0x200007b4       0x3c CMakeFiles/blink.dir/Users/Nima/.pico-sdk/sdk/2.2.0/lib/tinyusb/src/portable/raspberrypi/rp2040/rp2040_usb.c.o
                0x200007b4                hw_endpoint_xfer_continue
 .time_critical.tinyusb
                0x200007f0      0x25c CMakeFiles/blink.dir/Users/Nima/.pico-sdk/sdk/2.2.0/lib/tinyusb/src/device/usbd.c.o
                0x200007f0                dcd_event_handler
 *(.text*)
 .text          0x20000a4c       0x30 /Users/Nima/.pico-sdk/toolchain/14_2_Rel1/bin/../lib/gcc/arm-none-eabi/14.2.1/thumb/v8-m.main+fp/softfp/libgcc.a(_aeabi_uldivmod.o)
                0x20000a4c                __aeabi_uldivmod
 .text.__udivmoddi4
                0x20000a7c      0x34c /Users/Nima/.pico-sdk/toolchain/14_2_Rel1/bin/../lib/gcc/arm-none-eabi/14.2.1/thumb/v8-m.main+fp/softfp/libgcc.a(_udivmoddi4.o)
                0x20000a7c                __udivmoddi4
 .text          0x20000dc8        0x4 /Users/Nima/.pico-sdk/toolchain/14_2_Rel1/bin/../lib/gcc/arm-none-eabi/14.2.1/thumb/v8-m.main+fp/softfp/libgcc.a(_dvmd_tls.o)
                0x20000dc8                __aeabi_ldiv0
                0x20000dc8                __aeabi_idiv0
 *fill*         0x20000dcc        0x4 
 .text.__stub   0x20000dd0       0x48 linker stubs
                0x20000e18                        . = ALIGN (0x4)
 *(.rodata*)
                0x20000e18                        . = ALIGN (0x4)
 *(.data*)
 .data.striped_spin_lock_num
                0x20000e18        0x1 CMakeFiles/blink.dir/Users/Nima/.pico-sdk/sdk/2.2.0/src/rp2_common/hardware_sync/sync.c.o
 *fill*         0x20000e19        0x3 
 .data          0x20000e1c       0x48 CMakeFiles/blink.dir/Users/Nima/.pico-sdk/sdk/2.2.0/src/rp2_common/hardware_irq/irq_handler_chain.S.o
                0x20000e1c                irq_handler_chain_slots
                0x20000e4c                irq_handler_chain_first_slot
                0x20000e56                irq_handler_chain_remove_tail
 .data.default_alarm_pool
                0x20000e64       0x18 CMakeFiles/blink.dir/Users/Nima/.pico-sdk/sdk/2.2.0/src/common/pico_time/time.c.o
 .data.stdio_usb
                0x20000e7c       0x18 CMakeFiles/blink.dir/Users/Nima/.pico-sdk/sdk/2.2.0/src/rp2_common/pico_stdio_usb/stdio_usb.c.o
                0x20000e7c                stdio_usb
 .data._usbd_qdef
                0x20000e94       0x1c CMakeFiles/blink.dir/Users/Nima/.pico-sdk/sdk/2.2.0/lib/tinyusb/src/device/usbd.c.o
                0x20000e94                _usbd_qdef
 .data._usbd_rhport
                0x20000eb0        0x1 CMakeFiles/blink.dir/Users/Nima/.pico-sdk/sdk/2.2.0/lib/tinyusb/src/device/usbd.c.o
 *(.sdata*)
                0x20000eb4                        . = ALIGN (0x4)
 *fill*         0x20000eb1        0x3 
 *(.after_data.*)
                0x20000eb4                        . = ALIGN (0x4)
                0x20000eb4                        PROVIDE (__mutex_array_start = .)
 *(SORT_BY_NAME(.mutex_array.*))
 *(.mutex_array)
 .mutex_array   0x20000eb4        0x8 CMakeFiles/blink.dir/Users/Nima/.pico-sdk/sdk/2.2.0/src/rp2_common/pico_stdio/stdio.c.o
                0x20000ebc                        PROVIDE (__mutex_array_end = .)
 *(.jcr)
                0x20000ebc                        . = ALIGN (0x4)

.tm_clone_table
                0x20000ebc        0x0 load address 0x10007d44
 .tm_clone_table
                0x20000ebc        0x0 /Users/Nima/.pico-sdk/toolchain/14_2_Rel1/bin/../lib/gcc/arm-none-eabi/14.2.1/thumb/v8-m.main+fp/softfp/crtbegin.o
 .tm_clone_table
                0x20000ebc        0x0 /Users/Nima/.pico-sdk/toolchain/14_2_Rel1/bin/../lib/gcc/arm-none-eabi/14.2.1/thumb/v8-m.main+fp/softfp/crtend.o

.igot.plt       0x20000ebc        0x0 load address 0x10007d44
 .igot.plt      0x20000ebc        0x0 /Users/Nima/.pico-sdk/toolchain/14_2_Rel1/bin/../lib/gcc/arm-none-eabi/14.2.1/thumb/v8-m.main+fp/softfp/crtbegin.o

.tdata          0x20000ebc        0x0 load address 0x10007d44
                0x20000ebc                        . = ALIGN (0x4)
 *(.tdata .tdata.* .gnu.linkonce.td.*)
                0x20000ebc                        __tdata_end = .
                0x20000ebc                        PROVIDE (__data_end__ = .)
                0x10006f98                        __etext = LOADADDR (.data)

.tbss           0x20000ebc        0x0 load address 0x10007d44
                0x20000ebc                        . = ALIGN (0x4)
                0x20000ebc                        __bss_start__ = .
                0x20000ebc                        __tls_base = .
 *(.tbss .tbss.* .gnu.linkonce.tb.*)
 *(.tcommon)
                0x20000ebc                        __tls_end = .

.bss            0x20000ec0      0xc24 load address 0x10007d44
                0x20000ec0                        . = ALIGN (0x4)
                0x20000ec0                        __tbss_end = .
 *(SORT_BY_ALIGNMENT(SORT_BY_NAME(.bss*)))
 .bss.default_alarm_pool_entries
                0x20000ec0      0x180 CMakeFiles/blink.dir/Users/Nima/.pico-sdk/sdk/2.2.0/src/common/pico_time/time.c.o
 .bss.last_avail_time.3
                0x20001040        0x8 CMakeFiles/blink.dir/Users/Nima/.pico-sdk/sdk/2.2.0/src/rp2_common/pico_stdio_usb/stdio_usb.c.o
 .bss._app_driver
                0x20001048        0x4 CMakeFiles/blink.dir/Users/Nima/.pico-sdk/sdk/2.2.0/lib/tinyusb/src/device/usbd.c.o
 .bss._cdcd_epbuf
                0x2000104c       0x80 CMakeFiles/blink.dir/Users/Nima/.pico-sdk/sdk/2.2.0/lib/tinyusb/src/class/cdc/cdc_device.c.o
 .bss._cdcd_fifo_cfg
                0x200010cc        0x1 CMakeFiles/blink.dir/Users/Nima/.pico-sdk/sdk/2.2.0/lib/tinyusb/src/class/cdc/cdc_device.c.o
 *fill*         0x200010cd        0x3 
 .bss._cdcd_itf
                0x200010d0       0xc8 CMakeFiles/blink.dir/Users/Nima/.pico-sdk/sdk/2.2.0/lib/tinyusb/src/class/cdc/cdc_device.c.o
 .bss._ctrl_epbuf
                0x20001198       0x40 CMakeFiles/blink.dir/Users/Nima/.pico-sdk/sdk/2.2.0/lib/tinyusb/src/device/usbd_control.c.o
 .bss._ctrl_xfer
                0x200011d8       0x14 CMakeFiles/blink.dir/Users/Nima/.pico-sdk/sdk/2.2.0/lib/tinyusb/src/device/usbd_control.c.o
 .bss._sw_spin_locks
                0x200011ec       0x20 CMakeFiles/blink.dir/Users/Nima/.pico-sdk/sdk/2.2.0/src/rp2_common/hardware_sync_spin_lock/sync_spin_lock.c.o
                0x200011ec                _sw_spin_locks
 .bss._tusb_rhport_role