Archive member included to satisfy reference by file (symbol)

/Users/Nima/.pico-sdk/toolchain/14_2_Rel1/bin/../lib/gcc/arm-none-eabi/14.2.1/../../../../arm-none-eabi/lib/thumb/v8-m.main+fp/softfp/libm.a(libm_a-wf_sqrt.o)
                              CMakeFiles/blink.dir/Users/Nima/.pico-sdk/sdk/2.2.0/src/rp2_common/pico_float/float_math.c.o (sqrtf)
/Users/Nima/.pico-sdk/toolchain/14_2_Rel1/bin/../lib/gcc/arm-none-eabi/14.2.1/../../../../arm-none-eabi/lib/thumb/v8-m.main+fp/softfp/libm.a(libm_a-ef_sqrt.o)
                              /Users/Nima/.pico-sdk/toolchain/14_2_Rel1/bin/../lib/gcc/arm-none-eabi/14.2.1/../../../../arm-none-eabi/lib/thumb/v8-m.main+fp/softfp/libm.a(libm_a-wf_sqrt.o) (__ieee754_sqrtf)
/Users/Nima/.pico-sdk/toolchain/14_2_Rel1/bin/../lib/gcc/arm-none-eabi/14.2.1/thumb/v8-m.main+fp/softfp/libgcc.a(_arm_addsubdf3.o)
                              CMakeFiles/blink.dir/Users/Nima/.pico-sdk/sdk/2.2.0/src/rp2_common/pico_float/float_math.c.o (__aeabi_f2d)
/Users/Nima/.pico-sdk/toolchain/14_2_Rel1/bin/../lib/gcc/arm-none-eabi/14.2.1/thumb/v8-m.main+fp/softfp/libgcc.a(_aeabi_ldivmod.o)
                              CMakeFiles/blink.dir/Users/Nima/.pico-sdk/sdk/2.2.0/src/common/pico_time/time.c.o (__aeabi_ldivmod)
/Users/Nima/.pico-sdk/toolchain/14_2_Rel1/bin/../lib/gcc/arm-none-eabi/14.2.1/thumb/v8-m.main+fp/softfp/libgcc.a(_aeabi_uldivmod.o)
                              CMakeFiles/blink.dir/Users/Nima/.pico-sdk/sdk/2.2.0/src/rp2_common/hardware_clocks/clocks.c.o (__aeabi_uldivmod)
/Users/Nima/.pico-sdk/toolchain/14_2_Rel1/bin/../lib/gcc/arm-none-eabi/14.2.1/thumb/v8-m.main+fp/softfp/libgcc.a(_udivmoddi4.o)
                              /Users/Nima/.pico-sdk/toolchain/14_2_Rel1/bin/../lib/gcc/arm-none-eabi/14.2.1/thumb/v8-m.main+fp/softfp/libgcc.a(_aeabi_ldivmod.o) (__udivmoddi4)
/Users/Nima/.pico-sdk/toolchain/14_2_Rel1/bin/../lib/gcc/arm-none-eabi/14.2.1/thumb/v8-m.main+fp/softfp/libgcc.a(_dvmd_tls.o)
                              /Users/Nima/.pico-sdk/toolchain/14_2_Rel1/bin/../lib/gcc/arm-none-eabi/14.2.1/thumb/v8-m.main+fp/softfp/libgcc.a(_aeabi_ldivmod.o) (__aeabi_ldiv0)
/Users/Nima/.pico-sdk/toolchain/14_2_Rel1/bin/../lib/gcc/arm-none-eabi/14.2.1/../../../../arm-none-eabi/lib/thumb/v8-m.main+fp/softfp/libg.a(libc_a-calloc.o)
                              CMakeFiles/blink.dir/Users/Nima/.pico-sdk/sdk/2.2.0/src/rp2_common/pico_malloc/malloc.c.o (calloc)
/Users/Nima/.pico-sdk/toolchain/14_2_Rel1/bin/../lib/gcc/arm-none-eabi/14.2.1/../../../../arm-none-eabi/lib/thumb/v8-m.main+fp/softfp/libg.a(libc_a-callocr.o)
                              /Users/Nima/.pico-sdk/toolchain/14_2_Rel1/bin/../lib/gcc/arm-none-eabi/14.2.1/../../../../arm-none-eabi/lib/thumb/v8-m.main+fp/softfp/libg.a(libc_a-calloc.o) (_calloc_r)
/Users/Nima/.pico-sdk/toolchain/14_2_Rel1/bin/../lib/gcc/arm-none-eabi/14.2.1/../../../../arm-none-eabi/lib/thumb/v8-m.main+fp/softfp/libg.a(libc_a-malloc.o)
                              CMakeFiles/blink.dir/Users/Nima/.pico-sdk/sdk/2.2.0/src/rp2_common/pico_malloc/malloc.c.o (malloc)
/Users/Nima/.pico-sdk/toolchain/14_2_Rel1/bin/../lib/gcc/arm-none-eabi/14.2.1/../../../../arm-none-eabi/lib/thumb/v8-m.main+fp/softfp/libg.a(libc_a-mallocr.o)
                              /Users/Nima/.pico-sdk/toolchain/14_2_Rel1/bin/../lib/gcc/arm-none-eabi/14.2.1/../../../../arm-none-eabi/lib/thumb/v8-m.main+fp/softfp/libg.a(libc_a-callocr.o) (_malloc_r)
/Users/Nima/.pico-sdk/toolchain/14_2_Rel1/bin/../lib/gcc/arm-none-eabi/14.2.1/../../../../arm-none-eabi/lib/thumb/v8-m.main+fp/softfp/libg.a(libc_a-mlock.o)
                              /Users/Nima/.pico-sdk/toolchain/14_2_Rel1/bin/../lib/gcc/arm-none-eabi/14.2.1/../../../../arm-none-eabi/lib/thumb/v8-m.main+fp/softfp/libg.a(libc_a-mallocr.o) (__malloc_lock)
/Users/Nima/.pico-sdk/toolchain/14_2_Rel1/bin/../lib/gcc/arm-none-eabi/14.2.1/../../../../arm-none-eabi/lib/thumb/v8-m.main+fp/softfp/libg.a(libc_a-realloc.o)
                              CMakeFiles/blink.dir/Users/Nima/.pico-sdk/sdk/2.2.0/src/rp2_common/pico_malloc/malloc.c.o (realloc)
/Users/Nima/.pico-sdk/toolchain/14_2_Rel1/bin/../lib/gcc/arm-none-eabi/14.2.1/../../../../arm-none-eabi/lib/thumb/v8-m.main+fp/softfp/libg.a(libc_a-reallocr.o)
                              /Users/Nima/.pico-sdk/toolchain/14_2_Rel1/bin/../lib/gcc/arm-none-eabi/14.2.1/../../../../arm-none-eabi/lib/thumb/v8-m.main+fp/softfp/libg.a(libc_a-realloc.o) (_realloc_r)
/Users/Nima/.pico-sdk/toolchain/14_2_Rel1/bin/../lib/gcc/arm-none-eabi/14.2.1/../../../../arm-none-eabi/lib/thumb/v8-m.main+fp/softfp/libg.a(libc_a-memcmp.o)
                              CMakeFiles/blink.dir/Users/Nima/.pico-sdk/sdk/2.2.0/src/rp2_common/pico_atomic/atomic.c.o (memcmp)
/Users/Nima/.pico-sdk/toolchain/14_2_Rel1/bin/../lib/gcc/arm-none-eabi/14.2.1/../../../../arm-none-eabi/lib/thumb/v8-m.main+fp/softfp/libg.a(libc_a-memmove.o)
[...]
Memory Configuration

Name             Origin             Length             Attributes
FLASH            0x10000000         0x00400000         xr
RAM              0x20000000         0x00080000         xrw
SCRATCH_X        0x20080000         0x00001000         xrw
SCRATCH_Y        0x20081000         0x00001000         xrw
*default*        0x00000000         0xffffffff

Linker script and memory map

LOAD /Users/Nima/.pico-sdk/toolchain/14_2_Rel1/bin/../lib/gcc/arm-none-eabi/14.2.1/thumb/v8-m.main+fp/softfp/crti.o
LOAD /Users/Nima/.pico-sdk/toolchain/14_2_Rel1/bin/../lib/gcc/arm-none-eabi/14.2.1/thumb/v8-m.main+fp/softfp/crtbegin.o
LOAD /Users/Nima/.pico-sdk/toolchain/14_2_Rel1/bin/../lib/gcc/arm-none-eabi/14.2.1/../../../../arm-none-eabi/lib/thumb/v8-m.main+fp/softfp/crt0.o

.flash_begin    0x10000000        0x0
                0x10000000                        __flash_binary_start = .

.text           0x10000000     0x9948
                0x10000000                        __logical_binary_start = .
 *(.vectors)
 .vectors       0x10000000      0x124 CMakeFiles/blink.dir/Users/Nima/.pico-sdk/sdk/2.2.0/src/rp2_common/pico_crt0/crt0.S.o
                0x10000000                __VECTOR_TABLE
                0x10000000                __vectors
                0x10000110                __unhandled_user_irq
                0x10000110                isr_irq49
                0x10000110                isr_irq13
                0x10000110                isr_irq43
                0x10000110                isr_irq45
                0x10000110                isr_irq27
                0x10000110                isr_irq32
                0x10000110                isr_irq31
                0x10000110                isr_irq5
                0x10000110                isr_irq11
                0x10000110                isr_irq23
                0x10000110                isr_usagefault
                0x10000110                isr_irq48
                0x10000110                isr_irq35
                0x10000110                isr_irq18
                0x10000110                isr_irq50
                0x10000110                isr_irq9
                0x10000110                isr_irq30
                0x10000110                isr_irq16
                0x10000110                isr_irq44
                0x10000110                isr_irq29
                0x10000110                isr_irq26
                0x10000110                isr_irq33
                0x10000110                isr_irq3
                0x10000110                isr_irq12
                0x10000110                isr_securefault
                0x10000110                isr_irq40
                0x10000110                isr_irq28
                0x10000110                isr_irq19
                0x10000110                isr_irq36
                0x10000110                isr_irq41
                0x10000110                isr_irq0
                0x10000110                isr_irq6
                0x10000110                isr_memmanage
                0x10000110                isr_irq37
                0x10000110                isr_irq42
                0x10000110                isr_irq22
                0x10000110                isr_irq17
                0x10000110                isr_irq38
                0x10000110                isr_irq14
                0x10000110                __vectors_end
                0x10000110                __default_isrs_start
                0x10000110                isr_irq2
                0x10000110                isr_irq10
                0x10000110                isr_irq8
                0x10000110                isr_debugmonitor
                0x10000110                isr_irq24
                0x10000110                isr_irq46
                0x10000110                isr_irq1
                0x10000110                isr_irq47
                0x10000110                isr_irq51
                0x10000110                isr_irq7
                0x10000110                isr_irq21
                0x10000110                isr_irq39
                0x10000110                isr_irq20
                0x10000110                isr_irq15
                0x10000110                isr_irq25
                0x10000110                isr_irq34
                0x10000110                isr_irq4
                0x10000110                isr_busfault
                0x10000116                unhandled_user_irq_num_in_r0
                0x10000118                isr_invalid
                0x1000011a                isr_nmi
                0x1000011c                isr_hardfault
                0x1000011e                isr_svcall
                0x10000120                isr_pendsv
                0x10000122                isr_systick
                0x10000124                __default_isrs_end
 *(.binary_info_header)
 .binary_info_header
                0x10000124       0x14 CMakeFiles/blink.dir/Users/Nima/.pico-sdk/sdk/2.2.0/src/rp2_common/pico_crt0/crt0.S.o
                0x10000138                        __binary_info_header_end = .
 *(.embedded_block)
 .embedded_block
                0x10000138       0x14 CMakeFiles/blink.dir/Users/Nima/.pico-sdk/sdk/2.2.0/src/rp2_common/pico_crt0/crt0.S.o
                0x1000014c                        __embedded_block_end = .
 *(.reset)
 .reset         0x1000014c       0x98 CMakeFiles/blink.dir/Users/Nima/.pico-sdk/sdk/2.2.0/src/rp2_common/pico_crt0/crt0.S.o
                0x1000014c                _entry_point
 *(.init)
 .init          0x100001e4        0x4 /Users/Nima/.pico-sdk/toolchain/14_2_Rel1/bin/../lib/gcc/arm-none-eabi/14.2.1/thumb/v8-m.main+fp/softfp/crti.o
                0x100001e4                _init
 SORT_BY_NAME(REVERSE(*libgcc.a:cmse_nonsecure_call.o))()
 *(EXCLUDE_FILE(*libm.a: *libc.a:*lib_a-mem*.o *libgcc.a:) .text*)
 .text.register_tm_clones
                0x100001e8       0x28 /Users/Nima/.pico-sdk/toolchain/14_2_Rel1/bin/../lib/gcc/arm-none-eabi/14.2.1/thumb/v8-m.main+fp/softfp/crtbegin.o
 .text.frame_dummy
                0x10000210       0x24 /Users/Nima/.pico-sdk/toolchain/14_2_Rel1/bin/../lib/gcc/arm-none-eabi/14.2.1/thumb/v8-m.main+fp/softfp/crtbegin.o
 .text.main     0x10000234       0x58 CMakeFiles/blink.dir/blink.cpp.o
                0x10000234                main
 .text._gpio_set_irq_enabled
                0x1000028c       0x38 CMakeFiles/blink.dir/Users/Nima/.pico-sdk/sdk/2.2.0/src/rp2_common/hardware_gpio/gpio.c.o
 .text.gpio_set_function
                0x100002c4       0x38 CMakeFiles/blink.dir/Users/Nima/.pico-sdk/sdk/2.2.0/src/rp2_common/hardware_gpio/gpio.c.o
                0x100002c4                gpio_set_function
 .text.gpio_set_pulls
                0x100002fc       0x38 CMakeFiles/blink.dir/Users/Nima/.pico-sdk/sdk/2.2.0/src/rp2_common/hardware_gpio/gpio.c.o
                0x100002fc                gpio_set_pulls
 .text.gpio_set_input_hysteresis_enabled
                0x10000334       0x28 CMakeFiles/blink.dir/Users/Nima/.pico-sdk/sdk/2.2.0/src/rp2_common/hardware_gpio/gpio.c.o
                0x10000334                gpio_set_input_hysteresis_enabled
 .text.gpio_set_irq_enabled
                0x1000035c       0x50 CMakeFiles/blink.dir/Users/Nima/.pico-sdk/sdk/2.2.0/src/rp2_common/hardware_gpio/gpio.c.o
                0x1000035c                gpio_set_irq_enabled
 .text.gpio_add_raw_irq_handler_with_order_priority_masked
                0x100003ac       0x40 CMakeFiles/blink.dir/Users/Nima/.pico-sdk/sdk/2.2.0/src/rp2_common/hardware_gpio/gpio.c.o
                0x100003ac                gpio_add_raw_irq_handler_with_order_priority_masked
 .text.gpio_remove_raw_irq_handler_masked
                0x100003ec       0x4c CMakeFiles/blink.dir/Users/Nima/.pico-sdk/sdk/2.2.0/src/rp2_common/hardware_gpio/gpio.c.o
                0x100003ec                gpio_remove_raw_irq_handler_masked
 .text.gpio_init
                0x10000438       0x16 CMakeFiles/blink.dir/Users/Nima/.pico-sdk/sdk/2.2.0/src/rp2_common/hardware_gpio/gpio.c.o
                0x10000438                gpio_init
 *fill*         0x1000044e        0x2 
 .text.panic    0x10000450       0x30 CMakeFiles/blink.dir/Users/Nima/.pico-sdk/sdk/2.2.0/src/rp2_common/pico_platform_panic/panic.c.o
                0x10000450                panic
 .text.hw_claim_lock
                0x10000480       0x24 CMakeFiles/blink.dir/Users/Nima/.pico-sdk/sdk/2.2.0/src/common/hardware_claim/claim.c.o
                0x10000480                hw_claim_lock
 .text.hw_claim_unlock
                0x100004a4       0x14 CMakeFiles/blink.dir/Users/Nima/.pico-sdk/sdk/2.2.0/src/common/hardware_claim/claim.c.o
                0x100004a4                hw_claim_unlock
 .text.hw_claim_or_assert
                0x100004b8       0x32 CMakeFiles/blink.dir/Users/Nima/.pico-sdk/sdk/2.2.0/src/common/hardware_claim/claim.c.o
                0x100004b8                hw_claim_or_assert
 .text.hw_claim_unused_from_range
                0x100004ea       0x4e CMakeFiles/blink.dir/Users/Nima/.pico-sdk/sdk/2.2.0/src/common/hardware_claim/claim.c.o
                0x100004ea                hw_claim_unused_from_range
 .text.hw_claim_clear
                0x10000538       0x40 CMakeFiles/blink.dir/Users/Nima/.pico-sdk/sdk/2.2.0/src/common/hardware_claim/claim.c.o
                0x10000538                hw_claim_clear
 .text.next_striped_spin_lock_num
                0x10000578       0x1c CMakeFiles/blink.dir/Users/Nima/.pico-sdk/sdk/2.2.0/src/rp2_common/hardware_sync/sync.c.o
                0x10000578                next_striped_spin_lock_num
 .text.spin_lock_claim_unused
                0x10000594       0x24 CMakeFiles/blink.dir/Users/Nima/.pico-sdk/sdk/2.2.0/src/rp2_common/hardware_sync/sync.c.o
                0x10000594                spin_lock_claim_unused
 .text.spinlock_set_extexclall
                0x100005b8        0xe CMakeFiles/blink.dir/Users/Nima/.pico-sdk/sdk/2.2.0/src/rp2_common/hardware_sync_spin_lock/sync_spin_lock.c.o
 *fill*         0x100005c6        0x2 
 .text.spin_locks_reset
                0x100005c8       0x1c CMakeFiles/blink.dir/Users/Nima/.pico-sdk/sdk/2.2.0/src/rp2_common/hardware_sync_spin_lock/sync_spin_lock.c.o
                0x100005c8                spin_locks_reset
 .text.set_raw_irq_handler_and_unlock
                0x100005e4       0x24 CMakeFiles/blink.dir/Users/Nima/.pico-sdk/sdk/2.2.0/src/rp2_common/hardware_irq/irq.c.o
 .text.nvic_ipr0
                0x10000608        0x8 CMakeFiles/blink.dir/Users/Nima/.pico-sdk/sdk/2.2.0/src/rp2_common/hardware_irq/irq.c.o
 .text.runtime_init_per_core_irq_priorities
                0x10000610       0x1c CMakeFiles/blink.dir/Users/Nima/.pico-sdk/sdk/2.2.0/src/rp2_common/hardware_irq/irq.c.o
                0x10000610                runtime_init_per_core_irq_priorities
 .text.get_user_irq_claim_index
                0x1000062c        0x6 CMakeFiles/blink.dir/Users/Nima/.pico-sdk/sdk/2.2.0/src/rp2_common/hardware_irq/irq.c.o
 *fill*         0x10000632        0x2 
 .text.resolve_j_16
                0x10000634       0x40 CMakeFiles/blink.dir/Users/Nima/.pico-sdk/sdk/2.2.0/src/rp2_common/hardware_irq/irq.c.o
 .text.make_j_16
                0x10000674       0x3c CMakeFiles/blink.dir/Users/Nima/.pico-sdk/sdk/2.2.0/src/rp2_common/hardware_irq/irq.c.o
 .text.insert_bl_32
                0x100006b0       0x3c CMakeFiles/blink.dir/Users/Nima/.pico-sdk/sdk/2.2.0/src/rp2_common/hardware_irq/irq.c.o
 .text.irq_is_enabled
                0x100006ec       0x20 CMakeFiles/blink.dir/Users/Nima/.pico-sdk/sdk/2.2.0/src/rp2_common/hardware_irq/irq.c.o
                0x100006ec                irq_is_enabled
 .text.irq_set_mask_n_enabled
                0x1000070c       0x20 CMakeFiles/blink.dir/Users/Nima/.pico-sdk/sdk/2.2.0/src/rp2_common/hardware_irq/irq.c.o
                0x1000070c                irq_set_mask_n_enabled
 .text.irq_set_enabled
                0x1000072c       0x14 CMakeFiles/blink.dir/Users/Nima/.pico-sdk/sdk/2.2.0/src/rp2_common/hardware_irq/irq.c.o
                0x1000072c                irq_set_enabled
 .text.irq_set_pending
                0x10000740       0x18 CMakeFiles/blink.dir/Users/Nima/.pico-sdk/sdk/2.2.0/src/rp2_common/hardware_irq/irq.c.o
                0x10000740                irq_set_pending
 .text.irq_get_vtable_handler
                0x10000758       0x10 CMakeFiles/blink.dir/Users/Nima/.pico-sdk/sdk/2.2.0/src/rp2_common/hardware_irq/irq.c.o
                0x10000758                irq_get_vtable_handler
 .text.irq_has_shared_handler
                0x10000768       0x18 CMakeFiles/blink.dir/Users/Nima/.pico-sdk/sdk/2.2.0/src/rp2_common/hardware_irq/irq.c.o
                0x10000768                irq_has_shared_handler
 .text.irq_has_handler
                0x10000780       0x20 CMakeFiles/blink.dir/Users/Nima/.pico-sdk/sdk/2.2.0/src/rp2_common/hardware_irq/irq.c.o
                0x10000780                irq_has_handler
 .text.irq_set_exclusive_handler
                0x100007a0       0x60 CMakeFiles/blink.dir/Users/Nima/.pico-sdk/sdk/2.2.0/src/rp2_common/hardware_irq/irq.c.o
                0x100007a0                irq_set_exclusive_handler
 .text.irq_add_shared_handler
                0x10000800      0x234 CMakeFiles/blink.dir/Users/Nima/.pico-sdk/sdk/2.2.0/src/rp2_common/hardware_irq/irq.c.o
                0x10000800                irq_add_shared_handler
 .text.irq_remove_handler
                0x10000a34      0x178 CMakeFiles/blink.dir/Users/Nima/.pico-sdk/sdk/2.2.0/src/rp2_common/hardware_irq/irq.c.o
                0x10000a34                irq_remove_handler
 .text.irq_set_priority
                0x10000bac       0x2a CMakeFiles/blink.dir/Users/Nima/.pico-sdk/sdk/2.2.0/src/rp2_common/hardware_irq/irq.c.o
                0x10000bac                irq_set_priority
 *fill*         0x10000bd6        0x2 
 .text.irq_add_tail_to_free_list
                0x10000bd8       0xf8 CMakeFiles/blink.dir/Users/Nima/.pico-sdk/sdk/2.2.0/src/rp2_common/hardware_irq/irq.c.o
                0x10000bd8                irq_add_tail_to_free_list
 .text.user_irq_unclaim
                0x10000cd0       0x14 CMakeFiles/blink.dir/Users/Nima/.pico-sdk/sdk/2.2.0/src/rp2_common/hardware_irq/irq.c.o
                0x10000cd0                user_irq_unclaim
 .text.user_irq_claim_unused
                0x10000ce4       0x2c CMakeFiles/blink.dir/Users/Nima/.pico-sdk/sdk/2.2.0/src/rp2_common/hardware_irq/irq.c.o
                0x10000ce4                user_irq_claim_unused
 .text.sem_init
                0x10000d10       0x1e CMakeFiles/blink.dir/Users/Nima/.pico-sdk/sdk/2.2.0/src/common/pico_sync/sem.c.o
                0x10000d10                sem_init
 *fill*         0x10000d2e        0x2 
 .text.lock_init
                0x10000d30        0xc CMakeFiles/blink.dir/Users/Nima/.pico-sdk/sdk/2.2.0/src/common/pico_sync/lock_core.c.o
                0x10000d30                lock_init
 .text.mutex_init
                0x10000d3c       0x1a CMakeFiles/blink.dir/Users/Nima/.pico-sdk/sdk/2.2.0/src/common/pico_sync/mutex.c.o
                0x10000d3c                mutex_init
 .text.recursive_mutex_init
                0x10000d56       0x1e CMakeFiles/blink.dir/Users/Nima/.pico-sdk/sdk/2.2.0/src/common/pico_sync/mutex.c.o
                0x10000d56                recursive_mutex_init
 .text.runtime_init_mutex
                0x10000d74       0x4c CMakeFiles/blink.dir/Users/Nima/.pico-sdk/sdk/2.2.0/src/common/pico_sync/mutex.c.o
                0x10000d74                runtime_init_mutex
 .text.critical_section_init_with_lock_num
                0x10000dc0       0x10 CMakeFiles/blink.dir/Users/Nima/.pico-sdk/sdk/2.2.0/src/common/pico_sync/critical_section.c.o
                0x10000dc0                critical_section_init_with_lock_num
 .text.critical_section_init
                0x10000dd0       0x14 CMakeFiles/blink.dir/Users/Nima/.pico-sdk/sdk/2.2.0/src/common/pico_sync/critical_section.c.o
                0x10000dd0                critical_section_init
 .text.ta_from_current_irq
                0x10000de4       0x24 CMakeFiles/blink.dir/Users/Nima/.pico-sdk/sdk/2.2.0/src/common/pico_time/time.c.o
 .text.ta_set_timeout
                0x10000e08       0x2a CMakeFiles/blink.dir/Users/Nima/.pico-sdk/sdk/2.2.0/src/common/pico_time/time.c.o
 .text.make_alarm_id
                0x10000e32        0x6 CMakeFiles/blink.dir/Users/Nima/.pico-sdk/sdk/2.2.0/src/common/pico_time/time.c.o
 .text.sleep_until_callback
                0x10000e38       0x3c CMakeFiles/blink.dir/Users/Nima/.pico-sdk/sdk/2.2.0/src/common/pico_time/time.c.o
 .text.alarm_pool_irq_handler
                0x10000e74      0x2ec CMakeFiles/blink.dir/Users/Nima/.pico-sdk/sdk/2.2.0/src/common/pico_time/time.c.o
 .text.ta_enable_irq_handler
                0x10001160       0x38 CMakeFiles/blink.dir/Users/Nima/.pico-sdk/sdk/2.2.0/src/common/pico_time/time.c.o
 .text.alarm_pool_post_alloc_init
                0x10001198       0x7c CMakeFiles/blink.dir/Users/Nima/.pico-sdk/sdk/2.2.0/src/common/pico_time/time.c.o
 .text.alarm_pool_get_default
                0x10001214       0x28 CMakeFiles/blink.dir/Users/Nima/.pico-sdk/sdk/2.2.0/src/common/pico_time/time.c.o
                0x10001214                alarm_pool_get_default
 .text.alarm_pool_add_alarm_at_force_in_context
                0x1000123c       0xc0 CMakeFiles/blink.dir/Users/Nima/.pico-sdk/sdk/2.2.0/src/common/pico_time/time.c.o
                0x1000123c                alarm_pool_add_alarm_at_force_in_context
 .text.alarm_pool_add_alarm_at
                0x100012fc       0x38 CMakeFiles/blink.dir/Users/Nima/.pico-sdk/sdk/2.2.0/src/common/pico_time/time.c.o
                0x100012fc                alarm_pool_add_alarm_at
 .text.add_alarm_at
                0x10001334       0x26 CMakeFiles/blink.dir/Users/Nima/.pico-sdk/sdk/2.2.0/src/common/pico_time/time.c.o
 .text.alarm_pool_cancel_alarm
                0x1000135a       0x72 CMakeFiles/blink.dir/Users/Nima/.pico-sdk/sdk/2.2.0/src/common/pico_time/time.c.o
                0x1000135a                alarm_pool_cancel_alarm
 .text.cancel_alarm
                0x100013cc       0x10 CMakeFiles/blink.dir/Users/Nima/.pico-sdk/sdk/2.2.0/src/common/pico_time/time.c.o
 .text.alarm_pool_core_num
                0x100013dc        0x4 CMakeFiles/blink.dir/Users/Nima/.pico-sdk/sdk/2.2.0/src/common/pico_time/time.c.o
                0x100013dc                alarm_pool_core_num
 .text.sleep_until
                0x100013e0       0xb4 CMakeFiles/blink.dir/Users/Nima/.pico-sdk/sdk/2.2.0/src/common/pico_time/time.c.o
                0x100013e0                sleep_until
 .text.sleep_us
                0x10001494       0x24 CMakeFiles/blink.dir/Users/Nima/.pico-sdk/sdk/2.2.0/src/common/pico_time/time.c.o
                0x10001494                sleep_us
 .text.sleep_ms
                0x100014b8       0x28 CMakeFiles/blink.dir/Users/Nima/.pico-sdk/sdk/2.2.0/src/common/pico_time/time.c.o
                0x100014b8                sleep_ms
 .text.best_effort_wfe_or_timeout
                0x100014e0       0xfc CMakeFiles/blink.dir/Users/Nima/.pico-sdk/sdk/2.2.0/src/common/pico_time/time.c.o
                0x100014e0                best_effort_wfe_or_timeout
 .text.alarm_pool_get_default_timer
                0x100015dc        0x8 CMakeFiles/blink.dir/Users/Nima/.pico-sdk/sdk/2.2.0/src/common/pico_time/time.c.o
                0x100015dc                alarm_pool_get_default_timer
 .text.runtime_init_default_alarm_pool
                0x100015e4       0x34 CMakeFiles/blink.dir/Users/Nima/.pico-sdk/sdk/2.2.0/src/common/pico_time/time.c.o
                0x100015e4                runtime_init_default_alarm_pool
 .text.timer_hardware_alarm_claim
                0x10001618       0x24 CMakeFiles/blink.dir/Users/Nima/.pico-sdk/sdk/2.2.0/src/rp2_common/hardware_timer/timer.c.o
                0x10001618                timer_hardware_alarm_claim
 .text.timer_time_us_64
                0x1000163c       0x10 CMakeFiles/blink.dir/Users/Nima/.pico-sdk/sdk/2.2.0/src/rp2_common/hardware_timer/timer.c.o
                0x1000163c                timer_time_us_64
 .text.timer_busy_wait_until
                0x1000164c       0x1a CMakeFiles/blink.dir/Users/Nima/.pico-sdk/sdk/2.2.0/src/rp2_common/hardware_timer/timer.c.o
                0x1000164c                timer_busy_wait_until
 *fill*         0x10001666        0x2 
 .text.time_us_64
                0x10001668       0x10 CMakeFiles/blink.dir/Users/Nima/.pico-sdk/sdk/2.2.0/src/rp2_common/hardware_timer/timer.c.o
                0x10001668                time_us_64
 .text.busy_wait_until
                0x10001678       0x14 CMakeFiles/blink.dir/Users/Nima/.pico-sdk/sdk/2.2.0/src/rp2_common/hardware_timer/timer.c.o
                0x10001678                busy_wait_until
 .text.clock_configure_internal
                0x1000168c       0xb8 CMakeFiles/blink.dir/Users/Nima/.pico-sdk/sdk/2.2.0/src/rp2_common/hardware_clocks/clocks.c.o
 .text.clock_configure_undivided
                0x10001744       0x12 CMakeFiles/blink.dir/Users/Nima/.pico-sdk/sdk/2.2.0/src/rp2_common/hardware_clocks/clocks.c.o
                0x10001744                clock_configure_undivided
 *fill*         0x10001756        0x2 
 .text.clock_get_hz
                0x10001758        0xc CMakeFiles/blink.dir/Users/Nima/.pico-sdk/sdk/2.2.0/src/rp2_common/hardware_clocks/clocks.c.o
                0x10001758                clock_get_hz
 .text.pll_init
                0x10001764      0x108 CMakeFiles/blink.dir/Users/Nima/.pico-sdk/sdk/2.2.0/src/rp2_common/hardware_pll/pll.c.o
                0x10001764                pll_init
 .text.watchdog_update
                0x1000186c       0x14 CMakeFiles/blink.dir/Users/Nima/.pico-sdk/sdk/2.2.0/src/rp2_common/hardware_watchdog/watchdog.c.o
                0x1000186c                watchdog_update
 .text._watchdog_enable
                0x10001880       0x6c CMakeFiles/blink.dir/Users/Nima/.pico-sdk/sdk/2.2.0/src/rp2_common/hardware_watchdog/watchdog.c.o
                0x10001880                _watchdog_enable
 .text.watchdog_reboot
                0x100018ec       0x44 CMakeFiles/blink.dir/Users/Nima/.pico-sdk/sdk/2.2.0/src/rp2_common/hardware_watchdog/watchdog.c.o
                0x100018ec                watchdog_reboot
 .text.tick_start
                0x10001930       0x1c CMakeFiles/blink.dir/Users/Nima/.pico-sdk/sdk/2.2.0/src/rp2_common/hardware_ticks/ticks.c.o
                0x10001930                tick_start
 .text.rom_reboot
                0x1000194c       0x40 CMakeFiles/blink.dir/Users/Nima/.pico-sdk/sdk/2.2.0/src/rp2_common/pico_bootrom/bootrom.c.o
 .text.rom_func_lookup
                0x1000198c       0x1e CMakeFiles/blink.dir/Users/Nima/.pico-sdk/sdk/2.2.0/src/rp2_common/pico_bootrom/bootrom.c.o
                0x1000198c                rom_func_lookup
 .text.rom_reset_usb_boot_extra
                0x100019aa       0x20 CMakeFiles/blink.dir/Users/Nima/.pico-sdk/sdk/2.2.0/src/rp2_common/pico_bootrom/bootrom.c.o
                0x100019aa                rom_reset_usb_boot_extra
 *fill*         0x100019ca        0x2 
 .text.runtime_init_bootrom_locking_enable
                0x100019cc       0x14 CMakeFiles/blink.dir/Users/Nima/.pico-sdk/sdk/2.2.0/src/rp2_common/pico_bootrom/bootrom_lock.c.o
                0x100019cc                runtime_init_bootrom_locking_enable
 .text.boot_locks_reset
                0x100019e0       0x20 CMakeFiles/blink.dir/Users/Nima/.pico-sdk/sdk/2.2.0/src/rp2_common/hardware_boot_lock/boot_lock.c.o
                0x100019e0                boot_locks_reset
 .text.runtime_init_boot_locks_reset
                0x10001a00        0x8 CMakeFiles/blink.dir/Users/Nima/.pico-sdk/sdk/2.2.0/src/rp2_common/hardware_boot_lock/boot_lock.c.o
                0x10001a00                runtime_init_boot_locks_reset
 .text.xosc_init
                0x10001a08       0x28 CMakeFiles/blink.dir/Users/Nima/.pico-sdk/sdk/2.2.0/src/rp2_common/hardware_xosc/xosc.c.o
                0x10001a08                xosc_init
 .text.runtime_run_initializers_from
                0x10001a30       0x18 CMakeFiles/blink.dir/Users/Nima/.pico-sdk/sdk/2.2.0/src/rp2_common/pico_runtime/runtime.c.o
 .text.first_per_core_initializer
                0x10001a48        0x2 CMakeFiles/blink.dir/Users/Nima/.pico-sdk/sdk/2.2.0/src/rp2_common/pico_runtime/runtime.c.o
 *fill*         0x10001a4a        0x2 
 .text.runtime_run_initializers
                0x10001a4c       0x10 CMakeFiles/blink.dir/Users/Nima/.pico-sdk/sdk/2.2.0/src/rp2_common/pico_runtime/runtime.c.o
                0x10001a4c                runtime_run_initializers
 .text.runtime_init_early_resets
                0x10001a5c       0x2c CMakeFiles/blink.dir/Users/Nima/.pico-sdk/sdk/2.2.0/src/rp2_common/pico_runtime_init/runtime_init.c.o
                0x10001a5c                runtime_init_early_resets
 .text.runtime_init_usb_power_down
                0x10001a88       0x20 CMakeFiles/blink.dir/Users/Nima/.pico-sdk/sdk/2.2.0/src/rp2_common/pico_runtime_init/runtime_init.c.o
                0x10001a88                runtime_init_usb_power_down
 .text.runtime_init_per_core_enable_coprocessors
                0x10001aa8       0x1c CMakeFiles/blink.dir/Users/Nima/.pico-sdk/sdk/2.2.0/src/rp2_common/pico_runtime_init/runtime_init.c.o
                0x10001aa8                runtime_init_per_core_enable_coprocessors
 .text.runtime_init_post_clock_resets
                0x10001ac4       0x20 CMakeFiles/blink.dir/Users/Nima/.pico-sdk/sdk/2.2.0/src/rp2_common/pico_runtime_init/runtime_init.c.o
                0x10001ac4                runtime_init_post_clock_resets
 .text.runtime_init_bootrom_reset
                0x10001ae4       0x12 CMakeFiles/blink.dir/Users/Nima/.pico-sdk/sdk/2.2.0/src/rp2_common/pico_runtime_init/runtime_init.c.o
                0x10001ae4                runtime_init_bootrom_reset
 .text.runtime_init_per_core_bootrom_reset
                0x10001af6       0x12 CMakeFiles/blink.dir/Users/Nima/.pico-sdk/sdk/2.2.0/src/rp2_common/pico_runtime_init/runtime_init.c.o
                0x10001af6                runtime_init_per_core_bootrom_reset
 .text.runtime_init_spin_locks_reset
                0x10001b08        0x8 CMakeFiles/blink.dir/Users/Nima/.pico-sdk/sdk/2.2.0/src/rp2_common/pico_runtime_init/runtime_init.c.o
                0x10001b08                runtime_init_spin_locks_reset
 .text.runtime_init_install_ram_vector_table
                0x10001b10       0x48 CMakeFiles/blink.dir/Users/Nima/.pico-sdk/sdk/2.2.0/src/rp2_common/pico_runtime_init/runtime_init.c.o
                0x10001b10                runtime_init_install_ram_vector_table
 .text.start_all_ticks
                0x10001b58       0x28 CMakeFiles/blink.dir/Users/Nima/.pico-sdk/sdk/2.2.0/src/rp2_common/pico_runtime_init/runtime_init_clocks.c.o
 .text.runtime_init_clocks
                0x10001b80       0xc4 CMakeFiles/blink.dir/Users/Nima/.pico-sdk/sdk/2.2.0/src/rp2_common/pico_runtime_init/runtime_init_clocks.c.o
                0x10001b80                runtime_init_clocks
 .text.__rp2350_dcp_engaged_state_save_restore
                0x10001c44       0x3a CMakeFiles/blink.dir/Users/Nima/.pico-sdk/sdk/2.2.0/src/rp2_common/pico_double/double_aeabi_dcp.S.o
 *fill*         0x10001c7e        0x2 
 .text.__wrap___aeabi_dadd
                0x10001c80       0x28 CMakeFiles/blink.dir/Users/Nima/.pico-sdk/sdk/2.2.0/src/rp2_common/pico_double/double_aeabi_dcp.S.o
                0x10001c88                __wrap___aeabi_dadd
 .text.__wrap___aeabi_dsub
                0x10001ca8       0x28 CMakeFiles/blink.dir/Users/Nima/.pico-sdk/sdk/2.2.0/src/rp2_common/pico_double/double_aeabi_dcp.S.o
                0x10001cb0                __wrap___aeabi_dsub
 .text.__wrap___aeabi_dmul
                0x10001cd0       0x4c CMakeFiles/blink.dir/Users/Nima/.pico-sdk/sdk/2.2.0/src/rp2_common/pico_double/double_aeabi_dcp.S.o
                0x10001cd8                __wrap___aeabi_dmul
 .text.__wrap___aeabi_ddiv
                0x10001d1c       0x9c CMakeFiles/blink.dir/Users/Nima/.pico-sdk/sdk/2.2.0/src/rp2_common/pico_double/double_aeabi_dcp.S.o
                0x10001d24                __wrap___aeabi_ddiv
 .text.__wrap___aeabi_i2d
                0x10001db8       0x24 CMakeFiles/blink.dir/Users/Nima/.pico-sdk/sdk/2.2.0/src/rp2_common/pico_double/double_aeabi_dcp.S.o
                0x10001dc0                __wrap___aeabi_i2d
                0x10001dc0                int2double
 .text.__wrap___aeabi_ui2d
                0x10001ddc       0x24 CMakeFiles/blink.dir/Users/Nima/.pico-sdk/sdk/2.2.0/src/rp2_common/pico_double/double_aeabi_dcp.S.o
                0x10001de4                __wrap___aeabi_ui2d
                0x10001de4                uint2double
 .text.__wrap___aeabi_d2iz
                0x10001e00       0x24 CMakeFiles/blink.dir/Users/Nima/.pico-sdk/sdk/2.2.0/src/rp2_common/pico_double/double_aeabi_dcp.S.o
                0x10001e08                __wrap___aeabi_d2iz
                0x10001e08                double2int_z
 .text.__wrap___aeabi_d2uiz
                0x10001e24       0x24 CMakeFiles/blink.dir/Users/Nima/.pico-sdk/sdk/2.2.0/src/rp2_common/pico_double/double_aeabi_dcp.S.o
                0x10001e2c                double2uint_z
                0x10001e2c                double2uint
                0x10001e2c                __wrap___aeabi_d2uiz
 .text.__wrap___aeabi_dcmpun
                0x10001e48       0x24 CMakeFiles/blink.dir/Users/Nima/.pico-sdk/sdk/2.2.0/src/rp2_common/pico_double/double_aeabi_dcp.S.o
                0x10001e50                __wrap___aeabi_dcmpun
 .text.__wrap___aeabi_dcmplt
                0x10001e6c       0x28 CMakeFiles/blink.dir/Users/Nima/.pico-sdk/sdk/2.2.0/src/rp2_common/pico_double/double_aeabi_dcp.S.o
                0x10001e74                __wrap___aeabi_dcmplt
 .text.__wrap___aeabi_dcmple
                0x10001e94       0x28 CMakeFiles/blink.dir/Users/Nima/.pico-sdk/sdk/2.2.0/src/rp2_common/pico_double/double_aeabi_dcp.S.o
                0x10001e9c                __wrap___aeabi_dcmple
 .text.__wrap___aeabi_dcmpge
                0x10001ebc       0x28 CMakeFiles/blink.dir/Users/Nima/.pico-sdk/sdk/2.2.0/src/rp2_common/pico_double/double_aeabi_dcp.S.o
                0x10001ec4                __wrap___aeabi_dcmpge
 .text.__wrap___aeabi_dcmpgt
                0x10001ee4       0x28 CMakeFiles/blink.dir/Users/Nima/.pico-sdk/sdk/2.2.0/src/rp2_common/pico_double/double_aeabi_dcp.S.o
                0x10001eec                __wrap___aeabi_dcmpgt
 .text._out_null
                0x10001f0c        0x2 CMakeFiles/blink.dir/Users/Nima/.pico-sdk/sdk/2.2.0/src/rp2_common/pico_printf/printf.c.o
 .text._out_fct
                0x10001f0e        0xe CMakeFiles/blink.dir/Users/Nima/.pico-sdk/sdk/2.2.0/src/rp2_common/pico_printf/printf.c.o
 .text._atoi    0x10001f1c       0x26 CMakeFiles/blink.dir/Users/Nima/.pico-sdk/sdk/2.2.0/src/rp2_common/pico_printf/printf.c.o
 .text._out_rev
                0x10001f42       0x7e CMakeFiles/blink.dir/Users/Nima/.pico-sdk/sdk/2.2.0/src/rp2_common/pico_printf/printf.c.o
 .text._ntoa_format
                0x10001fc0      0x134 CMakeFiles/blink.dir/Users/Nima/.pico-sdk/sdk/2.2.0/src/rp2_common/pico_printf/printf.c.o
 .text._ntoa_long
                0x100020f4       0x94 CMakeFiles/blink.dir/Users/Nima/.pico-sdk/sdk/2.2.0/src/rp2_common/pico_printf/printf.c.o
 .text._ntoa_long_long
                0x10002188       0xc2 CMakeFiles/blink.dir/Users/Nima/.pico-sdk/sdk/2.2.0/src/rp2_common/pico_printf/printf.c.o
 *fill*         0x1000224a        0x6 
 .text._etoa    0x10002250      0x420 CMakeFiles/blink.dir/Users/Nima/.pico-sdk/sdk/2.2.0/src/rp2_common/pico_printf/printf.c.o
 .text._ftoa    0x10002670      0x398 CMakeFiles/blink.dir/Users/Nima/.pico-sdk/sdk/2.2.0/src/rp2_common/pico_printf/printf.c.o
 .text._vsnprintf
                0x10002a08      0x6d8 CMakeFiles/blink.dir/Users/Nima/.pico-sdk/sdk/2.2.0/src/rp2_common/pico_printf/printf.c.o
 .text.vfctprintf
                0x100030e0       0x24 CMakeFiles/blink.dir/Users/Nima/.pico-sdk/sdk/2.2.0/src/rp2_common/pico_printf/printf.c.o
                0x100030e0                vfctprintf
 .text._exit    0x10003104        0x4 CMakeFiles/blink.dir/Users/Nima/.pico-sdk/sdk/2.2.0/src/rp2_common/pico_clib_interface/newlib_interface.c.o
                0x10003104                _exit
 .text.exit     0x10003108        0x6 CMakeFiles/blink.dir/Users/Nima/.pico-sdk/sdk/2.2.0/src/rp2_common/pico_clib_interface/newlib_interface.c.o
                0x10003108                exit
 *fill*         0x1000310e        0x2 
 .text.__assert_func
                0x10003110       0x34 CMakeFiles/blink.dir/Users/Nima/.pico-sdk/sdk/2.2.0/src/rp2_common/pico_clib_interface/newlib_interface.c.o
                0x10003110                __assert_func
 .text.runtime_init
                0x10003144       0x2c CMakeFiles/blink.dir/Users/Nima/.pico-sdk/sdk/2.2.0/src/rp2_common/pico_clib_interface/newlib_interface.c.o
                0x10003144                runtime_init
 .text.stdio_out_chars_no_crlf
                0x10003170        0xe CMakeFiles/blink.dir/Users/Nima/.pico-sdk/sdk/2.2.0/src/rp2_common/pico_stdio/stdio.c.o
 *fill*         0x1000317e        0x2 
 .text.stdio_out_chars_crlf
                0x10003180       0x80 CMakeFiles/blink.dir/Users/Nima/.pico-sdk/sdk/2.2.0/src/rp2_common/pico_stdio/stdio.c.o
 .text.stdio_stack_buffer_flush
                0x10003200       0x40 CMakeFiles/blink.dir/Users/Nima/.pico-sdk/sdk/2.2.0/src/rp2_common/pico_stdio/stdio.c.o
 .text.stdio_buffered_printer
                0x10003240       0x20 CMakeFiles/blink.dir/Users/Nima/.pico-sdk/sdk/2.2.0/src/rp2_common/pico_stdio/stdio.c.o
 .text.stdout_serialize_begin
                0x10003260       0x2c CMakeFiles/blink.dir/Users/Nima/.pico-sdk/sdk/2.2.0/src/rp2_common/pico_stdio/stdio.c.o
                0x10003260                stdout_serialize_begin
 .text.stdout_serialize_end
                0x1000328c       0x10 CMakeFiles/blink.dir/Users/Nima/.pico-sdk/sdk/2.2.0/src/rp2_common/pico_stdio/stdio.c.o
                0x1000328c                stdout_serialize_end
 .text.stdio_put_string
                0x1000329c       0x8c CMakeFiles/blink.dir/Users/Nima/.pico-sdk/sdk/2.2.0/src/rp2_common/pico_stdio/stdio.c.o
                0x1000329c                stdio_put_string
 .text.stdio_set_driver_enabled
                0x10003328       0x2c CMakeFiles/blink.dir/Users/Nima/.pico-sdk/sdk/2.2.0/src/rp2_common/pico_stdio/stdio.c.o
                0x10003328                stdio_set_driver_enabled
 .text.stdio_flush
                0x10003354       0x1c CMakeFiles/blink.dir/Users/Nima/.pico-sdk/sdk/2.2.0/src/rp2_common/pico_stdio/stdio.c.o
                0x10003354                stdio_flush
 .text.stdio_init_all
                0x10003370        0x8 CMakeFiles/blink.dir/Users/Nima/.pico-sdk/sdk/2.2.0/src/rp2_common/pico_stdio/stdio.c.o
                0x10003370                stdio_init_all
 .text.__wrap_puts
                0x10003378       0x1e CMakeFiles/blink.dir/Users/Nima/.pico-sdk/sdk/2.2.0/src/rp2_common/pico_stdio/stdio.c.o
                0x10003378                __wrap_puts
                0x10003378                stdio_puts
 *fill*         0x10003396        0x2 
 .text.__wrap_vprintf
                0x10003398       0x40 CMakeFiles/blink.dir/Users/Nima/.pico-sdk/sdk/2.2.0/src/rp2_common/pico_stdio/stdio.c.o
                0x10003398                __wrap_vprintf
                0x10003398                stdio_vprintf
 .text.__wrap_printf
                0x100033d8       0x1c CMakeFiles/blink.dir/Users/Nima/.pico-sdk/sdk/2.2.0/src/rp2_common/pico_stdio/stdio.c.o
                0x100033d8                stdio_printf
                0x100033d8                __wrap_printf
 .text.resetd_init
                0x100033f4        0x2 CMakeFiles/blink.dir/Users/Nima/.pico-sdk/sdk/2.2.0/src/rp2_common/pico_stdio_usb/reset_interface.c.o
 *fill*         0x100033f6        0x2 
 .text.resetd_reset
                0x100033f8        0xc CMakeFiles/blink.dir/Users/Nima/.pico-sdk/sdk/2.2.0/src/rp2_common/pico_stdio_usb/reset_interface.c.o
 .text.resetd_open
                0x10003404       0x34 CMakeFiles/blink.dir/Users/Nima/.pico-sdk/sdk/2.2.0/src/rp2_common/pico_stdio_usb/reset_interface.c.o
 .text.resetd_xfer_cb
                0x10003438        0x4 CMakeFiles/blink.dir/Users/Nima/.pico-sdk/sdk/2.2.0/src/rp2_common/pico_stdio_usb/reset_interface.c.o
 .text.resetd_control_xfer_cb
                0x1000343c       0x54 CMakeFiles/blink.dir/Users/Nima/.pico-sdk/sdk/2.2.0/src/rp2_common/pico_stdio_usb/reset_interface.c.o
 .text.tud_descriptor_bos_cb
                0x10003490        0x8 CMakeFiles/blink.dir/Users/Nima/.pico-sdk/sdk/2.2.0/src/rp2_common/pico_stdio_usb/reset_interface.c.o
                0x10003490                tud_descriptor_bos_cb
 .text.tud_vendor_control_xfer_cb
                0x10003498       0x30 CMakeFiles/blink.dir/Users/Nima/.pico-sdk/sdk/2.2.0/src/rp2_common/pico_stdio_usb/reset_interface.c.o
                0x10003498                tud_vendor_control_xfer_cb
 .text.usbd_app_driver_get_cb
                0x100034c8        0xc CMakeFiles/blink.dir/Users/Nima/.pico-sdk/sdk/2.2.0/src/rp2_common/pico_stdio_usb/reset_interface.c.o
                0x100034c8                usbd_app_driver_get_cb
 .text.tud_cdc_line_coding_cb
                0x100034d4       0x18 CMakeFiles/blink.dir/Users/Nima/.pico-sdk/sdk/2.2.0/src/rp2_common/pico_stdio_usb/reset_interface.c.o
                0x100034d4                tud_cdc_line_coding_cb
 .text.stdio_usb_set_chars_available_callback
                0x100034ec       0x14 CMakeFiles/blink.dir/Users/Nima/.pico-sdk/sdk/2.2.0/src/rp2_common/pico_stdio_usb/stdio_usb.c.o
                0x100034ec                stdio_usb_set_chars_available_callback
 .text.stdio_usb_out_flush
                0x10003500       0x48 CMakeFiles/blink.dir/Users/Nima/.pico-sdk/sdk/2.2.0/src/rp2_common/pico_stdio_usb/stdio_usb.c.o
 .text.timer_task
                0x10003548       0x70 CMakeFiles/blink.dir/Users/Nima/.pico-sdk/sdk/2.2.0/src/rp2_common/pico_stdio_usb/stdio_usb.c.o
 .text.usb_irq  0x100035b8       0x10 CMakeFiles/blink.dir/Users/Nima/.pico-sdk/sdk/2.2.0/src/rp2_common/pico_stdio_usb/stdio_usb.c.o
 .text.alarm_pool_add_alarm_in_us
                0x100035c8       0x3a CMakeFiles/blink.dir/Users/Nima/.pico-sdk/sdk/2.2.0/src/rp2_common/pico_stdio_usb/stdio_usb.c.o
 .text.add_alarm_in_us
                0x10003602       0x26 CMakeFiles/blink.dir/Users/Nima/.pico-sdk/sdk/2.2.0/src/rp2_common/pico_stdio_usb/stdio_usb.c.o
 .text.low_priority_worker_irq
                0x10003628       0xa8 CMakeFiles/blink.dir/Users/Nima/.pico-sdk/sdk/2.2.0/src/rp2_common/pico_stdio_usb/stdio_usb.c.o
 .text.stdio_usb_init
                0x100036d0       0xd4 CMakeFiles/blink.dir/Users/Nima/.pico-sdk/sdk/2.2.0/src/rp2_common/pico_stdio_usb/stdio_usb.c.o
                0x100036d0                stdio_usb_init
 .text.stdio_usb_connected
                0x100037a4        0xa CMakeFiles/blink.dir/Users/Nima/.pico-sdk/sdk/2.2.0/src/rp2_common/pico_stdio_usb/stdio_usb.c.o
                0x100037a4                stdio_usb_connected
 *fill*         0x100037ae        0x2 
 .text.stdio_usb_in_chars
                0x100037b0       0x8c CMakeFiles/blink.dir/Users/Nima/.pico-sdk/sdk/2.2.0/src/rp2_common/pico_stdio_usb/stdio_usb.c.o
                0x100037b0                stdio_usb_in_chars
 .text.stdio_usb_out_chars
                0x1000383c       0xd4 CMakeFiles/blink.dir/Users/Nima/.pico-sdk/sdk/2.2.0/src/rp2_common/pico_stdio_usb/stdio_usb.c.o
 .text.tud_descriptor_device_cb
                0x10003910        0x8 CMakeFiles/blink.dir/Users/Nima/.pico-sdk/sdk/2.2.0/src/rp2_common/pico_stdio_usb/stdio_usb_descriptors.c.o
                0x10003910                tud_descriptor_device_cb
 .text.tud_descriptor_configuration_cb
                0x10003918        0x8 CMakeFiles/blink.dir/Users/Nima/.pico-sdk/sdk/2.2.0/src/rp2_common/pico_stdio_usb/stdio_usb_descriptors.c.o
                0x10003918                tud_descriptor_configuration_cb
 .text.tud_descriptor_string_cb
                0x10003920       0x64 CMakeFiles/blink.dir/Users/Nima/.pico-sdk/sdk/2.2.0/src/rp2_common/pico_stdio_usb/stdio_usb_descriptors.c.o
                0x10003920                tud_descriptor_string_cb
 .text._retrieve_unique_id_on_boot
                0x10003984       0x58 CMakeFiles/blink.dir/Users/Nima/.pico-sdk/sdk/2.2.0/src/rp2_common/pico_unique_id/unique_id.c.o
 .text.pico_get_unique_board_id
                0x100039dc       0x10 CMakeFiles/blink.dir/Users/Nima/.pico-sdk/sdk/2.2.0/src/rp2_common/pico_unique_id/unique_id.c.o
                0x100039dc                pico_get_unique_board_id
 .text.pico_get_unique_board_id_string
                0x100039ec       0x5c CMakeFiles/blink.dir/Users/Nima/.pico-sdk/sdk/2.2.0/src/rp2_common/pico_unique_id/unique_id.c.o
                0x100039ec                pico_get_unique_board_id_string
 .text.hw_endpoint_init
                0x10003a48       0xbc CMakeFiles/blink.dir/Users/Nima/.pico-sdk/sdk/2.2.0/lib/tinyusb/src/portable/raspberrypi/rp2040/dcd_rp2040.c.o
 .text.hw_endpoint_alloc
                0x10003b04       0x48 CMakeFiles/blink.dir/Users/Nima/.pico-sdk/sdk/2.2.0/lib/tinyusb/src/portable/raspberrypi/rp2040/dcd_rp2040.c.o
 .text.hw_endpoint_open
                0x10003b4c       0x44 CMakeFiles/blink.dir/Users/Nima/.pico-sdk/sdk/2.2.0/lib/tinyusb/src/portable/raspberrypi/rp2040/dcd_rp2040.c.o
 .text.hw_endpoint_xfer
                0x10003b90       0x1c CMakeFiles/blink.dir/Users/Nima/.pico-sdk/sdk/2.2.0/lib/tinyusb/src/portable/raspberrypi/rp2040/dcd_rp2040.c.o
 .text.dcd_int_enable
                0x10003bac       0x28 CMakeFiles/blink.dir/Users/Nima/.pico-sdk/sdk/2.2.0/lib/tinyusb/src/portable/raspberrypi/rp2040/dcd_rp2040.c.o
                0x10003bac                dcd_int_enable
 .text.dcd_set_address
                0x10003bd4       0x2c CMakeFiles/blink.dir/Users/Nima/.pico-sdk/sdk/2.2.0/lib/tinyusb/src/portable/raspberrypi/rp2040/dcd_rp2040.c.o
                0x10003bd4                dcd_set_address
 .text.dcd_connect
                0x10003c00       0x10 CMakeFiles/blink.dir/Users/Nima/.pico-sdk/sdk/2.2.0/lib/tinyusb/src/portable/raspberrypi/rp2040/dcd_rp2040.c.o
                0x10003c00                dcd_connect
 .text.dcd_init
                0x10003c10       0x84 CMakeFiles/blink.dir/Users/Nima/.pico-sdk/sdk/2.2.0/lib/tinyusb/src/portable/raspberrypi/rp2040/dcd_rp2040.c.o
                0x10003c10                dcd_init
 .text.dcd_sof_enable
                0x10003c94       0x1c CMakeFiles/blink.dir/Users/Nima/.pico-sdk/sdk/2.2.0/lib/tinyusb/src/portable/raspberrypi/rp2040/dcd_rp2040.c.o
                0x10003c94                dcd_sof_enable
 .text.dcd_edpt0_status_complete
                0x10003cb0       0x20 CMakeFiles/blink.dir/Users/Nima/.pico-sdk/sdk/2.2.0/lib/tinyusb/src/portable/raspberrypi/rp2040/dcd_rp2040.c.o
                0x10003cb0                dcd_edpt0_status_complete
 .text.dcd_edpt_open
                0x10003cd0       0x22 CMakeFiles/blink.dir/Users/Nima/.pico-sdk/sdk/2.2.0/lib/tinyusb/src/portable/raspberrypi/rp2040/dcd_rp2040.c.o
                0x10003cd0                dcd_edpt_open
 .text.dcd_edpt_close_all
                0x10003cf2        0x8 CMakeFiles/blink.dir/Users/Nima/.pico-sdk/sdk/2.2.0/lib/tinyusb/src/portable/raspberrypi/rp2040/dcd_rp2040.c.o
                0x10003cf2                dcd_edpt_close_all
 *fill*         0x10003cfa        0x2 
 .text.dcd_edpt_xfer
                0x10003cfc       0x2c CMakeFiles/blink.dir/Users/Nima/.pico-sdk/sdk/2.2.0/lib/tinyusb/src/portable/raspberrypi/rp2040/dcd_rp2040.c.o
                0x10003cfc                dcd_edpt_xfer
 .text.dcd_edpt_stall
                0x10003d28       0x38 CMakeFiles/blink.dir/Users/Nima/.pico-sdk/sdk/2.2.0/lib/tinyusb/src/portable/raspberrypi/rp2040/dcd_rp2040.c.o
                0x10003d28                dcd_edpt_stall
 .text.dcd_edpt_clear_stall
                0x10003d60       0x28 CMakeFiles/blink.dir/Users/Nima/.pico-sdk/sdk/2.2.0/lib/tinyusb/src/portable/raspberrypi/rp2040/dcd_rp2040.c.o
                0x10003d60                dcd_edpt_clear_stall
 .text.unaligned_memcpy
                0x10003d88       0x14 CMakeFiles/blink.dir/Users/Nima/.pico-sdk/sdk/2.2.0/lib/tinyusb/src/portable/raspberrypi/rp2040/rp2040_usb.c.o
 .text.rp2040_usb_init
                0x10003d9c       0x40 CMakeFiles/blink.dir/Users/Nima/.pico-sdk/sdk/2.2.0/lib/tinyusb/src/portable/raspberrypi/rp2040/rp2040_usb.c.o
                0x10003d9c                rp2040_usb_init
 .text.hw_endpoint_xfer_start
                0x10003ddc       0x58 CMakeFiles/blink.dir/Users/Nima/.pico-sdk/sdk/2.2.0/lib/tinyusb/src/portable/raspberrypi/rp2040/rp2040_usb.c.o
                0x10003ddc                hw_endpoint_xfer_start
 .text.configuration_reset
                0x10003e34       0x90 CMakeFiles/blink.dir/Users/Nima/.pico-sdk/sdk/2.2.0/lib/tinyusb/src/device/usbd.c.o
 .text.usbd_reset
                0x10003ec4        0xc CMakeFiles/blink.dir/Users/Nima/.pico-sdk/sdk/2.2.0/lib/tinyusb/src/device/usbd.c.o
 .text.invoke_class_control
                0x10003ed0       0x1a CMakeFiles/blink.dir/Users/Nima/.pico-sdk/sdk/2.2.0/lib/tinyusb/src/device/usbd.c.o
 *fill*         0x10003eea        0x2 
 .text.process_set_config
                0x10003eec      0x1cc CMakeFiles/blink.dir/Users/Nima/.pico-sdk/sdk/2.2.0/lib/tinyusb/src/device/usbd.c.o
 .text.tud_event_hook_cb
                0x100040b8        0x2 CMakeFiles/blink.dir/Users/Nima/.pico-sdk/sdk/2.2.0/lib/tinyusb/src/device/usbd.c.o
                0x100040b8                tud_event_hook_cb
 .text.tud_sof_cb
                0x100040ba        0x2 CMakeFiles/blink.dir/Users/Nima/.pico-sdk/sdk/2.2.0/lib/tinyusb/src/device/usbd.c.o
                0x100040ba                tud_sof_cb
 .text.tud_descriptor_device_qualifier_cb
                0x100040bc        0x4 CMakeFiles/blink.dir/Users/Nima/.pico-sdk/sdk/2.2.0/lib/tinyusb/src/device/usbd.c.o
                0x100040bc                tud_descriptor_device_qualifier_cb
 .text.tud_descriptor_other_speed_configuration_cb
                0x100040c0        0x4 CMakeFiles/blink.dir/Users/Nima/.pico-sdk/sdk/2.2.0/lib/tinyusb/src/device/usbd.c.o
                0x100040c0                tud_descriptor_other_speed_configuration_cb
 .text.process_get_descriptor
                0x100040c4       0xf8 CMakeFiles/blink.dir/Users/Nima/.pico-sdk/sdk/2.2.0/lib/tinyusb/src/device/usbd.c.o
 .text.tud_mount_cb
                0x100041bc        0x2 CMakeFiles/blink.dir/Users/Nima/.pico-sdk/sdk/2.2.0/lib/tinyusb/src/device/usbd.c.o
                0x100041bc                tud_mount_cb
 .text.tud_umount_cb
                0x100041be        0x2 CMakeFiles/blink.dir/Users/Nima/.pico-sdk/sdk/2.2.0/lib/tinyusb/src/device/usbd.c.o
                0x100041be                tud_umount_cb
 .text.tud_suspend_cb
                0x100041c0        0x2 CMakeFiles/blink.dir/Users/Nima/.pico-sdk/sdk/2.2.0/lib/tinyusb/src/device/usbd.c.o
                0x100041c0                tud_suspend_cb
 .text.tud_resume_cb
                0x100041c2        0x2 CMakeFiles/blink.dir/Users/Nima/.pico-sdk/sdk/2.2.0/lib/tinyusb/src/device/usbd.c.o
                0x100041c2                tud_resume_cb
 .text.tud_mounted
                0x100041c4       0x14 CMakeFiles/blink.dir/Users/Nima/.pico-sdk/sdk/2.2.0/lib/tinyusb/src/device/usbd.c.o
                0x100041c4                tud_mounted
 .text.tud_suspended
                0x100041d8       0x10 CMakeFiles/blink.dir/Users/Nima/.pico-sdk/sdk/2.2.0/lib/tinyusb/src/device/usbd.c.o
                0x100041d8                tud_suspended
 .text.tud_inited
                0x100041e8       0x10 CMakeFiles/blink.dir/Users/Nima/.pico-sdk/sdk/2.2.0/lib/tinyusb/src/device/usbd.c.o
                0x100041e8                tud_inited
 .text.tud_rhport_init
                0x100041f8      0x128 CMakeFiles/blink.dir/Users/Nima/.pico-sdk/sdk/2.2.0/lib/tinyusb/src/device/usbd.c.o
                0x100041f8                tud_rhport_init
 .text.usbd_edpt_open
                0x10004320       0x7c CMakeFiles/blink.dir/Users/Nima/.pico-sdk/sdk/2.2.0/lib/tinyusb/src/device/usbd.c.o
                0x10004320                usbd_edpt_open
 .text.usbd_open_edpt_pair
                0x1000439c       0xa4 CMakeFiles/blink.dir/Users/Nima/.pico-sdk/sdk/2.2.0/lib/tinyusb/src/device/usbd.c.o
                0x1000439c                usbd_open_edpt_pair
 .text.usbd_edpt_claim
                0x10004440       0x28 CMakeFiles/blink.dir/Users/Nima/.pico-sdk/sdk/2.2.0/lib/tinyusb/src/device/usbd.c.o
                0x10004440                usbd_edpt_claim
 .text.usbd_edpt_release
                0x10004468       0x28 CMakeFiles/blink.dir/Users/Nima/.pico-sdk/sdk/2.2.0/lib/tinyusb/src/device/usbd.c.o
                0x10004468                usbd_edpt_release
 .text.usbd_edpt_xfer
                0x10004490       0x90 CMakeFiles/blink.dir/Users/Nima/.pico-sdk/sdk/2.2.0/lib/tinyusb/src/device/usbd.c.o
                0x10004490                usbd_edpt_xfer
 .text.usbd_edpt_stall
                0x10004520       0x3c CMakeFiles/blink.dir/Users/Nima/.pico-sdk/sdk/2.2.0/lib/tinyusb/src/device/usbd.c.o
                0x10004520                usbd_edpt_stall
 .text.usbd_edpt_clear_stall
                0x1000455c       0x3c CMakeFiles/blink.dir/Users/Nima/.pico-sdk/sdk/2.2.0/lib/tinyusb/src/device/usbd.c.o
                0x1000455c                usbd_edpt_clear_stall
 .text.usbd_edpt_stalled
                0x10004598       0x1c CMakeFiles/blink.dir/Users/Nima/.pico-sdk/sdk/2.2.0/lib/tinyusb/src/device/usbd.c.o
                0x10004598                usbd_edpt_stalled
 .text.process_control_request
                0x100045b4      0x404 CMakeFiles/blink.dir/Users/Nima/.pico-sdk/sdk/2.2.0/lib/tinyusb/src/device/usbd.c.o
 .text.tud_task_ext
                0x100049b8      0x250 CMakeFiles/blink.dir/Users/Nima/.pico-sdk/sdk/2.2.0/lib/tinyusb/src/device/usbd.c.o
                0x100049b8                tud_task_ext
 .text.status_stage_xact
                0x10004c08       0x1a CMakeFiles/blink.dir/Users/Nima/.pico-sdk/sdk/2.2.0/lib/tinyusb/src/device/usbd_control.c.o
 *fill*         0x10004c22        0x2 
 .text.data_stage_xact
                0x10004c24       0x5c CMakeFiles/blink.dir/Users/Nima/.pico-sdk/sdk/2.2.0/lib/tinyusb/src/device/usbd_control.c.o
 .text.tud_control_status
                0x10004c80       0x28 CMakeFiles/blink.dir/Users/Nima/.pico-sdk/sdk/2.2.0/lib/tinyusb/src/device/usbd_control.c.o
                0x10004c80                tud_control_status
 .text.tud_control_xfer
                0x10004ca8       0xac CMakeFiles/blink.dir/Users/Nima/.pico-sdk/sdk/2.2.0/lib/tinyusb/src/device/usbd_control.c.o
                0x10004ca8                tud_control_xfer
 .text.usbd_control_reset
                0x10004d54       0x14 CMakeFiles/blink.dir/Users/Nima/.pico-sdk/sdk/2.2.0/lib/tinyusb/src/device/usbd_control.c.o
                0x10004d54                usbd_control_reset
 .text.usbd_control_set_complete_callback
                0x10004d68        0xc CMakeFiles/blink.dir/Users/Nima/.pico-sdk/sdk/2.2.0/lib/tinyusb/src/device/usbd_control.c.o
                0x10004d68                usbd_control_set_complete_callback
 .text.usbd_control_set_request
                0x10004d74       0x1c CMakeFiles/blink.dir/Users/Nima/.pico-sdk/sdk/2.2.0/lib/tinyusb/src/device/usbd_control.c.o
                0x10004d74                usbd_control_set_request
 .text.usbd_control_xfer_cb
                0x10004d90      0x10c CMakeFiles/blink.dir/Users/Nima/.pico-sdk/sdk/2.2.0/lib/tinyusb/src/device/usbd_control.c.o
                0x10004d90                usbd_control_xfer_cb
 .text._prep_out_transaction
                0x10004e9c       0x94 CMakeFiles/blink.dir/Users/Nima/.pico-sdk/sdk/2.2.0/lib/tinyusb/src/class/cdc/cdc_device.c.o
 .text.tud_cdc_n_connected
                0x10004f30       0x34 CMakeFiles/blink.dir/Users/Nima/.pico-sdk/sdk/2.2.0/lib/tinyusb/src/class/cdc/cdc_device.c.o
                0x10004f30                tud_cdc_n_connected
 .text.tud_cdc_n_available
                0x10004f64       0x18 CMakeFiles/blink.dir/Users/Nima/.pico-sdk/sdk/2.2.0/lib/tinyusb/src/class/cdc/cdc_device.c.o
                0x10004f64                tud_cdc_n_available
 .text.tud_cdc_n_read
                0x10004f7c       0x34 CMakeFiles/blink.dir/Users/Nima/.pico-sdk/sdk/2.2.0/lib/tinyusb/src/class/cdc/cdc_device.c.o
                0x10004f7c                tud_cdc_n_read
 .text.tud_cdc_n_write_flush
                0x10004fb0       0xb8 CMakeFiles/blink.dir/Users/Nima/.pico-sdk/sdk/2.2.0/lib/tinyusb/src/class/cdc/cdc_device.c.o
                0x10004fb0                tud_cdc_n_write_flush
 .text.tud_cdc_n_write
                0x10005068       0x44 CMakeFiles/blink.dir/Users/Nima/.pico-sdk/sdk/2.2.0/lib/tinyusb/src/class/cdc/cdc_device.c.o
                0x10005068                tud_cdc_n_write
 .text.tud_cdc_n_write_available
                0x100050ac       0x1c CMakeFiles/blink.dir/Users/Nima/.pico-sdk/sdk/2.2.0/lib/tinyusb/src/class/cdc/cdc_device.c.o
                0x100050ac                tud_cdc_n_write_available
 .text.cdcd_init
                0x100050c8       0xa4 CMakeFiles/blink.dir/Users/Nima/.pico-sdk/sdk/2.2.0/lib/tinyusb/src/class/cdc/cdc_device.c.o
                0x100050c8                cdcd_init
 .text.cdcd_deinit
                0x1000516c       0x40 CMakeFiles/blink.dir/Users/Nima/.pico-sdk/sdk/2.2.0/lib/tinyusb/src/class/cdc/cdc_device.c.o
                0x1000516c                cdcd_deinit
 .text.cdcd_reset
                0x100051ac       0x78 CMakeFiles/blink.dir/Users/Nima/.pico-sdk/sdk/2.2.0/lib/tinyusb/src/class/cdc/cdc_device.c.o
                0x100051ac                cdcd_reset
 .text.cdcd_open
                0x10005224      0x124 CMakeFiles/blink.dir/Users/Nima/.pico-sdk/sdk/2.2.0/lib/tinyusb/src/class/cdc/cdc_device.c.o
                0x10005224                cdcd_open
 .text.cdcd_control_xfer_cb
                0x10005348      0x120 CMakeFiles/blink.dir/Users/Nima/.pico-sdk/sdk/2.2.0/lib/tinyusb/src/class/cdc/cdc_device.c.o
                0x10005348                cdcd_control_xfer_cb
 .text.cdcd_xfer_cb
                0x10005468      0x138 CMakeFiles/blink.dir/Users/Nima/.pico-sdk/sdk/2.2.0/lib/tinyusb/src/class/cdc/cdc_device.c.o
                0x10005468                cdcd_xfer_cb
 .text.tud_vendor_n_mounted
                0x100055a0       0x30 CMakeFiles/blink.dir/Users/Nima/.pico-sdk/sdk/2.2.0/lib/tinyusb/src/class/vendor/vendor_device.c.o
                0x100055a0                tud_vendor_n_mounted
 .text.tud_vendor_n_write_flush
                0x100055d0       0x20 CMakeFiles/blink.dir/Users/Nima/.pico-sdk/sdk/2.2.0/lib/tinyusb/src/class/vendor/vendor_device.c.o
                0x100055d0                tud_vendor_n_write_flush
 .text.vendord_init
                0x100055f0       0x90 CMakeFiles/blink.dir/Users/Nima/.pico-sdk/sdk/2.2.0/lib/tinyusb/src/class/vendor/vendor_device.c.o
                0x100055f0                vendord_init
 .text.vendord_deinit
                0x10005680       0x30 CMakeFiles/blink.dir/Users/Nima/.pico-sdk/sdk/2.2.0/lib/tinyusb/src/class/vendor/vendor_device.c.o
                0x10005680                vendord_deinit
 .text.vendord_reset
                0x100056b0       0x48 CMakeFiles/blink.dir/Users/Nima/.pico-sdk/sdk/2.2.0/lib/tinyusb/src/class/vendor/vendor_device.c.o
                0x100056b0                vendord_reset
 .text.vendord_open
                0x100056f8      0x144 CMakeFiles/blink.dir/Users/Nima/.pico-sdk/sdk/2.2.0/lib/tinyusb/src/class/vendor/vendor_device.c.o
                0x100056f8                vendord_open
 .text.vendord_xfer_cb
                0x1000583c       0xb8 CMakeFiles/blink.dir/Users/Nima/.pico-sdk/sdk/2.2.0/lib/tinyusb/src/class/vendor/vendor_device.c.o
                0x1000583c                vendord_xfer_cb
 .text.tusb_rhport_init
                0x100058f4       0xac CMakeFiles/blink.dir/Users/Nima/.pico-sdk/sdk/2.2.0/lib/tinyusb/src/tusb.c.o
                0x100058f4                tusb_rhport_init
 .text.tu_edpt_claim
                0x100059a0       0x50 CMakeFiles/blink.dir/Users/Nima/.pico-sdk/sdk/2.2.0/lib/tinyusb/src/tusb.c.o
                0x100059a0                tu_edpt_claim
 .text.tu_edpt_release
                0x100059f0       0x3c CMakeFiles/blink.dir/Users/Nima/.pico-sdk/sdk/2.2.0/lib/tinyusb/src/tusb.c.o
                0x100059f0                tu_edpt_release
 .text.tu_edpt_validate
                0x10005a2c       0xe0 CMakeFiles/blink.dir/Users/Nima/.pico-sdk/sdk/2.2.0/lib/tinyusb/src/tusb.c.o
                0x10005a2c                tu_edpt_validate
 .text.tu_edpt_bind_driver
                0x10005b0c       0x4a CMakeFiles/blink.dir/Users/Nima/.pico-sdk/sdk/2.2.0/lib/tinyusb/src/tusb.c.o
                0x10005b0c                tu_edpt_bind_driver
 .text.tu_edpt_stream_init
                0x10005b56       0x54 CMakeFiles/blink.dir/Users/Nima/.pico-sdk/sdk/2.2.0/lib/tinyusb/src/tusb.c.o
                0x10005b56                tu_edpt_stream_init
 .text.tu_edpt_stream_deinit
                0x10005baa        0x4 CMakeFiles/blink.dir/Users/Nima/.pico-sdk/sdk/2.2.0/lib/tinyusb/src/tusb.c.o
                0x10005baa                tu_edpt_stream_deinit
 *fill*         0x10005bae        0x2 
 .text.tu_edpt_stream_write_zlp_if_needed
                0x10005bb0       0x90 CMakeFiles/blink.dir/Users/Nima/.pico-sdk/sdk/2.2.0/lib/tinyusb/src/tusb.c.o
                0x10005bb0                tu_edpt_stream_write_zlp_if_needed
 .text.tu_edpt_stream_write_xfer
                0x10005c40       0x98 CMakeFiles/blink.dir/Users/Nima/.pico-sdk/sdk/2.2.0/lib/tinyusb/src/tusb.c.o
                0x10005c40                tu_edpt_stream_write_xfer
 .text.tu_edpt_stream_read_xfer
                0x10005cd8      0x118 CMakeFiles/blink.dir/Users/Nima/.pico-sdk/sdk/2.2.0/lib/tinyusb/src/tusb.c.o
                0x10005cd8                tu_edpt_stream_read_xfer
 .text.advance_index
                0x10005df0       0x1a CMakeFiles/blink.dir/Users/Nima/.pico-sdk/sdk/2.2.0/lib/tinyusb/src/common/tusb_fifo.c.o
 .text._tu_fifo_peek
                0x10005e0a       0x62 CMakeFiles/blink.dir/Users/Nima/.pico-sdk/sdk/2.2.0/lib/tinyusb/src/common/tusb_fifo.c.o
 .text._ff_pull_n
                0x10005e6c       0x68 CMakeFiles/blink.dir/Users/Nima/.pico-sdk/sdk/2.2.0/lib/tinyusb/src/common/tusb_fifo.c.o
 .text._tu_fifo_peek_n
                0x10005ed4       0x6a CMakeFiles/blink.dir/Users/Nima/.pico-sdk/sdk/2.2.0/lib/tinyusb/src/common/tusb_fifo.c.o
 .text._tu_fifo_read_n
                0x10005f3e       0x4c CMakeFiles/blink.dir/Users/Nima/.pico-sdk/sdk/2.2.0/lib/tinyusb/src/common/tusb_fifo.c.o
 .text._ff_push_n
                0x10005f8a       0x66 CMakeFiles/blink.dir/Users/Nima/.pico-sdk/sdk/2.2.0/lib/tinyusb/src/common/tusb_fifo.c.o
 .text._tu_fifo_write_n
                0x10005ff0       0xf0 CMakeFiles/blink.dir/Users/Nima/.pico-sdk/sdk/2.2.0/lib/tinyusb/src/common/tusb_fifo.c.o
 .text.tu_fifo_config
                0x100060e0       0x62 CMakeFiles/blink.dir/Users/Nima/.pico-sdk/sdk/2.2.0/lib/tinyusb/src/common/tusb_fifo.c.o
                0x100060e0                tu_fifo_config
 .text.tu_fifo_count
                0x10006142       0x28 CMakeFiles/blink.dir/Users/Nima/.pico-sdk/sdk/2.2.0/lib/tinyusb/src/common/tusb_fifo.c.o
                0x10006142                tu_fifo_count
 .text.tu_fifo_empty
                0x1000616a       0x12 CMakeFiles/blink.dir/Users/Nima/.pico-sdk/sdk/2.2.0/lib/tinyusb/src/common/tusb_fifo.c.o
                0x1000616a                tu_fifo_empty
 .text.tu_fifo_full
                0x1000617c       0x28 CMakeFiles/blink.dir/Users/Nima/.pico-sdk/sdk/2.2.0/lib/tinyusb/src/common/tusb_fifo.c.o
                0x1000617c                tu_fifo_full
 .text.tu_fifo_remaining
                0x100061a4       0x2c CMakeFiles/blink.dir/Users/Nima/.pico-sdk/sdk/2.2.0/lib/tinyusb/src/common/tusb_fifo.c.o
                0x100061a4                tu_fifo_remaining
 .text.tu_fifo_read
                0x100061d0       0x3e CMakeFiles/blink.dir/Users/Nima/.pico-sdk/sdk/2.2.0/lib/tinyusb/src/common/tusb_fifo.c.o
                0x100061d0                tu_fifo_read
 .text.tu_fifo_read_n
                0x1000620e        0xa CMakeFiles/blink.dir/Users/Nima/.pico-sdk/sdk/2.2.0/lib/tinyusb/src/common/tusb_fifo.c.o
                0x1000620e                tu_fifo_read_n
 .text.tu_fifo_write
                0x10006218       0x5e CMakeFiles/blink.dir/Users/Nima/.pico-sdk/sdk/2.2.0/lib/tinyusb/src/common/tusb_fifo.c.o
                0x10006218                tu_fifo_write
 .text.tu_fifo_write_n
                0x10006276        0xa CMakeFiles/blink.dir/Users/Nima/.pico-sdk/sdk/2.2.0/lib/tinyusb/src/common/tusb_fifo.c.o
                0x10006276                tu_fifo_write_n
 .text.tu_fifo_clear
                0x10006280       0x36 CMakeFiles/blink.dir/Users/Nima/.pico-sdk/sdk/2.2.0/lib/tinyusb/src/common/tusb_fifo.c.o
                0x10006280                tu_fifo_clear
 .text.tu_fifo_set_overwritable
                0x100062b6       0x3a CMakeFiles/blink.dir/Users/Nima/.pico-sdk/sdk/2.2.0/lib/tinyusb/src/common/tusb_fifo.c.o
                0x100062b6                tu_fifo_set_overwritable
 .text.cyw43_arch_set_async_context
                0x100062f0        0xc CMakeFiles/blink.dir/Users/Nima/.pico-sdk/sdk/2.2.0/src/rp2_common/pico_cyw43_arch/cyw43_arch.c.o
                0x100062f0                cyw43_arch_set_async_context
 .text.cyw43_arch_gpio_put
                0x100062fc       0x14 CMakeFiles/blink.dir/Users/Nima/.pico-sdk/sdk/2.2.0/src/rp2_common/pico_cyw43_arch/cyw43_arch.c.o
                0x100062fc                cyw43_arch_gpio_put
 .text.cyw43_arch_async_context
                0x10006310        0xc CMakeFiles/blink.dir/Users/Nima/.pico-sdk/sdk/2.2.0/src/rp2_common/pico_cyw43_arch/cyw43_arch.c.o
                0x10006310                cyw43_arch_async_context
 .text.cyw43_arch_init_default_async_context
                0x1000631c       0x20 CMakeFiles/blink.dir/Users/Nima/.pico-sdk/sdk/2.2.0/src/rp2_common/pico_cyw43_arch/cyw43_arch_threadsafe_background.c.o
                0x1000631c                cyw43_arch_init_default_async_context
 .text.cyw43_arch_deinit
                0x1000633c       0x28 CMakeFiles/blink.dir/Users/Nima/.pico-sdk/sdk/2.2.0/src/rp2_common/pico_cyw43_arch/cyw43_arch_threadsafe_background.c.o
                0x1000633c                cyw43_arch_deinit
 .text.cyw43_arch_init
                0x10006364       0x34 CMakeFiles/blink.dir/Users/Nima/.pico-sdk/sdk/2.2.0/src/rp2_common/pico_cyw43_arch/cyw43_arch_threadsafe_background.c.o
                0x10006364                cyw43_arch_init
 .text.pio_get_default_sm_config
                0x10006398       0x24 CMakeFiles/blink.dir/Users/Nima/.pico-sdk/sdk/2.2.0/src/rp2_common/pico_cyw43_driver/cyw43_bus_pio_spi.c.o
 .text.spi_gap01_sample0_program_get_default_config
                0x100063bc       0x32 CMakeFiles/blink.dir/Users/Nima/.pico-sdk/sdk/2.2.0/src/rp2_common/pico_cyw43_driver/cyw43_bus_pio_spi.c.o
 .text.cs_set   0x100063ee        0x8 CMakeFiles/blink.dir/Users/Nima/.pico-sdk/sdk/2.2.0/src/rp2_common/pico_cyw43_driver/cyw43_bus_pio_spi.c.o
 *fill*         0x100063f6        0x2 
 .text.channel_config_set_chain_to
                0x100063f8       0x30 CMakeFiles/blink.dir/Users/Nima/.pico-sdk/sdk/2.2.0/src/rp2_common/pico_cyw43_driver/cyw43_bus_pio_spi.c.o
 .text.dma_channel_get_default_config
                0x10006428       0x78 CMakeFiles/blink.dir/Users/Nima/.pico-sdk/sdk/2.2.0/src/rp2_common/pico_cyw43_driver/cyw43_bus_pio_spi.c.o
 .text.channel_config_set_dreq
                0x100064a0       0x30 CMakeFiles/blink.dir/Users/Nima/.pico-sdk/sdk/2.2.0/src/rp2_common/pico_cyw43_driver/cyw43_bus_pio_spi.c.o
 .text.start_spi_comms
                0x100064d0       0x44 CMakeFiles/blink.dir/Users/Nima/.pico-sdk/sdk/2.2.0/src/rp2_common/pico_cyw43_driver/cyw43_bus_pio_spi.c.o
 .text.ns_delay
                0x10006514       0x24 CMakeFiles/blink.dir/Users/Nima/.pico-sdk/sdk/2.2.0/src/rp2_common/pico_cyw43_driver/cyw43_bus_pio_spi.c.o
 .text.stop_spi_comms
                0x10006538       0x10 CMakeFiles/blink.dir/Users/Nima/.pico-sdk/sdk/2.2.0/src/rp2_common/pico_cyw43_driver/cyw43_bus_pio_spi.c.o
 .text.cyw43_spi_deinit
                0x10006548       0x5c CMakeFiles/blink.dir/Users/Nima/.pico-sdk/sdk/2.2.0/src/rp2_common/pico_cyw43_driver/cyw43_bus_pio_spi.c.o
                0x10006548                cyw43_spi_deinit
 .text.cyw43_spi_init
                0x100065a4      0x1d8 CMakeFiles/blink.dir/Users/Nima/.pico-sdk/sdk/2.2.0/src/rp2_common/pico_cyw43_driver/cyw43_bus_pio_spi.c.o
                0x100065a4                cyw43_spi_init
 .text.cyw43_spi_transfer
                0x1000677c      0x4c0 CMakeFiles/blink.dir/Users/Nima/.pico-sdk/sdk/2.2.0/src/rp2_common/pico_cyw43_driver/cyw43_bus_pio_spi.c.o
                0x1000677c                cyw43_spi_transfer
 .text._cyw43_read_reg
                0x10006c3c       0x4c CMakeFiles/blink.dir/Users/Nima/.pico-sdk/sdk/2.2.0/src/rp2_common/pico_cyw43_driver/cyw43_bus_pio_spi.c.o
 .text._cyw43_write_reg
                0x10006c88       0x30 CMakeFiles/blink.dir/Users/Nima/.pico-sdk/sdk/2.2.0/src/rp2_common/pico_cyw43_driver/cyw43_bus_pio_spi.c.o
 .text.cyw43_spi_gpio_setup
                0x10006cb8       0x3e CMakeFiles/blink.dir/Users/Nima/.pico-sdk/sdk/2.2.0/src/rp2_common/pico_cyw43_driver/cyw43_bus_pio_spi.c.o
                0x10006cb8                cyw43_spi_gpio_setup
 .text.cyw43_spi_reset
                0x10006cf6       0x2e CMakeFiles/blink.dir/Users/Nima/.pico-sdk/sdk/2.2.0/src/rp2_common/pico_cyw43_driver/cyw43_bus_pio_spi.c.o
                0x10006cf6                cyw43_spi_reset
 .text.read_reg_u32_swap
                0x10006d24       0x5c CMakeFiles/blink.dir/Users/Nima/.pico-sdk/sdk/2.2.0/src/rp2_common/pico_cyw43_driver/cyw43_bus_pio_spi.c.o
                0x10006d24                read_reg_u32_swap
 .text.cyw43_read_reg_u32
                0x10006d80        0xa CMakeFiles/blink.dir/Users/Nima/.pico-sdk/sdk/2.2.0/src/rp2_common/pico_cyw43_driver/cyw43_bus_pio_spi.c.o
                0x10006d80                cyw43_read_reg_u32
 .text.cyw43_read_reg_u16
                0x10006d8a        0xa CMakeFiles/blink.dir/Users/Nima/.pico-sdk/sdk/2.2.0/src/rp2_common/pico_cyw43_driver/cyw43_bus_pio_spi.c.o
                0x10006d8a                cyw43_read_reg_u16
 .text.cyw43_read_reg_u8
                0x10006d94        0xa CMakeFiles/blink.dir/Users/Nima/.pico-sdk/sdk/2.2.0/src/rp2_common/pico_cyw43_driver/cyw43_bus_pio_spi.c.o
                0x10006d94                cyw43_read_reg_u8
 *fill*         0x10006d9e        0x2 
 .text.write_reg_u32_swap
                0x10006da0       0x38 CMakeFiles/blink.dir/Users/Nima/.pico-sdk/sdk/2.2.0/src/rp2_common/pico_cyw43_driver/cyw43_bus_pio_spi.c.o
                0x10006da0                write_reg_u32_swap
 .text.cyw43_write_reg_u32
                0x10006dd8       0x10 CMakeFiles/blink.dir/Users/Nima/.pico-sdk/sdk/2.2.0/src/rp2_common/pico_cyw43_driver/cyw43_bus_pio_spi.c.o
                0x10006dd8                cyw43_write_reg_u32
 .text.cyw43_write_reg_u16
                0x10006de8       0x10 CMakeFiles/blink.dir/Users/Nima/.pico-sdk/sdk/2.2.0/src/rp2_common/pico_cyw43_driver/cyw43_bus_pio_spi.c.o
                0x10006de8                cyw43_write_reg_u16
 .text.cyw43_write_reg_u8
                0x10006df8       0x10 CMakeFiles/blink.dir/Users/Nima/.pico-sdk/sdk/2.2.0/src/rp2_common/pico_cyw43_driver/cyw43_bus_pio_spi.c.o
                0x10006df8                cyw43_write_reg_u8
 .text.cyw43_read_bytes
                0x10006e08       0xd8 CMakeFiles/blink.dir/Users/Nima/.pico-sdk/sdk/2.2.0/src/rp2_common/pico_cyw43_driver/cyw43_bus_pio_spi.c.o
                0x10006e08                cyw43_read_bytes
 .text.cyw43_write_bytes
                0x10006ee0      0x110 CMakeFiles/blink.dir/Users/Nima/.pico-sdk/sdk/2.2.0/src/rp2_common/pico_cyw43_driver/cyw43_bus_pio_spi.c.o
                0x10006ee0                cyw43_write_bytes
 .text.get_core_address
                0x10006ff0       0x1c CMakeFiles/blink.dir/Users/Nima/.pico-sdk/sdk/2.2.0/lib/cyw43-driver/src/cyw43_ll.c.o
 .text.sdpcm_process_rx_packet
                0x1000700c      0x17c CMakeFiles/blink.dir/Users/Nima/.pico-sdk/sdk/2.2.0/lib/cyw43-driver/src/cyw43_ll.c.o
 .text.cyw43_ll_wifi_parse_scan_result
                0x10007188       0x98 CMakeFiles/blink.dir/Users/Nima/.pico-sdk/sdk/2.2.0/lib/cyw43-driver/src/cyw43_ll.c.o
 .text.cyw43_ll_parse_async_event
                0x10007220       0x9c CMakeFiles/blink.dir/Users/Nima/.pico-sdk/sdk/2.2.0/lib/cyw43-driver/src/cyw43_ll.c.o
 .text.cyw43_kso_set
                0x100072bc       0x8c CMakeFiles/blink.dir/Users/Nima/.pico-sdk/sdk/2.2.0/lib/cyw43-driver/src/cyw43_ll.c.o
 .text.cyw43_ll_bus_sleep_helper
                0x10007348        0xc CMakeFiles/blink.dir/Users/Nima/.pico-sdk/sdk/2.2.0/lib/cyw43-driver/src/cyw43_ll.c.o
 .text.cyw43_read_reg
                0x10007354       0x48 CMakeFiles/blink.dir/Users/Nima/.pico-sdk/sdk/2.2.0/lib/cyw43-driver/src/cyw43_ll.c.o
 .text.cyw43_write_reg
                0x1000739c       0x4c CMakeFiles/blink.dir/Users/Nima/.pico-sdk/sdk/2.2.0/lib/cyw43-driver/src/cyw43_ll.c.o
 .text.cyw43_set_backplane_window
                0x100073e8       0x78 CMakeFiles/blink.dir/Users/Nima/.pico-sdk/sdk/2.2.0/lib/cyw43-driver/src/cyw43_ll.c.o
 .text.cyw43_read_backplane
                0x10007460       0x2e CMakeFiles/blink.dir/Users/Nima/.pico-sdk/sdk/2.2.0/lib/cyw43-driver/src/cyw43_ll.c.o
 *fill*         0x1000748e        0x2 
 .text.disable_device_core
                0x10007490       0x3c CMakeFiles/blink.dir/Users/Nima/.pico-sdk/sdk/2.2.0/lib/cyw43-driver/src/cyw43_ll.c.o
 .text.device_core_is_up
                0x100074cc       0x48 CMakeFiles/blink.dir/Users/Nima/.pico-sdk/sdk/2.2.0/lib/cyw43-driver/src/cyw43_ll.c.o
 .text.cyw43_download_resource
                0x10007514       0x98 CMakeFiles/blink.dir/Users/Nima/.pico-sdk/sdk/2.2.0/lib/cyw43-driver/src/cyw43_ll.c.o
 .text.cyw43_write_backplane
                0x100075ac       0x32 CMakeFiles/blink.dir/Users/Nima/.pico-sdk/sdk/2.2.0/lib/cyw43-driver/src/cyw43_ll.c.o
 .text.reset_device_core
                0x100075de       0x6c CMakeFiles/blink.dir/Users/Nima/.pico-sdk/sdk/2.2.0/lib/cyw43-driver/src/cyw43_ll.c.o
 *fill*         0x1000764a        0x2 
 .text.cyw43_check_valid_chipset_firmware
                0x1000764c       0x64 CMakeFiles/blink.dir/Users/Nima/.pico-sdk/sdk/2.2.0/lib/cyw43-driver/src/cyw43_ll.c.o
 .text.cyw43_ll_init
                0x100076b0       0x1a CMakeFiles/blink.dir/Users/Nima/.pico-sdk/sdk/2.2.0/lib/cyw43-driver/src/cyw43_ll.c.o
                0x100076b0                cyw43_ll_init
 .text.cyw43_ll_deinit
                0x100076ca        0x8 CMakeFiles/blink.dir/Users/Nima/.pico-sdk/sdk/2.2.0/lib/cyw43-driver/src/cyw43_ll.c.o
                0x100076ca                cyw43_ll_deinit
 .text.cyw43_ll_bus_sleep
                0x100076d2       0x30 CMakeFiles/blink.dir/Users/Nima/.pico-sdk/sdk/2.2.0/lib/cyw43-driver/src/cyw43_ll.c.o
                0x100076d2                cyw43_ll_bus_sleep
 *fill*         0x10007702        0x2 
 .text.cyw43_ll_sdpcm_poll_device
                0x10007704      0x158 CMakeFiles/blink.dir/Users/Nima/.pico-sdk/sdk/2.2.0/lib/cyw43-driver/src/cyw43_ll.c.o
 .text.cyw43_ll_process_packets
                0x1000785c       0x84 CMakeFiles/blink.dir/Users/Nima/.pico-sdk/sdk/2.2.0/lib/cyw43-driver/src/cyw43_ll.c.o
                0x1000785c                cyw43_ll_process_packets
 .text.cyw43_sdpcm_send_common
                0x100078e0      0x10c CMakeFiles/blink.dir/Users/Nima/.pico-sdk/sdk/2.2.0/lib/cyw43-driver/src/cyw43_ll.c.o
 .text.cyw43_send_ioctl
                0x100079ec       0x4e CMakeFiles/blink.dir/Users/Nima/.pico-sdk/sdk/2.2.0/lib/cyw43-driver/src/cyw43_ll.c.o
 *fill*         0x10007a3a        0x2 
 .text.cyw43_do_ioctl
                0x10007a3c       0xc4 CMakeFiles/blink.dir/Users/Nima/.pico-sdk/sdk/2.2.0/lib/cyw43-driver/src/cyw43_ll.c.o
 .text.cyw43_ll_ioctl
                0x10007b00       0x1e CMakeFiles/blink.dir/Users/Nima/.pico-sdk/sdk/2.2.0/lib/cyw43-driver/src/cyw43_ll.c.o
                0x10007b00                cyw43_ll_ioctl
 *fill*         0x10007b1e        0x2 
 .text.cyw43_clm_load
                0x10007b20       0xc8 CMakeFiles/blink.dir/Users/Nima/.pico-sdk/sdk/2.2.0/lib/cyw43-driver/src/cyw43_ll.c.o
 .text.cyw43_write_iovar_u32
                0x10007be8       0x56 CMakeFiles/blink.dir/Users/Nima/.pico-sdk/sdk/2.2.0/lib/cyw43-driver/src/cyw43_ll.c.o
 .text.cyw43_write_iovar_n
                0x10007c3e       0x4c CMakeFiles/blink.dir/Users/Nima/.pico-sdk/sdk/2.2.0/lib/cyw43-driver/src/cyw43_ll.c.o
 .text.cyw43_set_ioctl_u32
                0x10007c8a       0x34 CMakeFiles/blink.dir/Users/Nima/.pico-sdk/sdk/2.2.0/lib/cyw43-driver/src/cyw43_ll.c.o
 .text.cyw43_write_iovar_u32_u32
                0x10007cbe       0x6a CMakeFiles/blink.dir/Users/Nima/.pico-sdk/sdk/2.2.0/lib/cyw43-driver/src/cyw43_ll.c.o
 .text.cyw43_ll_wifi_get_mac
                0x10007d28       0x44 CMakeFiles/blink.dir/Users/Nima/.pico-sdk/sdk/2.2.0/lib/cyw43-driver/src/cyw43_ll.c.o
                0x10007d28                cyw43_ll_wifi_get_mac
 .text.cyw43_ll_bus_init
                0x10007d6c      0x360 CMakeFiles/blink.dir/Users/Nima/.pico-sdk/sdk/2.2.0/lib/cyw43-driver/src/cyw43_ll.c.o
                0x10007d6c                cyw43_ll_bus_init
 .text.cyw43_ll_wifi_set_wpa_auth
                0x100080cc        0xe CMakeFiles/blink.dir/Users/Nima/.pico-sdk/sdk/2.2.0/lib/cyw43-driver/src/cyw43_ll.c.o
                0x100080cc                cyw43_ll_wifi_set_wpa_auth
 .text.cyw43_ll_wifi_rejoin
                0x100080da       0x1e CMakeFiles/blink.dir/Users/Nima/.pico-sdk/sdk/2.2.0/lib/cyw43-driver/src/cyw43_ll.c.o
                0x100080da                cyw43_ll_wifi_rejoin
 .text.cyw43_ll_gpio_set
                0x100080f8       0x34 CMakeFiles/blink.dir/Users/Nima/.pico-sdk/sdk/2.2.0/lib/cyw43-driver/src/cyw43_ll.c.o
                0x100080f8                cyw43_ll_gpio_set
 .text.cyw43_ll_has_work
                0x1000812c       0x12 CMakeFiles/blink.dir/Users/Nima/.pico-sdk/sdk/2.2.0/lib/cyw43-driver/src/cyw43_ll.c.o
                0x1000812c                cyw43_ll_has_work
 *fill*         0x1000813e        0x2 
 .text.cyw43_poll_func
                0x10008140       0x94 CMakeFiles/blink.dir/Users/Nima/.pico-sdk/sdk/2.2.0/lib/cyw43-driver/src/cyw43_ctrl.c.o
 .text.cyw43_hal_ticks_ms
                0x100081d4       0x24 CMakeFiles/blink.dir/Users/Nima/.pico-sdk/sdk/2.2.0/lib/cyw43-driver/src/cyw43_ctrl.c.o
 .text.cyw43_dump_async_event
                0x100081f8       0x54 CMakeFiles/blink.dir/Users/Nima/.pico-sdk/sdk/2.2.0/lib/cyw43-driver/src/cyw43_ctrl.c.o
 .text.cyw43_ensure_up
                0x1000824c       0xcc CMakeFiles/blink.dir/Users/Nima/.pico-sdk/sdk/2.2.0/lib/cyw43-driver/src/cyw43_ctrl.c.o
 .text.cyw43_init
                0x10008318       0x6c CMakeFiles/blink.dir/Users/Nima/.pico-sdk/sdk/2.2.0/lib/cyw43-driver/src/cyw43_ctrl.c.o
                0x10008318                cyw43_init
 .text.cyw43_deinit
                0x10008384       0x3c CMakeFiles/blink.dir/Users/Nima/.pico-sdk/sdk/2.2.0/lib/cyw43-driver/src/cyw43_ctrl.c.o
                0x10008384                cyw43_deinit
 .text.cyw43_cb_read_host_interrupt_pin
                0x100083c0        0xc CMakeFiles/blink.dir/Users/Nima/.pico-sdk/sdk/2.2.0/lib/cyw43-driver/src/cyw43_ctrl.c.o
                0x100083c0                cyw43_cb_read_host_interrupt_pin
 .text.cyw43_cb_ensure_awake
                0x100083cc        0xc CMakeFiles/blink.dir/Users/Nima/.pico-sdk/sdk/2.2.0/lib/cyw43-driver/src/cyw43_ctrl.c.o
                0x100083cc                cyw43_cb_ensure_awake
 .text.cyw43_cb_process_async_event
                0x100083d8      0x1cc CMakeFiles/blink.dir/Users/Nima/.pico-sdk/sdk/2.2.0/lib/cyw43-driver/src/cyw43_ctrl.c.o
                0x100083d8                cyw43_cb_process_async_event
 .text.cyw43_gpio_set
                0x100085a4       0x30 CMakeFiles/blink.dir/Users/Nima/.pico-sdk/sdk/2.2.0/lib/cyw43-driver/src/cyw43_ctrl.c.o
                0x100085a4                cyw43_gpio_set
 .text.pio_set_gpio_base_unsafe
                0x100085d4       0x34 CMakeFiles/blink.dir/Users/Nima/.pico-sdk/sdk/2.2.0/src/rp2_common/hardware_pio/pio.c.o
 .text.is_gpio_compatible
                0x10008608       0x22 CMakeFiles/blink.dir/Users/Nima/.pico-sdk/sdk/2.2.0/src/rp2_common/hardware_pio/pio.c.o
 .text.is_program_gpio_compatible
                0x1000862a        0xa CMakeFiles/blink.dir/Users/Nima/.pico-sdk/sdk/2.2.0/src/rp2_common/hardware_pio/pio.c.o
 .text.add_program_at_offset_check
                0x10008634       0x54 CMakeFiles/blink.dir/Users/Nima/.pico-sdk/sdk/2.2.0/src/rp2_common/hardware_pio/pio.c.o
 .text.add_program_at_offset
                0x10008688       0x60 CMakeFiles/blink.dir/Users/Nima/.pico-sdk/sdk/2.2.0/src/rp2_common/hardware_pio/pio.c.o
 .text.find_offset_for_program
                0x100086e8       0x78 CMakeFiles/blink.dir/Users/Nima/.pico-sdk/sdk/2.2.0/src/rp2_common/hardware_pio/pio.c.o
 .text.pio_sm_unclaim
                0x10008760       0x1c CMakeFiles/blink.dir/Users/Nima/.pico-sdk/sdk/2.2.0/src/rp2_common/hardware_pio/pio.c.o
                0x10008760                pio_sm_unclaim
 .text.pio_claim_unused_sm
                0x1000877c       0x38 CMakeFiles/blink.dir/Users/Nima/.pico-sdk/sdk/2.2.0/src/rp2_common/hardware_pio/pio.c.o
                0x1000877c                pio_claim_unused_sm
 .text.pio_remove_program
                0x100087b4       0x54 CMakeFiles/blink.dir/Users/Nima/.pico-sdk/sdk/2.2.0/src/rp2_common/hardware_pio/pio.c.o
                0x100087b4                pio_remove_program
 .text.pio_sm_set_pindirs_with_mask
                0x10008808       0x72 CMakeFiles/blink.dir/Users/Nima/.pico-sdk/sdk/2.2.0/src/rp2_common/hardware_pio/pio.c.o
                0x10008808                pio_sm_set_pindirs_with_mask
 .text.pio_sm_set_pindirs_with_mask64
                0x1000887a        0xa CMakeFiles/blink.dir/Users/Nima/.pico-sdk/sdk/2.2.0/src/rp2_common/hardware_pio/pio.c.o
                0x1000887a                pio_sm_set_pindirs_with_mask64
 .text.pio_sm_set_consecutive_pindirs
                0x10008884       0x9e CMakeFiles/blink.dir/Users/Nima/.pico-sdk/sdk/2.2.0/src/rp2_common/hardware_pio/pio.c.o
                0x10008884                pio_sm_set_consecutive_pindirs
 .text.pio_claim_free_sm_and_add_program_for_gpio_range
                0x10008922       0xee CMakeFiles/blink.dir/Users/Nima/.pico-sdk/sdk/2.2.0/src/rp2_common/hardware_pio/pio.c.o
                0x10008922                pio_claim_free_sm_and_add_program_for_gpio_range
 .text.pio_remove_program_and_unclaim_sm
                0x10008a10       0x1a CMakeFiles/blink.dir/Users/Nima/.pico-sdk/sdk/2.2.0/src/rp2_common/hardware_pio/pio.c.o
                0x10008a10                pio_remove_program_and_unclaim_sm
 *fill*         0x10008a2a        0x2 
 .text.dma_channel_unclaim
                0x10008a2c       0x10 CMakeFiles/blink.dir/Users/Nima/.pico-sdk/sdk/2.2.0/src/rp2_common/hardware_dma/dma.c.o
                0x10008a2c                dma_channel_unclaim
 .text.dma_claim_unused_channel
                0x10008a3c       0x24 CMakeFiles/blink.dir/Users/Nima/.pico-sdk/sdk/2.2.0/src/rp2_common/hardware_dma/dma.c.o
                0x10008a3c                dma_claim_unused_channel
 .text.dma_channel_cleanup
                0x10008a60       0x5c CMakeFiles/blink.dir/Users/Nima/.pico-sdk/sdk/2.2.0/src/rp2_common/hardware_dma/dma.c.o
                0x10008a60                dma_channel_cleanup
 .text.cyw43_sleep_timeout_reached
                0x10008abc       0x50 CMakeFiles/blink.dir/Users/Nima/.pico-sdk/sdk/2.2.0/src/rp2_common/pico_cyw43_driver/cyw43_driver.c.o
 .text.async_context_add_at_time_worker_in_ms
                0x10008b0c       0x5c CMakeFiles/blink.dir/Users/Nima/.pico-sdk/sdk/2.2.0/src/rp2_common/pico_cyw43_driver/cyw43_driver.c.o
 .text.cyw43_do_poll
                0x10008b68       0x70 CMakeFiles/blink.dir/Users/Nima/.pico-sdk/sdk/2.2.0/src/rp2_common/pico_cyw43_driver/cyw43_driver.c.o
 .text.cyw43_set_irq_enabled
                0x10008bd8        0xe CMakeFiles/blink.dir/Users/Nima/.pico-sdk/sdk/2.2.0/src/rp2_common/pico_cyw43_driver/cyw43_driver.c.o
 *fill*         0x10008be6        0x2 
 .text.cyw43_irq_init
                0x10008be8       0x50 CMakeFiles/blink.dir/Users/Nima/.pico-sdk/sdk/2.2.0/src/rp2_common/pico_cyw43_driver/cyw43_driver.c.o
                0x10008be8                cyw43_irq_init
 .text.cyw43_gpio_irq_handler
                0x10008c38       0x40 CMakeFiles/blink.dir/Users/Nima/.pico-sdk/sdk/2.2.0/src/rp2_common/pico_cyw43_driver/cyw43_driver.c.o
 .text.cyw43_irq_deinit
                0x10008c78       0x48 CMakeFiles/blink.dir/Users/Nima/.pico-sdk/sdk/2.2.0/src/rp2_common/pico_cyw43_driver/cyw43_driver.c.o
                0x10008c78                cyw43_irq_deinit
 .text.no_lwip_fail
                0x10008cc0        0xc CMakeFiles/blink.dir/Users/Nima/.pico-sdk/sdk/2.2.0/src/rp2_common/pico_cyw43_driver/cyw43_driver.c.o
 .text.cyw43_post_poll_hook
                0x10008ccc       0x38 CMakeFiles/blink.dir/Users/Nima/.pico-sdk/sdk/2.2.0/src/rp2_common/pico_cyw43_driver/cyw43_driver.c.o
                0x10008ccc                cyw43_post_poll_hook
 .text.cyw43_schedule_internal_poll_dispatch
                0x10008d04       0x3c CMakeFiles/blink.dir/Users/Nima/.pico-sdk/sdk/2.2.0/src/rp2_common/pico_cyw43_driver/cyw43_driver.c.o
                0x10008d04                cyw43_schedule_internal_poll_dispatch
 .text.cyw43_driver_init
                0x10008d40       0x38 CMakeFiles/blink.dir/Users/Nima/.pico-sdk/sdk/2.2.0/src/rp2_common/pico_cyw43_driver/cyw43_driver.c.o
                0x10008d40                cyw43_driver_init
 .text.cyw43_driver_deinit
                0x10008d78       0x68 CMakeFiles/blink.dir/Users/Nima/.pico-sdk/sdk/2.2.0/src/rp2_common/pico_cyw43_driver/cyw43_driver.c.o
                0x10008d78                cyw43_driver_deinit
 .text.cyw43_hal_generate_laa_mac
                0x10008de0       0x34 CMakeFiles/blink.dir/Users/Nima/.pico-sdk/sdk/2.2.0/src/rp2_common/pico_cyw43_driver/cyw43_driver.c.o
                0x10008de0                cyw43_hal_generate_laa_mac
 .text.cyw43_thread_enter
                0x10008e14       0x14 CMakeFiles/blink.dir/Users/Nima/.pico-sdk/sdk/2.2.0/src/rp2_common/pico_cyw43_driver/cyw43_driver.c.o
                0x10008e14                cyw43_thread_enter
 .text.cyw43_thread_exit
                0x10008e28       0x14 CMakeFiles/blink.dir/Users/Nima/.pico-sdk/sdk/2.2.0/src/rp2_common/pico_cyw43_driver/cyw43_driver.c.o
                0x10008e28                cyw43_thread_exit
 .text.cyw43_thread_lock_check
                0x10008e3c       0x14 CMakeFiles/blink.dir/Users/Nima/.pico-sdk/sdk/2.2.0/src/rp2_common/pico_cyw43_driver/cyw43_driver.c.o
                0x10008e3c                cyw43_thread_lock_check
 .text.cyw43_await_background_or_timeout_us
                0x10008e50       0x5c CMakeFiles/blink.dir/Users/Nima/.pico-sdk/sdk/2.2.0/src/rp2_common/pico_cyw43_driver/cyw43_driver.c.o
                0x10008e50                cyw43_await_background_or_timeout_us
 .text.cyw43_delay_ms
                0x10008eac       0x5c CMakeFiles/blink.dir/Users/Nima/.pico-sdk/sdk/2.2.0/src/rp2_common/pico_cyw43_driver/cyw43_driver.c.o
                0x10008eac                cyw43_delay_ms
 .text.cyw43_cb_tcpip_deinit
                0x10008f08        0x2 CMakeFiles/blink.dir/Users/Nima/.pico-sdk/sdk/2.2.0/src/rp2_common/pico_cyw43_driver/cyw43_driver.c.o
                0x10008f08                cyw43_cb_tcpip_deinit
 .text.cyw43_cb_tcpip_set_link_up
                0x10008f0a        0x6 CMakeFiles/blink.dir/Users/Nima/.pico-sdk/sdk/2.2.0/src/rp2_common/pico_cyw43_driver/cyw43_driver.c.o
                0x10008f0a                cyw43_cb_tcpip_set_link_up
 .text.cyw43_cb_tcpip_set_link_down
                0x10008f10        0x6 CMakeFiles/blink.dir/Users/Nima/.pico-sdk/sdk/2.2.0/src/rp2_common/pico_cyw43_driver/cyw43_driver.c.o
                0x10008f10                cyw43_cb_tcpip_set_link_down
 .text.cyw43_cb_process_ethernet
                0x10008f16        0x6 CMakeFiles/blink.dir/Users/Nima/.pico-sdk/sdk/2.2.0/src/rp2_common/pico_cyw43_driver/cyw43_driver.c.o
                0x10008f16                cyw43_cb_process_ethernet
 .text.async_context_threadsafe_background_acquire_lock_blocking
                0x10008f1c        0xa CMakeFiles/blink.dir/Users/Nima/.pico-sdk/sdk/2.2.0/src/rp2_common/pico_async_context/async_context_threadsafe_background.c.o
 .text.async_context_threadsafe_background_wake_up
                0x10008f26       0x16 CMakeFiles/blink.dir/Users/Nima/.pico-sdk/sdk/2.2.0/src/rp2_common/pico_async_context/async_context_threadsafe_background.c.o
 .text.alarm_handler
                0x10008f3c       0x14 CMakeFiles/blink.dir/Users/Nima/.pico-sdk/sdk/2.2.0/src/rp2_common/pico_async_context/async_context_threadsafe_background.c.o
 .text.async_context_threadsafe_background_set_work_pending
                0x10008f50        0xc CMakeFiles/blink.dir/Users/Nima/.pico-sdk/sdk/2.2.0/src/rp2_common/pico_async_context/async_context_threadsafe_background.c.o
 .text.async_context_threadsafe_background_lock_check
                0x10008f5c       0x24 CMakeFiles/blink.dir/Users/Nima/.pico-sdk/sdk/2.2.0/src/rp2_common/pico_async_context/async_context_threadsafe_background.c.o
 .text.process_under_lock
                0x10008f80       0xd0 CMakeFiles/blink.dir/Users/Nima/.pico-sdk/sdk/2.2.0/src/rp2_common/pico_async_context/async_context_threadsafe_background.c.o
 .text.lock_release
                0x10009050       0x1c CMakeFiles/blink.dir/Users/Nima/.pico-sdk/sdk/2.2.0/src/rp2_common/pico_async_context/async_context_threadsafe_background.c.o
 .text.async_context_threadsafe_background_execute_sync
                0x1000906c       0x1e CMakeFiles/blink.dir/Users/Nima/.pico-sdk/sdk/2.2.0/src/rp2_common/pico_async_context/async_context_threadsafe_background.c.o
                0x1000906c                async_context_threadsafe_background_execute_sync
 .text.async_context_threadsafe_background_release_lock
                0x1000908a        0x8 CMakeFiles/blink.dir/Users/Nima/.pico-sdk/sdk/2.2.0/src/rp2_common/pico_async_context/async_context_threadsafe_background.c.o
 *fill*         0x10009092        0x2 
 .text.low_prio_irq_deinit
                0x10009094       0x54 CMakeFiles/blink.dir/Users/Nima/.pico-sdk/sdk/2.2.0/src/rp2_common/pico_async_context/async_context_threadsafe_background.c.o
 .text.async_context_threadsafe_background_deinit
                0x100090e8       0x58 CMakeFiles/blink.dir/Users/Nima/.pico-sdk/sdk/2.2.0/src/rp2_common/pico_async_context/async_context_threadsafe_background.c.o
 .text.low_priority_irq_handler
                0x10009140       0x78 CMakeFiles/blink.dir/Users/Nima/.pico-sdk/sdk/2.2.0/src/rp2_common/pico_async_context/async_context_threadsafe_background.c.o
 .text.async_context_threadsafe_background_wait_for_work_until
                0x100091b8        0xa CMakeFiles/blink.dir/Users/Nima/.pico-sdk/sdk/2.2.0/src/rp2_common/pico_async_context/async_context_threadsafe_background.c.o
 .text.async_context_threadsafe_background_wait_until
                0x100091c2       0x1a CMakeFiles/blink.dir/Users/Nima/.pico-sdk/sdk/2.2.0/src/rp2_common/pico_async_context/async_context_threadsafe_background.c.o
 .text.async_context_threadsafe_background_when_pending_worker
                0x100091dc       0x20 CMakeFiles/blink.dir/Users/Nima/.pico-sdk/sdk/2.2.0/src/rp2_common/pico_async_context/async_context_threadsafe_background.c.o
 .text.async_context_threadsafe_background_add_when_pending_worker
                0x100091fc       0x20 CMakeFiles/blink.dir/Users/Nima/.pico-sdk/sdk/2.2.0/src/rp2_common/pico_async_context/async_context_threadsafe_background.c.o
 .text.async_context_threadsafe_background_remove_at_time_worker
                0x1000921c       0x20 CMakeFiles/blink.dir/Users/Nima/.pico-sdk/sdk/2.2.0/src/rp2_common/pico_async_context/async_context_threadsafe_background.c.o
 .text.async_context_threadsafe_background_add_at_time_worker
                0x1000923c       0x20 CMakeFiles/blink.dir/Users/Nima/.pico-sdk/sdk/2.2.0/src/rp2_common/pico_async_context/async_context_threadsafe_background.c.o
 .text.low_prio_irq_init
                0x1000925c       0x84 CMakeFiles/blink.dir/Users/Nima/.pico-sdk/sdk/2.2.0/src/rp2_common/pico_async_context/async_context_threadsafe_background.c.o
 .text.async_context_threadsafe_background_default_config
                0x100092e0        0xa CMakeFiles/blink.dir/Users/Nima/.pico-sdk/sdk/2.2.0/src/rp2_common/pico_async_context/async_context_threadsafe_background.c.o
                0x100092e0                async_context_threadsafe_background_default_config
 *fill*         0x100092ea        0x2 
 .text.async_context_threadsafe_background_init
                0x100092ec       0x74 CMakeFiles/blink.dir/Users/Nima/.pico-sdk/sdk/2.2.0/src/rp2_common/pico_async_context/async_context_threadsafe_background.c.o
                0x100092ec                async_context_threadsafe_background_init
 .text.async_context_base_add_at_time_worker
                0x10009360       0x20 CMakeFiles/blink.dir/Users/Nima/.pico-sdk/sdk/2.2.0/src/rp2_common/pico_async_context/async_context_base.c.o
                0x10009360                async_context_base_add_at_time_worker
 .text.async_context_base_remove_at_time_worker
                0x10009380       0x20 CMakeFiles/blink.dir/Users/Nima/.pico-sdk/sdk/2.2.0/src/rp2_common/pico_async_context/async_context_base.c.o
                0x10009380                async_context_base_remove_at_time_worker
 .text.async_context_base_add_when_pending_worker
                0x100093a0       0x1e CMakeFiles/blink.dir/Users/Nima/.pico-sdk/sdk/2.2.0/src/rp2_common/pico_async_context/async_context_base.c.o
                0x100093a0                async_context_base_add_when_pending_worker
 .text.async_context_base_remove_when_pending_worker
                0x100093be       0x1e CMakeFiles/blink.dir/Users/Nima/.pico-sdk/sdk/2.2.0/src/rp2_common/pico_async_context/async_context_base.c.o
                0x100093be                async_context_base_remove_when_pending_worker
 .text.async_context_base_remove_ready_at_time_worker
                0x100093dc       0x70 CMakeFiles/blink.dir/Users/Nima/.pico-sdk/sdk/2.2.0/src/rp2_common/pico_async_context/async_context_base.c.o
                0x100093dc                async_context_base_remove_ready_at_time_worker
 .text.async_context_base_refresh_next_timeout
                0x1000944c       0x3c CMakeFiles/blink.dir/Users/Nima/.pico-sdk/sdk/2.2.0/src/rp2_common/pico_async_context/async_context_base.c.o
                0x1000944c                async_context_base_refresh_next_timeout
 .text.async_context_base_execute_once
                0x10009488       0x40 CMakeFiles/blink.dir/Users/Nima/.pico-sdk/sdk/2.2.0/src/rp2_common/pico_async_context/async_context_base.c.o
                0x10009488                async_context_base_execute_once
 .text.memcmp   0x100094c8       0x5c /Users/Nima/.pico-sdk/toolchain/14_2_Rel1/bin/../lib/gcc/arm-none-eabi/14.2.1/../../../../arm-none-eabi/lib/thumb/v8-m.main+fp/softfp/libg.a(libc_a-memcmp.o)
                0x100094c8                memcmp
 .text.memmove  0x10009524       0xfc /Users/Nima/.pico-sdk/toolchain/14_2_Rel1/bin/../lib/gcc/arm-none-eabi/14.2.1/../../../../arm-none-eabi/lib/thumb/v8-m.main+fp/softfp/libg.a(libc_a-memmove.o)
                0x10009524                memmove
 .text.memset   0x10009620       0x9c /Users/Nima/.pico-sdk/toolchain/14_2_Rel1/bin/../lib/gcc/arm-none-eabi/14.2.1/../../../../arm-none-eabi/lib/thumb/v8-m.main+fp/softfp/libg.a(libc_a-memset.o)
                0x10009620                memset
 .text.strncmp  0x100096bc       0x74 /Users/Nima/.pico-sdk/toolchain/14_2_Rel1/bin/../lib/gcc/arm-none-eabi/14.2.1/../../../../arm-none-eabi/lib/thumb/v8-m.main+fp/softfp/libg.a(libc_a-strncmp.o)
                0x100096bc                strncmp
 .text          0x10009730       0xec /Users/Nima/.pico-sdk/toolchain/14_2_Rel1/bin/../lib/gcc/arm-none-eabi/14.2.1/../../../../arm-none-eabi/lib/thumb/v8-m.main+fp/softfp/libg.a(libc_a-memcpy.o)
                0x10009730                memcpy
 .text.strlen   0x1000981c       0x5c /Users/Nima/.pico-sdk/toolchain/14_2_Rel1/bin/../lib/gcc/arm-none-eabi/14.2.1/../../../../arm-none-eabi/lib/thumb/v8-m.main+fp/softfp/libg.a(libc_a-strlen-stub.o)
                0x1000981c                strlen
 *(.fini)
 .fini          0x10009878        0x4 /Users/Nima/.pico-sdk/toolchain/14_2_Rel1/bin/../lib/gcc/arm-none-eabi/14.2.1/thumb/v8-m.main+fp/softfp/crti.o
                0x10009878                _fini
 *fill*         0x1000987c        0x4 
 .fini.__stub   0x10009880       0x80 linker stubs
 *crtbegin.o(.ctors)
 *crtbegin?.o(.ctors)
 *(EXCLUDE_FILE(*crtend.o *crtend?.o) .ctors)
 *(SORT_BY_NAME(.ctors.*))
 *(.ctors)
 *crtbegin.o(.dtors)
 *crtbegin?.o(.dtors)
 *(EXCLUDE_FILE(*crtend.o *crtend?.o) .dtors)
 *(SORT_BY_NAME(.dtors.*))
 *(.dtors)
                0x10009900                        . = ALIGN (0x4)
                0x10009900                        PROVIDE (__preinit_array_start = .)
 *(SORT_BY_NAME(.preinit_array.*))
 .preinit_array.00050
                0x10009900        0x4 CMakeFiles/blink.dir/Users/Nima/.pico-sdk/sdk/2.2.0/src/rp2_common/pico_runtime_init/runtime_init.c.o
                0x10009900                __pre_init_runtime_init_bootrom_reset
 .preinit_array.00100
                0x10009904        0x4 CMakeFiles/blink.dir/Users/Nima/.pico-sdk/sdk/2.2.0/src/rp2_common/pico_runtime_init/runtime_init.c.o
                0x10009904                __pre_init_runtime_init_early_resets
 .preinit_array.00101
                0x10009908        0x4 CMakeFiles/blink.dir/Users/Nima/.pico-sdk/sdk/2.2.0/src/rp2_common/pico_runtime_init/runtime_init.c.o
                0x10009908                __pre_init_runtime_init_usb_power_down
 .preinit_array.00500
                0x1000990c        0x4 CMakeFiles/blink.dir/Users/Nima/.pico-sdk/sdk/2.2.0/src/rp2_common/pico_runtime_init/runtime_init.c.o